C:/Work/Starcounter/UniformDocs/build.cake(276,10): warning CS8321: The local function 'PathExists' is declared but never used

========================================
RestoreUniformDocs
========================================
MSBuild auto-detection: using msbuild version '4.0' from 'C:\Windows\Microsoft.NET\Framework\v4.0.30319'.

========================================
BuildUniformDocsI
========================================
Microsoft (R) Build Engine version 15.8.169+g1ccb72aefa for .NET Framework
Copyright (C) Microsoft Corporation. All rights reserved.

  UniformDocs -> C:\Work\Starcounter\UniformDocs\src\UniformDocs\bin\Debug\UniformDocs.exe
  Weaving C:\Work\Starcounter\UniformDocs\src\UniformDocs\bin\Debug\UniformDocs.exe -> obj\x64\Debug\.starcounter
Test\CardPageTest.cs(4,7): error CS0246: The type or namespace name 'NUnit' could not be found (are you missing a using directive or an assembly reference?) [C:\Work\Starcounter\UniformDocs\test\UniformDocs.Tests\UniformDocs.Tests.csproj]
Test\CardPageTest.cs(5,7): error CS0246: The type or namespace name 'OpenQA' could not be found (are you missing a using directive or an assembly reference?) [C:\Work\Starcounter\UniformDocs\test\UniformDocs.Tests\UniformDocs.Tests.csproj]
Test\MainPageTest.cs(4,7): error CS0246: The type or namespace name 'NUnit' could not be found (are you missing a using directive or an assembly reference?) [C:\Work\Starcounter\UniformDocs\test\UniformDocs.Tests\UniformDocs.Tests.csproj]
Test\MainPageTest.cs(5,7): error CS0246: The type or namespace name 'OpenQA' could not be found (are you missing a using directive or an assembly reference?) [C:\Work\Starcounter\UniformDocs\test\UniformDocs.Tests\UniformDocs.Tests.csproj]
Test\ClientLocalStatePageTest.cs(3,7): error CS0246: The type or namespace name 'NUnit' could not be found (are you missing a using directive or an assembly reference?) [C:\Work\Starcounter\UniformDocs\test\UniformDocs.Tests\UniformDocs.Tests.csproj]
Test\ProgressBarTest.cs(3,7): error CS0246: The type or namespace name 'NUnit' could not be found (are you missing a using directive or an assembly reference?) [C:\Work\Starcounter\UniformDocs\test\UniformDocs.Tests\UniformDocs.Tests.csproj]
Test\RadiolistPageTest.cs(3,7): error CS0246: The type or namespace name 'NUnit' could not be found (are you missing a using directive or an assembly reference?) [C:\Work\Starcounter\UniformDocs\test\UniformDocs.Tests\UniformDocs.Tests.csproj]
Test\RadioPageTest.cs(3,7): error CS0246: The type or namespace name 'NUnit' could not be found (are you missing a using directive or an assembly reference?) [C:\Work\Starcounter\UniformDocs\test\UniformDocs.Tests\UniformDocs.Tests.csproj]
Test\BaseTest.cs(5,7): error CS0246: The type or namespace name 'NUnit' could not be found (are you missing a using directive or an assembly reference?) [C:\Work\Starcounter\UniformDocs\test\UniformDocs.Tests\UniformDocs.Tests.csproj]
Test\BaseTest.cs(6,7): error CS0246: The type or namespace name 'OpenQA' could not be found (are you missing a using directive or an assembly reference?) [C:\Work\Starcounter\UniformDocs\test\UniformDocs.Tests\UniformDocs.Tests.csproj]
Test\BaseTest.cs(7,7): error CS0246: The type or namespace name 'OpenQA' could not be found (are you missing a using directive or an assembly reference?) [C:\Work\Starcounter\UniformDocs\test\UniformDocs.Tests\UniformDocs.Tests.csproj]
Test\BaseTest.cs(8,7): error CS0246: The type or namespace name 'OpenQA' could not be found (are you missing a using directive or an assembly reference?) [C:\Work\Starcounter\UniformDocs\test\UniformDocs.Tests\UniformDocs.Tests.csproj]
Test\BaseTest.cs(9,7): error CS0246: The type or namespace name 'NUnit' could not be found (are you missing a using directive or an assembly reference?) [C:\Work\Starcounter\UniformDocs\test\UniformDocs.Tests\UniformDocs.Tests.csproj]
Test\CheckboxPageTest.cs(3,7): error CS0246: The type or namespace name 'NUnit' could not be found (are you missing a using directive or an assembly reference?) [C:\Work\Starcounter\UniformDocs\test\UniformDocs.Tests\UniformDocs.Tests.csproj]
Test\CheckboxPageTest.cs(4,7): error CS0246: The type or namespace name 'OpenQA' could not be found (are you missing a using directive or an assembly reference?) [C:\Work\Starcounter\UniformDocs\test\UniformDocs.Tests\UniformDocs.Tests.csproj]
Test\UrlPageTest.cs(3,7): error CS0246: The type or namespace name 'NUnit' could not be found (are you missing a using directive or an assembly reference?) [C:\Work\Starcounter\UniformDocs\test\UniformDocs.Tests\UniformDocs.Tests.csproj]
Test\UrlPageTest.cs(4,7): error CS0246: The type or namespace name 'OpenQA' could not be found (are you missing a using directive or an assembly reference?) [C:\Work\Starcounter\UniformDocs\test\UniformDocs.Tests\UniformDocs.Tests.csproj]
Test\UrlPageTest.cs(6,7): error CS0246: The type or namespace name 'OpenQA' could not be found (are you missing a using directive or an assembly reference?) [C:\Work\Starcounter\UniformDocs\test\UniformDocs.Tests\UniformDocs.Tests.csproj]
Test\ToggleButtonPageTest.cs(3,7): error CS0246: The type or namespace name 'NUnit' could not be found (are you missing a using directive or an assembly reference?) [C:\Work\Starcounter\UniformDocs\test\UniformDocs.Tests\UniformDocs.Tests.csproj]
Test\AutoCompletePageTest.cs(3,7): error CS0246: The type or namespace name 'NUnit' could not be found (are you missing a using directive or an assembly reference?) [C:\Work\Starcounter\UniformDocs\test\UniformDocs.Tests\UniformDocs.Tests.csproj]
Test\FileUploadPageTest.cs(2,7): error CS0246: The type or namespace name 'NUnit' could not be found (are you missing a using directive or an assembly reference?) [C:\Work\Starcounter\UniformDocs\test\UniformDocs.Tests\UniformDocs.Tests.csproj]
Test\PaginationPageTest.cs(4,7): error CS0246: The type or namespace name 'NUnit' could not be found (are you missing a using directive or an assembly reference?) [C:\Work\Starcounter\UniformDocs\test\UniformDocs.Tests\UniformDocs.Tests.csproj]
Test\ButtonPageTest.cs(4,7): error CS0246: The type or namespace name 'NUnit' could not be found (are you missing a using directive or an assembly reference?) [C:\Work\Starcounter\UniformDocs\test\UniformDocs.Tests\UniformDocs.Tests.csproj]
Test\ButtonPageTest.cs(5,7): error CS0246: The type or namespace name 'OpenQA' could not be found (are you missing a using directive or an assembly reference?) [C:\Work\Starcounter\UniformDocs\test\UniformDocs.Tests\UniformDocs.Tests.csproj]
Test\DatepickerPageTest.cs(5,7): error CS0246: The type or namespace name 'NUnit' could not be found (are you missing a using directive or an assembly reference?) [C:\Work\Starcounter\UniformDocs\test\UniformDocs.Tests\UniformDocs.Tests.csproj]
Test\DatepickerPageTest.cs(6,7): error CS0246: The type or namespace name 'OpenQA' could not be found (are you missing a using directive or an assembly reference?) [C:\Work\Starcounter\UniformDocs\test\UniformDocs.Tests\UniformDocs.Tests.csproj]
Test\DropdownPageTest.cs(3,7): error CS0246: The type or namespace name 'NUnit' could not be found (are you missing a using directive or an assembly reference?) [C:\Work\Starcounter\UniformDocs\test\UniformDocs.Tests\UniformDocs.Tests.csproj]
Test\DropdownPageTest.cs(4,7): error CS0246: The type or namespace name 'OpenQA' could not be found (are you missing a using directive or an assembly reference?) [C:\Work\Starcounter\UniformDocs\test\UniformDocs.Tests\UniformDocs.Tests.csproj]
Test\NestedPartialsPageTest.cs(4,7): error CS0246: The type or namespace name 'NUnit' could not be found (are you missing a using directive or an assembly reference?) [C:\Work\Starcounter\UniformDocs\test\UniformDocs.Tests\UniformDocs.Tests.csproj]
Test\NestedPartialsPageTest.cs(5,7): error CS0246: The type or namespace name 'OpenQA' could not be found (are you missing a using directive or an assembly reference?) [C:\Work\Starcounter\UniformDocs\test\UniformDocs.Tests\UniformDocs.Tests.csproj]
Test\TablePageTest.cs(3,7): error CS0246: The type or namespace name 'NUnit' could not be found (are you missing a using directive or an assembly reference?) [C:\Work\Starcounter\UniformDocs\test\UniformDocs.Tests\UniformDocs.Tests.csproj]
Test\MarkdownPageTest.cs(3,7): error CS0246: The type or namespace name 'NUnit' could not be found (are you missing a using directive or an assembly reference?) [C:\Work\Starcounter\UniformDocs\test\UniformDocs.Tests\UniformDocs.Tests.csproj]
Test\PasswordPageTest.cs(3,7): error CS0246: The type or namespace name 'NUnit' could not be found (are you missing a using directive or an assembly reference?) [C:\Work\Starcounter\UniformDocs\test\UniformDocs.Tests\UniformDocs.Tests.csproj]
Test\RedirectPageTest.cs(3,7): error CS0246: The type or namespace name 'NUnit' could not be found (are you missing a using directive or an assembly reference?) [C:\Work\Starcounter\UniformDocs\test\UniformDocs.Tests\UniformDocs.Tests.csproj]
Test\TextareaPageTest.cs(3,7): error CS0246: The type or namespace name 'NUnit' could not be found (are you missing a using directive or an assembly reference?) [C:\Work\Starcounter\UniformDocs\test\UniformDocs.Tests\UniformDocs.Tests.csproj]
Test\TextPageTest.cs(3,7): error CS0246: The type or namespace name 'NUnit' could not be found (are you missing a using directive or an assembly reference?) [C:\Work\Starcounter\UniformDocs\test\UniformDocs.Tests\UniformDocs.Tests.csproj]
Test\TextPageTest.cs(4,7): error CS0246: The type or namespace name 'OpenQA' could not be found (are you missing a using directive or an assembly reference?) [C:\Work\Starcounter\UniformDocs\test\UniformDocs.Tests\UniformDocs.Tests.csproj]
Ui\CardPage.cs(1,7): error CS0246: The type or namespace name 'OpenQA' could not be found (are you missing a using directive or an assembly reference?) [C:\Work\Starcounter\UniformDocs\test\UniformDocs.Tests\UniformDocs.Tests.csproj]
Ui\CardPage.cs(2,7): error CS0246: The type or namespace name 'OpenQA' could not be found (are you missing a using directive or an assembly reference?) [C:\Work\Starcounter\UniformDocs\test\UniformDocs.Tests\UniformDocs.Tests.csproj]
Ui\ClientLocalStatePage.cs(3,7): error CS0246: The type or namespace name 'OpenQA' could not be found (are you missing a using directive or an assembly reference?) [C:\Work\Starcounter\UniformDocs\test\UniformDocs.Tests\UniformDocs.Tests.csproj]
Ui\ClientLocalStatePage.cs(4,7): error CS0246: The type or namespace name 'OpenQA' could not be found (are you missing a using directive or an assembly reference?) [C:\Work\Starcounter\UniformDocs\test\UniformDocs.Tests\UniformDocs.Tests.csproj]
Ui\ClientLocalStatePage.cs(5,7): error CS0246: The type or namespace name 'OpenQA' could not be found (are you missing a using directive or an assembly reference?) [C:\Work\Starcounter\UniformDocs\test\UniformDocs.Tests\UniformDocs.Tests.csproj]
Ui\ProgressBarPage.cs(1,7): error CS0246: The type or namespace name 'OpenQA' could not be found (are you missing a using directive or an assembly reference?) [C:\Work\Starcounter\UniformDocs\test\UniformDocs.Tests\UniformDocs.Tests.csproj]
Ui\ProgressBarPage.cs(2,7): error CS0246: The type or namespace name 'OpenQA' could not be found (are you missing a using directive or an assembly reference?) [C:\Work\Starcounter\UniformDocs\test\UniformDocs.Tests\UniformDocs.Tests.csproj]
Ui\RadiolistPage.cs(3,7): error CS0246: The type or namespace name 'OpenQA' could not be found (are you missing a using directive or an assembly reference?) [C:\Work\Starcounter\UniformDocs\test\UniformDocs.Tests\UniformDocs.Tests.csproj]
Ui\RadiolistPage.cs(4,7): error CS0246: The type or namespace name 'OpenQA' could not be found (are you missing a using directive or an assembly reference?) [C:\Work\Starcounter\UniformDocs\test\UniformDocs.Tests\UniformDocs.Tests.csproj]
Ui\RadioPage.cs(3,7): error CS0246: The type or namespace name 'OpenQA' could not be found (are you missing a using directive or an assembly reference?) [C:\Work\Starcounter\UniformDocs\test\UniformDocs.Tests\UniformDocs.Tests.csproj]
Ui\RadioPage.cs(4,7): error CS0246: The type or namespace name 'OpenQA' could not be found (are you missing a using directive or an assembly reference?) [C:\Work\Starcounter\UniformDocs\test\UniformDocs.Tests\UniformDocs.Tests.csproj]
Ui\BasePage.cs(2,7): error CS0246: The type or namespace name 'OpenQA' could not be found (are you missing a using directive or an assembly reference?) [C:\Work\Starcounter\UniformDocs\test\UniformDocs.Tests\UniformDocs.Tests.csproj]
Ui\BasePage.cs(3,7): error CS0246: The type or namespace name 'OpenQA' could not be found (are you missing a using directive or an assembly reference?) [C:\Work\Starcounter\UniformDocs\test\UniformDocs.Tests\UniformDocs.Tests.csproj]
Ui\BasePage.cs(4,7): error CS0246: The type or namespace name 'OpenQA' could not be found (are you missing a using directive or an assembly reference?) [C:\Work\Starcounter\UniformDocs\test\UniformDocs.Tests\UniformDocs.Tests.csproj]
Ui\ButtonPage.cs(1,7): error CS0246: The type or namespace name 'OpenQA' could not be found (are you missing a using directive or an assembly reference?) [C:\Work\Starcounter\UniformDocs\test\UniformDocs.Tests\UniformDocs.Tests.csproj]
Ui\ButtonPage.cs(2,7): error CS0246: The type or namespace name 'OpenQA' could not be found (are you missing a using directive or an assembly reference?) [C:\Work\Starcounter\UniformDocs\test\UniformDocs.Tests\UniformDocs.Tests.csproj]
Ui\CheckboxPage.cs(1,7): error CS0246: The type or namespace name 'OpenQA' could not be found (are you missing a using directive or an assembly reference?) [C:\Work\Starcounter\UniformDocs\test\UniformDocs.Tests\UniformDocs.Tests.csproj]
Ui\CheckboxPage.cs(2,7): error CS0246: The type or namespace name 'OpenQA' could not be found (are you missing a using directive or an assembly reference?) [C:\Work\Starcounter\UniformDocs\test\UniformDocs.Tests\UniformDocs.Tests.csproj]
Ui\UrlPage.cs(2,7): error CS0246: The type or namespace name 'OpenQA' could not be found (are you missing a using directive or an assembly reference?) [C:\Work\Starcounter\UniformDocs\test\UniformDocs.Tests\UniformDocs.Tests.csproj]
Ui\UrlPage.cs(3,7): error CS0246: The type or namespace name 'OpenQA' could not be found (are you missing a using directive or an assembly reference?) [C:\Work\Starcounter\UniformDocs\test\UniformDocs.Tests\UniformDocs.Tests.csproj]
Ui\ToggleButtonPage.cs(1,7): error CS0246: The type or namespace name 'OpenQA' could not be found (are you missing a using directive or an assembly reference?) [C:\Work\Starcounter\UniformDocs\test\UniformDocs.Tests\UniformDocs.Tests.csproj]
Ui\ToggleButtonPage.cs(2,7): error CS0246: The type or namespace name 'OpenQA' could not be found (are you missing a using directive or an assembly reference?) [C:\Work\Starcounter\UniformDocs\test\UniformDocs.Tests\UniformDocs.Tests.csproj]
Ui\AutoCompletePage.cs(3,7): error CS0246: The type or namespace name 'OpenQA' could not be found (are you missing a using directive or an assembly reference?) [C:\Work\Starcounter\UniformDocs\test\UniformDocs.Tests\UniformDocs.Tests.csproj]
Ui\AutoCompletePage.cs(4,7): error CS0246: The type or namespace name 'OpenQA' could not be found (are you missing a using directive or an assembly reference?) [C:\Work\Starcounter\UniformDocs\test\UniformDocs.Tests\UniformDocs.Tests.csproj]
Ui\FileUploadPage.cs(2,7): error CS0246: The type or namespace name 'OpenQA' could not be found (are you missing a using directive or an assembly reference?) [C:\Work\Starcounter\UniformDocs\test\UniformDocs.Tests\UniformDocs.Tests.csproj]
Ui\FileUploadPage.cs(3,7): error CS0246: The type or namespace name 'OpenQA' could not be found (are you missing a using directive or an assembly reference?) [C:\Work\Starcounter\UniformDocs\test\UniformDocs.Tests\UniformDocs.Tests.csproj]
Ui\PaginationPage.cs(2,7): error CS0246: The type or namespace name 'OpenQA' could not be found (are you missing a using directive or an assembly reference?) [C:\Work\Starcounter\UniformDocs\test\UniformDocs.Tests\UniformDocs.Tests.csproj]
Ui\PaginationPage.cs(3,7): error CS0246: The type or namespace name 'OpenQA' could not be found (are you missing a using directive or an assembly reference?) [C:\Work\Starcounter\UniformDocs\test\UniformDocs.Tests\UniformDocs.Tests.csproj]
Ui\PaginationPage.cs(4,7): error CS0246: The type or namespace name 'OpenQA' could not be found (are you missing a using directive or an assembly reference?) [C:\Work\Starcounter\UniformDocs\test\UniformDocs.Tests\UniformDocs.Tests.csproj]
Ui\DatepickerPage.cs(2,7): error CS0246: The type or namespace name 'OpenQA' could not be found (are you missing a using directive or an assembly reference?) [C:\Work\Starcounter\UniformDocs\test\UniformDocs.Tests\UniformDocs.Tests.csproj]
Ui\DatepickerPage.cs(3,7): error CS0246: The type or namespace name 'OpenQA' could not be found (are you missing a using directive or an assembly reference?) [C:\Work\Starcounter\UniformDocs\test\UniformDocs.Tests\UniformDocs.Tests.csproj]
Ui\DropdownPage.cs(1,7): error CS0246: The type or namespace name 'OpenQA' could not be found (are you missing a using directive or an assembly reference?) [C:\Work\Starcounter\UniformDocs\test\UniformDocs.Tests\UniformDocs.Tests.csproj]
Ui\DropdownPage.cs(2,7): error CS0246: The type or namespace name 'OpenQA' could not be found (are you missing a using directive or an assembly reference?) [C:\Work\Starcounter\UniformDocs\test\UniformDocs.Tests\UniformDocs.Tests.csproj]
Ui\DropdownPage.cs(3,7): error CS0246: The type or namespace name 'OpenQA' could not be found (are you missing a using directive or an assembly reference?) [C:\Work\Starcounter\UniformDocs\test\UniformDocs.Tests\UniformDocs.Tests.csproj]
Ui\MainPage.cs(2,7): error CS0246: The type or namespace name 'OpenQA' could not be found (are you missing a using directive or an assembly reference?) [C:\Work\Starcounter\UniformDocs\test\UniformDocs.Tests\UniformDocs.Tests.csproj]
Ui\MainPage.cs(3,7): error CS0246: The type or namespace name 'OpenQA' could not be found (are you missing a using directive or an assembly reference?) [C:\Work\Starcounter\UniformDocs\test\UniformDocs.Tests\UniformDocs.Tests.csproj]
Ui\NestedPartialsPage.cs(2,7): error CS0246: The type or namespace name 'OpenQA' could not be found (are you missing a using directive or an assembly reference?) [C:\Work\Starcounter\UniformDocs\test\UniformDocs.Tests\UniformDocs.Tests.csproj]
Ui\NestedPartialsPage.cs(3,7): error CS0246: The type or namespace name 'OpenQA' could not be found (are you missing a using directive or an assembly reference?) [C:\Work\Starcounter\UniformDocs\test\UniformDocs.Tests\UniformDocs.Tests.csproj]
Ui\TablePage.cs(2,7): error CS0246: The type or namespace name 'OpenQA' could not be found (are you missing a using directive or an assembly reference?) [C:\Work\Starcounter\UniformDocs\test\UniformDocs.Tests\UniformDocs.Tests.csproj]
Ui\TablePage.cs(3,7): error CS0246: The type or namespace name 'OpenQA' could not be found (are you missing a using directive or an assembly reference?) [C:\Work\Starcounter\UniformDocs\test\UniformDocs.Tests\UniformDocs.Tests.csproj]
Properties\AssemblyInfo.cs(4,7): error CS0246: The type or namespace name 'NUnit' could not be found (are you missing a using directive or an assembly reference?) [C:\Work\Starcounter\UniformDocs\test\UniformDocs.Tests\UniformDocs.Tests.csproj]
Ui\MarkdownPage.cs(6,7): error CS0246: The type or namespace name 'OpenQA' could not be found (are you missing a using directive or an assembly reference?) [C:\Work\Starcounter\UniformDocs\test\UniformDocs.Tests\UniformDocs.Tests.csproj]
Ui\MarkdownPage.cs(7,7): error CS0246: The type or namespace name 'OpenQA' could not be found (are you missing a using directive or an assembly reference?) [C:\Work\Starcounter\UniformDocs\test\UniformDocs.Tests\UniformDocs.Tests.csproj]
Ui\PasswordPage.cs(1,7): error CS0246: The type or namespace name 'OpenQA' could not be found (are you missing a using directive or an assembly reference?) [C:\Work\Starcounter\UniformDocs\test\UniformDocs.Tests\UniformDocs.Tests.csproj]
Ui\PasswordPage.cs(2,7): error CS0246: The type or namespace name 'OpenQA' could not be found (are you missing a using directive or an assembly reference?) [C:\Work\Starcounter\UniformDocs\test\UniformDocs.Tests\UniformDocs.Tests.csproj]
Ui\RedirectPage.cs(2,7): error CS0246: The type or namespace name 'OpenQA' could not be found (are you missing a using directive or an assembly reference?) [C:\Work\Starcounter\UniformDocs\test\UniformDocs.Tests\UniformDocs.Tests.csproj]
Ui\RedirectPage.cs(3,7): error CS0246: The type or namespace name 'OpenQA' could not be found (are you missing a using directive or an assembly reference?) [C:\Work\Starcounter\UniformDocs\test\UniformDocs.Tests\UniformDocs.Tests.csproj]
Ui\TextareaPage.cs(1,7): error CS0246: The type or namespace name 'OpenQA' could not be found (are you missing a using directive or an assembly reference?) [C:\Work\Starcounter\UniformDocs\test\UniformDocs.Tests\UniformDocs.Tests.csproj]
Ui\TextareaPage.cs(2,7): error CS0246: The type or namespace name 'OpenQA' could not be found (are you missing a using directive or an assembly reference?) [C:\Work\Starcounter\UniformDocs\test\UniformDocs.Tests\UniformDocs.Tests.csproj]
Ui\TextPage.cs(1,7): error CS0246: The type or namespace name 'OpenQA' could not be found (are you missing a using directive or an assembly reference?) [C:\Work\Starcounter\UniformDocs\test\UniformDocs.Tests\UniformDocs.Tests.csproj]
Ui\TextPage.cs(2,7): error CS0246: The type or namespace name 'OpenQA' could not be found (are you missing a using directive or an assembly reference?) [C:\Work\Starcounter\UniformDocs\test\UniformDocs.Tests\UniformDocs.Tests.csproj]
Utilities\WebDriverManager.cs(2,7): error CS0246: The type or namespace name 'OpenQA' could not be found (are you missing a using directive or an assembly reference?) [C:\Work\Starcounter\UniformDocs\test\UniformDocs.Tests\UniformDocs.Tests.csproj]
Utilities\WebDriverManager.cs(3,7): error CS0246: The type or namespace name 'OpenQA' could not be found (are you missing a using directive or an assembly reference?) [C:\Work\Starcounter\UniformDocs\test\UniformDocs.Tests\UniformDocs.Tests.csproj]
Utilities\WebDriverManager.cs(4,7): error CS0246: The type or namespace name 'OpenQA' could not be found (are you missing a using directive or an assembly reference?) [C:\Work\Starcounter\UniformDocs\test\UniformDocs.Tests\UniformDocs.Tests.csproj]
Utilities\WebDriverManager.cs(8,7): error CS0246: The type or namespace name 'NUnit' could not be found (are you missing a using directive or an assembly reference?) [C:\Work\Starcounter\UniformDocs\test\UniformDocs.Tests\UniformDocs.Tests.csproj]
Utilities\WebDriverManager.cs(9,7): error CS0246: The type or namespace name 'Newtonsoft' could not be found (are you missing a using directive or an assembly reference?) [C:\Work\Starcounter\UniformDocs\test\UniformDocs.Tests\UniformDocs.Tests.csproj]
Utilities\WebDriverManager.cs(10,7): error CS0246: The type or namespace name 'OpenQA' could not be found (are you missing a using directive or an assembly reference?) [C:\Work\Starcounter\UniformDocs\test\UniformDocs.Tests\UniformDocs.Tests.csproj]
Ui\CardPage.cs(8,25): error CS0246: The type or namespace name 'IWebDriver' could not be found (are you missing a using directive or an assembly reference?) [C:\Work\Starcounter\UniformDocs\test\UniformDocs.Tests\UniformDocs.Tests.csproj]
Utilities\WebDriverManager.cs(18,23): error CS0246: The type or namespace name 'RemoteWebDriver' could not be found (are you missing a using directive or an assembly reference?) [C:\Work\Starcounter\UniformDocs\test\UniformDocs.Tests\UniformDocs.Tests.csproj]
Utilities\WebDriverManager.cs(103,39): error CS0246: The type or namespace name 'RemoteWebDriver' could not be found (are you missing a using directive or an assembly reference?) [C:\Work\Starcounter\UniformDocs\test\UniformDocs.Tests\UniformDocs.Tests.csproj]
Utilities\WebDriverManager.cs(107,57): error CS0246: The type or namespace name 'RemoteWebDriver' could not be found (are you missing a using directive or an assembly reference?) [C:\Work\Starcounter\UniformDocs\test\UniformDocs.Tests\UniformDocs.Tests.csproj]
Utilities\WebDriverManager.cs(107,81): error CS0246: The type or namespace name 'ResultState' could not be found (are you missing a using directive or an assembly reference?) [C:\Work\Starcounter\UniformDocs\test\UniformDocs.Tests\UniformDocs.Tests.csproj]
Test\CardPageTest.cs(10,6): error CS0246: The type or namespace name 'TestFixtureAttribute' could not be found (are you missing a using directive or an assembly reference?) [C:\Work\Starcounter\UniformDocs\test\UniformDocs.Tests\UniformDocs.Tests.csproj]
Test\CardPageTest.cs(10,6): error CS0246: The type or namespace name 'TestFixture' could not be found (are you missing a using directive or an assembly reference?) [C:\Work\Starcounter\UniformDocs\test\UniformDocs.Tests\UniformDocs.Tests.csproj]
Test\CardPageTest.cs(11,6): error CS0246: The type or namespace name 'TestFixtureAttribute' could not be found (are you missing a using directive or an assembly reference?) [C:\Work\Starcounter\UniformDocs\test\UniformDocs.Tests\UniformDocs.Tests.csproj]
Test\CardPageTest.cs(11,6): error CS0246: The type or namespace name 'TestFixture' could not be found (are you missing a using directive or an assembly reference?) [C:\Work\Starcounter\UniformDocs\test\UniformDocs.Tests\UniformDocs.Tests.csproj]
Test\CardPageTest.cs(12,6): error CS0246: The type or namespace name 'TestFixtureAttribute' could not be found (are you missing a using directive or an assembly reference?) [C:\Work\Starcounter\UniformDocs\test\UniformDocs.Tests\UniformDocs.Tests.csproj]
Test\CardPageTest.cs(12,6): error CS0246: The type or namespace name 'TestFixture' could not be found (are you missing a using directive or an assembly reference?) [C:\Work\Starcounter\UniformDocs\test\UniformDocs.Tests\UniformDocs.Tests.csproj]
Test\CardPageTest.cs(13,6): error CS0246: The type or namespace name 'TestFixtureAttribute' could not be found (are you missing a using directive or an assembly reference?) [C:\Work\Starcounter\UniformDocs\test\UniformDocs.Tests\UniformDocs.Tests.csproj]
Test\CardPageTest.cs(13,6): error CS0246: The type or namespace name 'TestFixture' could not be found (are you missing a using directive or an assembly reference?) [C:\Work\Starcounter\UniformDocs\test\UniformDocs.Tests\UniformDocs.Tests.csproj]
Test\RadioPageTest.cs(7,6): error CS0246: The type or namespace name 'TestFixtureAttribute' could not be found (are you missing a using directive or an assembly reference?) [C:\Work\Starcounter\UniformDocs\test\UniformDocs.Tests\UniformDocs.Tests.csproj]
Test\RadioPageTest.cs(7,6): error CS0246: The type or namespace name 'TestFixture' could not be found (are you missing a using directive or an assembly reference?) [C:\Work\Starcounter\UniformDocs\test\UniformDocs.Tests\UniformDocs.Tests.csproj]
Test\RadioPageTest.cs(8,6): error CS0246: The type or namespace name 'TestFixtureAttribute' could not be found (are you missing a using directive or an assembly reference?) [C:\Work\Starcounter\UniformDocs\test\UniformDocs.Tests\UniformDocs.Tests.csproj]
Test\RadioPageTest.cs(8,6): error CS0246: The type or namespace name 'TestFixture' could not be found (are you missing a using directive or an assembly reference?) [C:\Work\Starcounter\UniformDocs\test\UniformDocs.Tests\UniformDocs.Tests.csproj]
Test\RadioPageTest.cs(9,6): error CS0246: The type or namespace name 'TestFixtureAttribute' could not be found (are you missing a using directive or an assembly reference?) [C:\Work\Starcounter\UniformDocs\test\UniformDocs.Tests\UniformDocs.Tests.csproj]
Test\RadioPageTest.cs(9,6): error CS0246: The type or namespace name 'TestFixture' could not be found (are you missing a using directive or an assembly reference?) [C:\Work\Starcounter\UniformDocs\test\UniformDocs.Tests\UniformDocs.Tests.csproj]
Test\RadioPageTest.cs(10,6): error CS0246: The type or namespace name 'TestFixtureAttribute' could not be found (are you missing a using directive or an assembly reference?) [C:\Work\Starcounter\UniformDocs\test\UniformDocs.Tests\UniformDocs.Tests.csproj]
Test\RadioPageTest.cs(10,6): error CS0246: The type or namespace name 'TestFixture' could not be found (are you missing a using directive or an assembly reference?) [C:\Work\Starcounter\UniformDocs\test\UniformDocs.Tests\UniformDocs.Tests.csproj]
Test\CardPageTest.cs(24,10): error CS0246: The type or namespace name 'SetUpAttribute' could not be found (are you missing a using directive or an assembly reference?) [C:\Work\Starcounter\UniformDocs\test\UniformDocs.Tests\UniformDocs.Tests.csproj]
Test\CardPageTest.cs(24,10): error CS0246: The type or namespace name 'SetUp' could not be found (are you missing a using directive or an assembly reference?) [C:\Work\Starcounter\UniformDocs\test\UniformDocs.Tests\UniformDocs.Tests.csproj]
Test\CardPageTest.cs(30,10): error CS0616: 'UniformDocs.Tests.Test' is not an attribute class [C:\Work\Starcounter\UniformDocs\test\UniformDocs.Tests\UniformDocs.Tests.csproj]
Ui\ClientLocalStatePage.cs(17,16): error CS0246: The type or namespace name 'IWebElement' could not be found (are you missing a using directive or an assembly reference?) [C:\Work\Starcounter\UniformDocs\test\UniformDocs.Tests\UniformDocs.Tests.csproj]
Test\RadioPageTest.cs(20,10): error CS0246: The type or namespace name 'SetUpAttribute' could not be found (are you missing a using directive or an assembly reference?) [C:\Work\Starcounter\UniformDocs\test\UniformDocs.Tests\UniformDocs.Tests.csproj]
Test\RadioPageTest.cs(20,10): error CS0246: The type or namespace name 'SetUp' could not be found (are you missing a using directive or an assembly reference?) [C:\Work\Starcounter\UniformDocs\test\UniformDocs.Tests\UniformDocs.Tests.csproj]
Test\AutoCompletePageTest.cs(7,6): error CS0246: The type or namespace name 'TestFixtureAttribute' could not be found (are you missing a using directive or an assembly reference?) [C:\Work\Starcounter\UniformDocs\test\UniformDocs.Tests\UniformDocs.Tests.csproj]
Test\AutoCompletePageTest.cs(7,6): error CS0246: The type or namespace name 'TestFixture' could not be found (are you missing a using directive or an assembly reference?) [C:\Work\Starcounter\UniformDocs\test\UniformDocs.Tests\UniformDocs.Tests.csproj]
Test\AutoCompletePageTest.cs(8,6): error CS0246: The type or namespace name 'TestFixtureAttribute' could not be found (are you missing a using directive or an assembly reference?) [C:\Work\Starcounter\UniformDocs\test\UniformDocs.Tests\UniformDocs.Tests.csproj]
Test\AutoCompletePageTest.cs(8,6): error CS0246: The type or namespace name 'TestFixture' could not be found (are you missing a using directive or an assembly reference?) [C:\Work\Starcounter\UniformDocs\test\UniformDocs.Tests\UniformDocs.Tests.csproj]
Test\AutoCompletePageTest.cs(9,6): error CS0246: The type or namespace name 'TestFixtureAttribute' could not be found (are you missing a using directive or an assembly reference?) [C:\Work\Starcounter\UniformDocs\test\UniformDocs.Tests\UniformDocs.Tests.csproj]
Test\AutoCompletePageTest.cs(9,6): error CS0246: The type or namespace name 'TestFixture' could not be found (are you missing a using directive or an assembly reference?) [C:\Work\Starcounter\UniformDocs\test\UniformDocs.Tests\UniformDocs.Tests.csproj]
Test\AutoCompletePageTest.cs(10,6): error CS0246: The type or namespace name 'TestFixtureAttribute' could not be found (are you missing a using directive or an assembly reference?) [C:\Work\Starcounter\UniformDocs\test\UniformDocs.Tests\UniformDocs.Tests.csproj]
Test\AutoCompletePageTest.cs(10,6): error CS0246: The type or namespace name 'TestFixture' could not be found (are you missing a using directive or an assembly reference?) [C:\Work\Starcounter\UniformDocs\test\UniformDocs.Tests\UniformDocs.Tests.csproj]
Ui\ClientLocalStatePage.cs(20,22): error CS0246: The type or namespace name 'IWebElement' could not be found (are you missing a using directive or an assembly reference?) [C:\Work\Starcounter\UniformDocs\test\UniformDocs.Tests\UniformDocs.Tests.csproj]
Test\RadioPageTest.cs(27,10): error CS0616: 'UniformDocs.Tests.Test' is not an attribute class [C:\Work\Starcounter\UniformDocs\test\UniformDocs.Tests\UniformDocs.Tests.csproj]
Test\RadioPageTest.cs(42,10): error CS0616: 'UniformDocs.Tests.Test' is not an attribute class [C:\Work\Starcounter\UniformDocs\test\UniformDocs.Tests\UniformDocs.Tests.csproj]
Ui\ClientLocalStatePage.cs(40,16): error CS0246: The type or namespace name 'IWebElement' could not be found (are you missing a using directive or an assembly reference?) [C:\Work\Starcounter\UniformDocs\test\UniformDocs.Tests\UniformDocs.Tests.csproj]
Ui\ClientLocalStatePage.cs(44,16): error CS0246: The type or namespace name 'IWebElement' could not be found (are you missing a using directive or an assembly reference?) [C:\Work\Starcounter\UniformDocs\test\UniformDocs.Tests\UniformDocs.Tests.csproj]
Ui\ClientLocalStatePage.cs(11,37): error CS0246: The type or namespace name 'IWebDriver' could not be found (are you missing a using directive or an assembly reference?) [C:\Work\Starcounter\UniformDocs\test\UniformDocs.Tests\UniformDocs.Tests.csproj]
Test\AutoCompletePageTest.cs(20,10): error CS0246: The type or namespace name 'SetUpAttribute' could not be found (are you missing a using directive or an assembly reference?) [C:\Work\Starcounter\UniformDocs\test\UniformDocs.Tests\UniformDocs.Tests.csproj]
Test\AutoCompletePageTest.cs(20,10): error CS0246: The type or namespace name 'SetUp' could not be found (are you missing a using directive or an assembly reference?) [C:\Work\Starcounter\UniformDocs\test\UniformDocs.Tests\UniformDocs.Tests.csproj]
Test\BaseTest.cs(90,51): error CS0246: The type or namespace name 'IWebDriver' could not be found (are you missing a using directive or an assembly reference?) [C:\Work\Starcounter\UniformDocs\test\UniformDocs.Tests\UniformDocs.Tests.csproj]
Test\MainPageTest.cs(11,6): error CS0246: The type or namespace name 'TestFixtureAttribute' could not be found (are you missing a using directive or an assembly reference?) [C:\Work\Starcounter\UniformDocs\test\UniformDocs.Tests\UniformDocs.Tests.csproj]
Test\MainPageTest.cs(11,6): error CS0246: The type or namespace name 'TestFixture' could not be found (are you missing a using directive or an assembly reference?) [C:\Work\Starcounter\UniformDocs\test\UniformDocs.Tests\UniformDocs.Tests.csproj]
Test\MainPageTest.cs(12,6): error CS0246: The type or namespace name 'TestFixtureAttribute' could not be found (are you missing a using directive or an assembly reference?) [C:\Work\Starcounter\UniformDocs\test\UniformDocs.Tests\UniformDocs.Tests.csproj]
Test\MainPageTest.cs(12,6): error CS0246: The type or namespace name 'TestFixture' could not be found (are you missing a using directive or an assembly reference?) [C:\Work\Starcounter\UniformDocs\test\UniformDocs.Tests\UniformDocs.Tests.csproj]
Test\MainPageTest.cs(13,6): error CS0246: The type or namespace name 'TestFixtureAttribute' could not be found (are you missing a using directive or an assembly reference?) [C:\Work\Starcounter\UniformDocs\test\UniformDocs.Tests\UniformDocs.Tests.csproj]
Test\MainPageTest.cs(13,6): error CS0246: The type or namespace name 'TestFixture' could not be found (are you missing a using directive or an assembly reference?) [C:\Work\Starcounter\UniformDocs\test\UniformDocs.Tests\UniformDocs.Tests.csproj]
Test\MainPageTest.cs(14,6): error CS0246: The type or namespace name 'TestFixtureAttribute' could not be found (are you missing a using directive or an assembly reference?) [C:\Work\Starcounter\UniformDocs\test\UniformDocs.Tests\UniformDocs.Tests.csproj]
Test\MainPageTest.cs(14,6): error CS0246: The type or namespace name 'TestFixture' could not be found (are you missing a using directive or an assembly reference?) [C:\Work\Starcounter\UniformDocs\test\UniformDocs.Tests\UniformDocs.Tests.csproj]
Test\AutoCompletePageTest.cs(27,10): error CS0616: 'UniformDocs.Tests.Test' is not an attribute class [C:\Work\Starcounter\UniformDocs\test\UniformDocs.Tests\UniformDocs.Tests.csproj]
Test\BaseTest.cs(108,33): error CS0246: The type or namespace name 'IWebElement' could not be found (are you missing a using directive or an assembly reference?) [C:\Work\Starcounter\UniformDocs\test\UniformDocs.Tests\UniformDocs.Tests.csproj]
Test\AutoCompletePageTest.cs(43,10): error CS0616: 'UniformDocs.Tests.Test' is not an attribute class [C:\Work\Starcounter\UniformDocs\test\UniformDocs.Tests\UniformDocs.Tests.csproj]
Test\AutoCompletePageTest.cs(54,10): error CS0616: 'UniformDocs.Tests.Test' is not an attribute class [C:\Work\Starcounter\UniformDocs\test\UniformDocs.Tests\UniformDocs.Tests.csproj]
Test\AutoCompletePageTest.cs(64,10): error CS0616: 'UniformDocs.Tests.Test' is not an attribute class [C:\Work\Starcounter\UniformDocs\test\UniformDocs.Tests\UniformDocs.Tests.csproj]
Ui\ClientLocalStatePage.cs(16,10): error CS0246: The type or namespace name 'FindsByAttribute' could not be found (are you missing a using directive or an assembly reference?) [C:\Work\Starcounter\UniformDocs\test\UniformDocs.Tests\UniformDocs.Tests.csproj]
Ui\ClientLocalStatePage.cs(16,10): error CS0246: The type or namespace name 'FindsBy' could not be found (are you missing a using directive or an assembly reference?) [C:\Work\Starcounter\UniformDocs\test\UniformDocs.Tests\UniformDocs.Tests.csproj]
Ui\ClientLocalStatePage.cs(16,18): error CS0246: The type or namespace name 'How' could not be found (are you missing a using directive or an assembly reference?) [C:\Work\Starcounter\UniformDocs\test\UniformDocs.Tests\UniformDocs.Tests.csproj]
Ui\ClientLocalStatePage.cs(16,24): error CS0103: The name 'How' does not exist in the current context [C:\Work\Starcounter\UniformDocs\test\UniformDocs.Tests\UniformDocs.Tests.csproj]
Ui\ClientLocalStatePage.cs(16,41): error CS0246: The type or namespace name 'Using' could not be found (are you missing a using directive or an assembly reference?) [C:\Work\Starcounter\UniformDocs\test\UniformDocs.Tests\UniformDocs.Tests.csproj]
Test\BaseTest.cs(17,16): error CS0246: The type or namespace name 'RemoteWebDriver' could not be found (are you missing a using directive or an assembly reference?) [C:\Work\Starcounter\UniformDocs\test\UniformDocs.Tests\UniformDocs.Tests.csproj]
Test\MainPageTest.cs(29,10): error CS0246: The type or namespace name 'SetUpAttribute' could not be found (are you missing a using directive or an assembly reference?) [C:\Work\Starcounter\UniformDocs\test\UniformDocs.Tests\UniformDocs.Tests.csproj]
Test\MainPageTest.cs(29,10): error CS0246: The type or namespace name 'SetUp' could not be found (are you missing a using directive or an assembly reference?) [C:\Work\Starcounter\UniformDocs\test\UniformDocs.Tests\UniformDocs.Tests.csproj]
Test\MainPageTest.cs(35,10): error CS0616: 'UniformDocs.Tests.Test' is not an attribute class [C:\Work\Starcounter\UniformDocs\test\UniformDocs.Tests\UniformDocs.Tests.csproj]
Ui\ClientLocalStatePage.cs(19,10): error CS0246: The type or namespace name 'FindsByAttribute' could not be found (are you missing a using directive or an assembly reference?) [C:\Work\Starcounter\UniformDocs\test\UniformDocs.Tests\UniformDocs.Tests.csproj]
Ui\ClientLocalStatePage.cs(19,10): error CS0246: The type or namespace name 'FindsBy' could not be found (are you missing a using directive or an assembly reference?) [C:\Work\Starcounter\UniformDocs\test\UniformDocs.Tests\UniformDocs.Tests.csproj]
Ui\ClientLocalStatePage.cs(19,18): error CS0246: The type or namespace name 'How' could not be found (are you missing a using directive or an assembly reference?) [C:\Work\Starcounter\UniformDocs\test\UniformDocs.Tests\UniformDocs.Tests.csproj]
Ui\ClientLocalStatePage.cs(19,24): error CS0103: The name 'How' does not exist in the current context [C:\Work\Starcounter\UniformDocs\test\UniformDocs.Tests\UniformDocs.Tests.csproj]
Ui\ClientLocalStatePage.cs(19,37): error CS0246: The type or namespace name 'Using' could not be found (are you missing a using directive or an assembly reference?) [C:\Work\Starcounter\UniformDocs\test\UniformDocs.Tests\UniformDocs.Tests.csproj]
Test\MainPageTest.cs(45,10): error CS0616: 'UniformDocs.Tests.Test' is not an attribute class [C:\Work\Starcounter\UniformDocs\test\UniformDocs.Tests\UniformDocs.Tests.csproj]
Test\BaseTest.cs(21,17): error CS0246: The type or namespace name 'ResultState' could not be found (are you missing a using directive or an assembly reference?) [C:\Work\Starcounter\UniformDocs\test\UniformDocs.Tests\UniformDocs.Tests.csproj]
Test\BaseTest.cs(29,10): error CS0246: The type or namespace name 'OneTimeSetUpAttribute' could not be found (are you missing a using directive or an assembly reference?) [C:\Work\Starcounter\UniformDocs\test\UniformDocs.Tests\UniformDocs.Tests.csproj]
Test\BaseTest.cs(29,10): error CS0246: The type or namespace name 'OneTimeSetUp' could not be found (are you missing a using directive or an assembly reference?) [C:\Work\Starcounter\UniformDocs\test\UniformDocs.Tests\UniformDocs.Tests.csproj]
Ui\ProgressBarPage.cs(14,16): error CS0246: The type or namespace name 'IWebElement' could not be found (are you missing a using directive or an assembly reference?) [C:\Work\Starcounter\UniformDocs\test\UniformDocs.Tests\UniformDocs.Tests.csproj]
Test\FileUploadPageTest.cs(8,6): error CS0246: The type or namespace name 'TestFixtureAttribute' could not be found (are you missing a using directive or an assembly reference?) [C:\Work\Starcounter\UniformDocs\test\UniformDocs.Tests\UniformDocs.Tests.csproj]
Test\FileUploadPageTest.cs(8,6): error CS0246: The type or namespace name 'TestFixture' could not be found (are you missing a using directive or an assembly reference?) [C:\Work\Starcounter\UniformDocs\test\UniformDocs.Tests\UniformDocs.Tests.csproj]
Test\FileUploadPageTest.cs(9,6): error CS0246: The type or namespace name 'TestFixtureAttribute' could not be found (are you missing a using directive or an assembly reference?) [C:\Work\Starcounter\UniformDocs\test\UniformDocs.Tests\UniformDocs.Tests.csproj]
Test\FileUploadPageTest.cs(9,6): error CS0246: The type or namespace name 'TestFixture' could not be found (are you missing a using directive or an assembly reference?) [C:\Work\Starcounter\UniformDocs\test\UniformDocs.Tests\UniformDocs.Tests.csproj]
Test\FileUploadPageTest.cs(10,6): error CS0246: The type or namespace name 'TestFixtureAttribute' could not be found (are you missing a using directive or an assembly reference?) [C:\Work\Starcounter\UniformDocs\test\UniformDocs.Tests\UniformDocs.Tests.csproj]
Test\FileUploadPageTest.cs(10,6): error CS0246: The type or namespace name 'TestFixture' could not be found (are you missing a using directive or an assembly reference?) [C:\Work\Starcounter\UniformDocs\test\UniformDocs.Tests\UniformDocs.Tests.csproj]
Test\FileUploadPageTest.cs(11,6): error CS0246: The type or namespace name 'TestFixtureAttribute' could not be found (are you missing a using directive or an assembly reference?) [C:\Work\Starcounter\UniformDocs\test\UniformDocs.Tests\UniformDocs.Tests.csproj]
Test\FileUploadPageTest.cs(11,6): error CS0246: The type or namespace name 'TestFixture' could not be found (are you missing a using directive or an assembly reference?) [C:\Work\Starcounter\UniformDocs\test\UniformDocs.Tests\UniformDocs.Tests.csproj]
Ui\ProgressBarPage.cs(17,16): error CS0246: The type or namespace name 'IWebElement' could not be found (are you missing a using directive or an assembly reference?) [C:\Work\Starcounter\UniformDocs\test\UniformDocs.Tests\UniformDocs.Tests.csproj]
Test\BaseTest.cs(60,10): error CS0246: The type or namespace name 'TearDownAttribute' could not be found (are you missing a using directive or an assembly reference?) [C:\Work\Starcounter\UniformDocs\test\UniformDocs.Tests\UniformDocs.Tests.csproj]
Test\BaseTest.cs(60,10): error CS0246: The type or namespace name 'TearDown' could not be found (are you missing a using directive or an assembly reference?) [C:\Work\Starcounter\UniformDocs\test\UniformDocs.Tests\UniformDocs.Tests.csproj]
Ui\ProgressBarPage.cs(8,32): error CS0246: The type or namespace name 'IWebDriver' could not be found (are you missing a using directive or an assembly reference?) [C:\Work\Starcounter\UniformDocs\test\UniformDocs.Tests\UniformDocs.Tests.csproj]
Test\BaseTest.cs(72,10): error CS0246: The type or namespace name 'OneTimeTearDownAttribute' could not be found (are you missing a using directive or an assembly reference?) [C:\Work\Starcounter\UniformDocs\test\UniformDocs.Tests\UniformDocs.Tests.csproj]
Test\BaseTest.cs(72,10): error CS0246: The type or namespace name 'OneTimeTearDown' could not be found (are you missing a using directive or an assembly reference?) [C:\Work\Starcounter\UniformDocs\test\UniformDocs.Tests\UniformDocs.Tests.csproj]
Test\ClientLocalStatePageTest.cs(7,6): error CS0246: The type or namespace name 'TestFixtureAttribute' could not be found (are you missing a using directive or an assembly reference?) [C:\Work\Starcounter\UniformDocs\test\UniformDocs.Tests\UniformDocs.Tests.csproj]
Test\ClientLocalStatePageTest.cs(7,6): error CS0246: The type or namespace name 'TestFixture' could not be found (are you missing a using directive or an assembly reference?) [C:\Work\Starcounter\UniformDocs\test\UniformDocs.Tests\UniformDocs.Tests.csproj]
Test\ClientLocalStatePageTest.cs(8,6): error CS0246: The type or namespace name 'TestFixtureAttribute' could not be found (are you missing a using directive or an assembly reference?) [C:\Work\Starcounter\UniformDocs\test\UniformDocs.Tests\UniformDocs.Tests.csproj]
Test\ClientLocalStatePageTest.cs(8,6): error CS0246: The type or namespace name 'TestFixture' could not be found (are you missing a using directive or an assembly reference?) [C:\Work\Starcounter\UniformDocs\test\UniformDocs.Tests\UniformDocs.Tests.csproj]
Test\ClientLocalStatePageTest.cs(9,6): error CS0246: The type or namespace name 'TestFixtureAttribute' could not be found (are you missing a using directive or an assembly reference?) [C:\Work\Starcounter\UniformDocs\test\UniformDocs.Tests\UniformDocs.Tests.csproj]
Test\ClientLocalStatePageTest.cs(9,6): error CS0246: The type or namespace name 'TestFixture' could not be found (are you missing a using directive or an assembly reference?) [C:\Work\Starcounter\UniformDocs\test\UniformDocs.Tests\UniformDocs.Tests.csproj]
Test\ClientLocalStatePageTest.cs(10,6): error CS0246: The type or namespace name 'TestFixtureAttribute' could not be found (are you missing a using directive or an assembly reference?) [C:\Work\Starcounter\UniformDocs\test\UniformDocs.Tests\UniformDocs.Tests.csproj]
Test\ClientLocalStatePageTest.cs(10,6): error CS0246: The type or namespace name 'TestFixture' could not be found (are you missing a using directive or an assembly reference?) [C:\Work\Starcounter\UniformDocs\test\UniformDocs.Tests\UniformDocs.Tests.csproj]
Ui\ProgressBarPage.cs(13,10): error CS0246: The type or namespace name 'FindsByAttribute' could not be found (are you missing a using directive or an assembly reference?) [C:\Work\Starcounter\UniformDocs\test\UniformDocs.Tests\UniformDocs.Tests.csproj]
Ui\ProgressBarPage.cs(13,10): error CS0246: The type or namespace name 'FindsBy' could not be found (are you missing a using directive or an assembly reference?) [C:\Work\Starcounter\UniformDocs\test\UniformDocs.Tests\UniformDocs.Tests.csproj]
Ui\ProgressBarPage.cs(13,18): error CS0246: The type or namespace name 'How' could not be found (are you missing a using directive or an assembly reference?) [C:\Work\Starcounter\UniformDocs\test\UniformDocs.Tests\UniformDocs.Tests.csproj]
Ui\ProgressBarPage.cs(13,24): error CS0103: The name 'How' does not exist in the current context [C:\Work\Starcounter\UniformDocs\test\UniformDocs.Tests\UniformDocs.Tests.csproj]
Ui\ProgressBarPage.cs(13,41): error CS0246: The type or namespace name 'Using' could not be found (are you missing a using directive or an assembly reference?) [C:\Work\Starcounter\UniformDocs\test\UniformDocs.Tests\UniformDocs.Tests.csproj]
Test\FileUploadPageTest.cs(23,10): error CS0246: The type or namespace name 'SetUpAttribute' could not be found (are you missing a using directive or an assembly reference?) [C:\Work\Starcounter\UniformDocs\test\UniformDocs.Tests\UniformDocs.Tests.csproj]
Test\FileUploadPageTest.cs(23,10): error CS0246: The type or namespace name 'SetUp' could not be found (are you missing a using directive or an assembly reference?) [C:\Work\Starcounter\UniformDocs\test\UniformDocs.Tests\UniformDocs.Tests.csproj]
Test\FileUploadPageTest.cs(30,10): error CS0616: 'UniformDocs.Tests.Test' is not an attribute class [C:\Work\Starcounter\UniformDocs\test\UniformDocs.Tests\UniformDocs.Tests.csproj]
Ui\ProgressBarPage.cs(16,10): error CS0246: The type or namespace name 'FindsByAttribute' could not be found (are you missing a using directive or an assembly reference?) [C:\Work\Starcounter\UniformDocs\test\UniformDocs.Tests\UniformDocs.Tests.csproj]
Ui\ProgressBarPage.cs(16,10): error CS0246: The type or namespace name 'FindsBy' could not be found (are you missing a using directive or an assembly reference?) [C:\Work\Starcounter\UniformDocs\test\UniformDocs.Tests\UniformDocs.Tests.csproj]
Ui\ProgressBarPage.cs(16,18): error CS0246: The type or namespace name 'How' could not be found (are you missing a using directive or an assembly reference?) [C:\Work\Starcounter\UniformDocs\test\UniformDocs.Tests\UniformDocs.Tests.csproj]
Ui\ProgressBarPage.cs(16,24): error CS0103: The name 'How' does not exist in the current context [C:\Work\Starcounter\UniformDocs\test\UniformDocs.Tests\UniformDocs.Tests.csproj]
Ui\ProgressBarPage.cs(16,39): error CS0246: The type or namespace name 'Using' could not be found (are you missing a using directive or an assembly reference?) [C:\Work\Starcounter\UniformDocs\test\UniformDocs.Tests\UniformDocs.Tests.csproj]
Test\FileUploadPageTest.cs(48,10): error CS0616: 'UniformDocs.Tests.Test' is not an attribute class [C:\Work\Starcounter\UniformDocs\test\UniformDocs.Tests\UniformDocs.Tests.csproj]
Test\ClientLocalStatePageTest.cs(20,10): error CS0246: The type or namespace name 'SetUpAttribute' could not be found (are you missing a using directive or an assembly reference?) [C:\Work\Starcounter\UniformDocs\test\UniformDocs.Tests\UniformDocs.Tests.csproj]
Test\ClientLocalStatePageTest.cs(20,10): error CS0246: The type or namespace name 'SetUp' could not be found (are you missing a using directive or an assembly reference?) [C:\Work\Starcounter\UniformDocs\test\UniformDocs.Tests\UniformDocs.Tests.csproj]
Test\FileUploadPageTest.cs(69,10): error CS0616: 'UniformDocs.Tests.Test' is not an attribute class [C:\Work\Starcounter\UniformDocs\test\UniformDocs.Tests\UniformDocs.Tests.csproj]
Test\ClientLocalStatePageTest.cs(27,10): error CS0616: 'UniformDocs.Tests.Test' is not an attribute class [C:\Work\Starcounter\UniformDocs\test\UniformDocs.Tests\UniformDocs.Tests.csproj]
Test\ClientLocalStatePageTest.cs(49,10): error CS0616: 'UniformDocs.Tests.Test' is not an attribute class [C:\Work\Starcounter\UniformDocs\test\UniformDocs.Tests\UniformDocs.Tests.csproj]
Ui\RadiolistPage.cs(16,16): error CS0246: The type or namespace name 'IWebElement' could not be found (are you missing a using directive or an assembly reference?) [C:\Work\Starcounter\UniformDocs\test\UniformDocs.Tests\UniformDocs.Tests.csproj]
Test\CheckboxPageTest.cs(8,6): error CS0246: The type or namespace name 'TestFixtureAttribute' could not be found (are you missing a using directive or an assembly reference?) [C:\Work\Starcounter\UniformDocs\test\UniformDocs.Tests\UniformDocs.Tests.csproj]
Test\CheckboxPageTest.cs(8,6): error CS0246: The type or namespace name 'TestFixture' could not be found (are you missing a using directive or an assembly reference?) [C:\Work\Starcounter\UniformDocs\test\UniformDocs.Tests\UniformDocs.Tests.csproj]
Test\CheckboxPageTest.cs(9,6): error CS0246: The type or namespace name 'TestFixtureAttribute' could not be found (are you missing a using directive or an assembly reference?) [C:\Work\Starcounter\UniformDocs\test\UniformDocs.Tests\UniformDocs.Tests.csproj]
Test\CheckboxPageTest.cs(9,6): error CS0246: The type or namespace name 'TestFixture' could not be found (are you missing a using directive or an assembly reference?) [C:\Work\Starcounter\UniformDocs\test\UniformDocs.Tests\UniformDocs.Tests.csproj]
Test\CheckboxPageTest.cs(10,6): error CS0246: The type or namespace name 'TestFixtureAttribute' could not be found (are you missing a using directive or an assembly reference?) [C:\Work\Starcounter\UniformDocs\test\UniformDocs.Tests\UniformDocs.Tests.csproj]
Test\CheckboxPageTest.cs(10,6): error CS0246: The type or namespace name 'TestFixture' could not be found (are you missing a using directive or an assembly reference?) [C:\Work\Starcounter\UniformDocs\test\UniformDocs.Tests\UniformDocs.Tests.csproj]
Test\CheckboxPageTest.cs(11,6): error CS0246: The type or namespace name 'TestFixtureAttribute' could not be found (are you missing a using directive or an assembly reference?) [C:\Work\Starcounter\UniformDocs\test\UniformDocs.Tests\UniformDocs.Tests.csproj]
Test\CheckboxPageTest.cs(11,6): error CS0246: The type or namespace name 'TestFixture' could not be found (are you missing a using directive or an assembly reference?) [C:\Work\Starcounter\UniformDocs\test\UniformDocs.Tests\UniformDocs.Tests.csproj]
Ui\RadiolistPage.cs(19,22): error CS0246: The type or namespace name 'IWebElement' could not be found (are you missing a using directive or an assembly reference?) [C:\Work\Starcounter\UniformDocs\test\UniformDocs.Tests\UniformDocs.Tests.csproj]
Ui\RadiolistPage.cs(10,30): error CS0246: The type or namespace name 'IWebDriver' could not be found (are you missing a using directive or an assembly reference?) [C:\Work\Starcounter\UniformDocs\test\UniformDocs.Tests\UniformDocs.Tests.csproj]
Test\PaginationPageTest.cs(8,6): error CS0246: The type or namespace name 'TestFixtureAttribute' could not be found (are you missing a using directive or an assembly reference?) [C:\Work\Starcounter\UniformDocs\test\UniformDocs.Tests\UniformDocs.Tests.csproj]
Test\PaginationPageTest.cs(8,6): error CS0246: The type or namespace name 'TestFixture' could not be found (are you missing a using directive or an assembly reference?) [C:\Work\Starcounter\UniformDocs\test\UniformDocs.Tests\UniformDocs.Tests.csproj]
Test\PaginationPageTest.cs(9,6): error CS0246: The type or namespace name 'TestFixtureAttribute' could not be found (are you missing a using directive or an assembly reference?) [C:\Work\Starcounter\UniformDocs\test\UniformDocs.Tests\UniformDocs.Tests.csproj]
Test\PaginationPageTest.cs(9,6): error CS0246: The type or namespace name 'TestFixture' could not be found (are you missing a using directive or an assembly reference?) [C:\Work\Starcounter\UniformDocs\test\UniformDocs.Tests\UniformDocs.Tests.csproj]
Test\PaginationPageTest.cs(10,6): error CS0246: The type or namespace name 'TestFixtureAttribute' could not be found (are you missing a using directive or an assembly reference?) [C:\Work\Starcounter\UniformDocs\test\UniformDocs.Tests\UniformDocs.Tests.csproj]
Test\PaginationPageTest.cs(10,6): error CS0246: The type or namespace name 'TestFixture' could not be found (are you missing a using directive or an assembly reference?) [C:\Work\Starcounter\UniformDocs\test\UniformDocs.Tests\UniformDocs.Tests.csproj]
Test\PaginationPageTest.cs(11,6): error CS0246: The type or namespace name 'TestFixtureAttribute' could not be found (are you missing a using directive or an assembly reference?) [C:\Work\Starcounter\UniformDocs\test\UniformDocs.Tests\UniformDocs.Tests.csproj]
Test\PaginationPageTest.cs(11,6): error CS0246: The type or namespace name 'TestFixture' could not be found (are you missing a using directive or an assembly reference?) [C:\Work\Starcounter\UniformDocs\test\UniformDocs.Tests\UniformDocs.Tests.csproj]
Test\ProgressBarTest.cs(7,6): error CS0246: The type or namespace name 'TestFixtureAttribute' could not be found (are you missing a using directive or an assembly reference?) [C:\Work\Starcounter\UniformDocs\test\UniformDocs.Tests\UniformDocs.Tests.csproj]
Test\ProgressBarTest.cs(7,6): error CS0246: The type or namespace name 'TestFixture' could not be found (are you missing a using directive or an assembly reference?) [C:\Work\Starcounter\UniformDocs\test\UniformDocs.Tests\UniformDocs.Tests.csproj]
Test\ProgressBarTest.cs(8,6): error CS0246: The type or namespace name 'TestFixtureAttribute' could not be found (are you missing a using directive or an assembly reference?) [C:\Work\Starcounter\UniformDocs\test\UniformDocs.Tests\UniformDocs.Tests.csproj]
Test\ProgressBarTest.cs(8,6): error CS0246: The type or namespace name 'TestFixture' could not be found (are you missing a using directive or an assembly reference?) [C:\Work\Starcounter\UniformDocs\test\UniformDocs.Tests\UniformDocs.Tests.csproj]
Test\ProgressBarTest.cs(9,6): error CS0246: The type or namespace name 'TestFixtureAttribute' could not be found (are you missing a using directive or an assembly reference?) [C:\Work\Starcounter\UniformDocs\test\UniformDocs.Tests\UniformDocs.Tests.csproj]
Test\ProgressBarTest.cs(9,6): error CS0246: The type or namespace name 'TestFixture' could not be found (are you missing a using directive or an assembly reference?) [C:\Work\Starcounter\UniformDocs\test\UniformDocs.Tests\UniformDocs.Tests.csproj]
Test\ProgressBarTest.cs(10,6): error CS0246: The type or namespace name 'TestFixtureAttribute' could not be found (are you missing a using directive or an assembly reference?) [C:\Work\Starcounter\UniformDocs\test\UniformDocs.Tests\UniformDocs.Tests.csproj]
Test\ProgressBarTest.cs(10,6): error CS0246: The type or namespace name 'TestFixture' could not be found (are you missing a using directive or an assembly reference?) [C:\Work\Starcounter\UniformDocs\test\UniformDocs.Tests\UniformDocs.Tests.csproj]
Ui\RadiolistPage.cs(15,10): error CS0246: The type or namespace name 'FindsByAttribute' could not be found (are you missing a using directive or an assembly reference?) [C:\Work\Starcounter\UniformDocs\test\UniformDocs.Tests\UniformDocs.Tests.csproj]
Ui\RadiolistPage.cs(15,10): error CS0246: The type or namespace name 'FindsBy' could not be found (are you missing a using directive or an assembly reference?) [C:\Work\Starcounter\UniformDocs\test\UniformDocs.Tests\UniformDocs.Tests.csproj]
Ui\RadiolistPage.cs(15,18): error CS0246: The type or namespace name 'How' could not be found (are you missing a using directive or an assembly reference?) [C:\Work\Starcounter\UniformDocs\test\UniformDocs.Tests\UniformDocs.Tests.csproj]
Ui\RadiolistPage.cs(15,24): error CS0103: The name 'How' does not exist in the current context [C:\Work\Starcounter\UniformDocs\test\UniformDocs.Tests\UniformDocs.Tests.csproj]
Ui\RadiolistPage.cs(15,41): error CS0246: The type or namespace name 'Using' could not be found (are you missing a using directive or an assembly reference?) [C:\Work\Starcounter\UniformDocs\test\UniformDocs.Tests\UniformDocs.Tests.csproj]
Test\CheckboxPageTest.cs(21,10): error CS0246: The type or namespace name 'SetUpAttribute' could not be found (are you missing a using directive or an assembly reference?) [C:\Work\Starcounter\UniformDocs\test\UniformDocs.Tests\UniformDocs.Tests.csproj]
Test\CheckboxPageTest.cs(21,10): error CS0246: The type or namespace name 'SetUp' could not be found (are you missing a using directive or an assembly reference?) [C:\Work\Starcounter\UniformDocs\test\UniformDocs.Tests\UniformDocs.Tests.csproj]
Test\CheckboxPageTest.cs(28,10): error CS0616: 'UniformDocs.Tests.Test' is not an attribute class [C:\Work\Starcounter\UniformDocs\test\UniformDocs.Tests\UniformDocs.Tests.csproj]
Test\CheckboxPageTest.cs(39,10): error CS0616: 'UniformDocs.Tests.Test' is not an attribute class [C:\Work\Starcounter\UniformDocs\test\UniformDocs.Tests\UniformDocs.Tests.csproj]
Test\ProgressBarTest.cs(20,10): error CS0246: The type or namespace name 'SetUpAttribute' could not be found (are you missing a using directive or an assembly reference?) [C:\Work\Starcounter\UniformDocs\test\UniformDocs.Tests\UniformDocs.Tests.csproj]
Test\PaginationPageTest.cs(21,10): error CS0246: The type or namespace name 'SetUpAttribute' could not be found (are you missing a using directive or an assembly reference?) [C:\Work\Starcounter\UniformDocs\test\UniformDocs.Tests\UniformDocs.Tests.csproj]
Test\ProgressBarTest.cs(20,10): error CS0246: The type or namespace name 'SetUp' could not be found (are you missing a using directive or an assembly reference?) [C:\Work\Starcounter\UniformDocs\test\UniformDocs.Tests\UniformDocs.Tests.csproj]
Test\PaginationPageTest.cs(21,10): error CS0246: The type or namespace name 'SetUp' could not be found (are you missing a using directive or an assembly reference?) [C:\Work\Starcounter\UniformDocs\test\UniformDocs.Tests\UniformDocs.Tests.csproj]
Ui\RadiolistPage.cs(18,10): error CS0246: The type or namespace name 'FindsByAttribute' could not be found (are you missing a using directive or an assembly reference?) [C:\Work\Starcounter\UniformDocs\test\UniformDocs.Tests\UniformDocs.Tests.csproj]
Ui\RadiolistPage.cs(18,10): error CS0246: The type or namespace name 'FindsBy' could not be found (are you missing a using directive or an assembly reference?) [C:\Work\Starcounter\UniformDocs\test\UniformDocs.Tests\UniformDocs.Tests.csproj]
Ui\RadiolistPage.cs(18,18): error CS0246: The type or namespace name 'How' could not be found (are you missing a using directive or an assembly reference?) [C:\Work\Starcounter\UniformDocs\test\UniformDocs.Tests\UniformDocs.Tests.csproj]
Ui\RadiolistPage.cs(18,24): error CS0103: The name 'How' does not exist in the current context [C:\Work\Starcounter\UniformDocs\test\UniformDocs.Tests\UniformDocs.Tests.csproj]
Ui\RadiolistPage.cs(18,41): error CS0246: The type or namespace name 'Using' could not be found (are you missing a using directive or an assembly reference?) [C:\Work\Starcounter\UniformDocs\test\UniformDocs.Tests\UniformDocs.Tests.csproj]
Test\ProgressBarTest.cs(27,10): error CS0616: 'UniformDocs.Tests.Test' is not an attribute class [C:\Work\Starcounter\UniformDocs\test\UniformDocs.Tests\UniformDocs.Tests.csproj]
Test\PaginationPageTest.cs(28,10): error CS0616: 'UniformDocs.Tests.Test' is not an attribute class [C:\Work\Starcounter\UniformDocs\test\UniformDocs.Tests\UniformDocs.Tests.csproj]
Test\ProgressBarTest.cs(36,10): error CS0616: 'UniformDocs.Tests.Test' is not an attribute class [C:\Work\Starcounter\UniformDocs\test\UniformDocs.Tests\UniformDocs.Tests.csproj]
Test\PaginationPageTest.cs(46,10): error CS0616: 'UniformDocs.Tests.Test' is not an attribute class [C:\Work\Starcounter\UniformDocs\test\UniformDocs.Tests\UniformDocs.Tests.csproj]
Test\PaginationPageTest.cs(65,10): error CS0616: 'UniformDocs.Tests.Test' is not an attribute class [C:\Work\Starcounter\UniformDocs\test\UniformDocs.Tests\UniformDocs.Tests.csproj]
Ui\RadioPage.cs(16,16): error CS0246: The type or namespace name 'IWebElement' could not be found (are you missing a using directive or an assembly reference?) [C:\Work\Starcounter\UniformDocs\test\UniformDocs.Tests\UniformDocs.Tests.csproj]
Ui\RadioPage.cs(19,22): error CS0246: The type or namespace name 'IWebElement' could not be found (are you missing a using directive or an assembly reference?) [C:\Work\Starcounter\UniformDocs\test\UniformDocs.Tests\UniformDocs.Tests.csproj]
Test\UrlPageTest.cs(10,6): error CS0246: The type or namespace name 'TestFixtureAttribute' could not be found (are you missing a using directive or an assembly reference?) [C:\Work\Starcounter\UniformDocs\test\UniformDocs.Tests\UniformDocs.Tests.csproj]
Test\UrlPageTest.cs(10,6): error CS0246: The type or namespace name 'TestFixture' could not be found (are you missing a using directive or an assembly reference?) [C:\Work\Starcounter\UniformDocs\test\UniformDocs.Tests\UniformDocs.Tests.csproj]
Test\UrlPageTest.cs(11,6): error CS0246: The type or namespace name 'TestFixtureAttribute' could not be found (are you missing a using directive or an assembly reference?) [C:\Work\Starcounter\UniformDocs\test\UniformDocs.Tests\UniformDocs.Tests.csproj]
Test\UrlPageTest.cs(11,6): error CS0246: The type or namespace name 'TestFixture' could not be found (are you missing a using directive or an assembly reference?) [C:\Work\Starcounter\UniformDocs\test\UniformDocs.Tests\UniformDocs.Tests.csproj]
Test\UrlPageTest.cs(12,6): error CS0246: The type or namespace name 'TestFixtureAttribute' could not be found (are you missing a using directive or an assembly reference?) [C:\Work\Starcounter\UniformDocs\test\UniformDocs.Tests\UniformDocs.Tests.csproj]
Test\UrlPageTest.cs(12,6): error CS0246: The type or namespace name 'TestFixture' could not be found (are you missing a using directive or an assembly reference?) [C:\Work\Starcounter\UniformDocs\test\UniformDocs.Tests\UniformDocs.Tests.csproj]
Test\UrlPageTest.cs(13,6): error CS0246: The type or namespace name 'TestFixtureAttribute' could not be found (are you missing a using directive or an assembly reference?) [C:\Work\Starcounter\UniformDocs\test\UniformDocs.Tests\UniformDocs.Tests.csproj]
Test\UrlPageTest.cs(13,6): error CS0246: The type or namespace name 'TestFixture' could not be found (are you missing a using directive or an assembly reference?) [C:\Work\Starcounter\UniformDocs\test\UniformDocs.Tests\UniformDocs.Tests.csproj]
Ui\RadioPage.cs(10,26): error CS0246: The type or namespace name 'IWebDriver' could not be found (are you missing a using directive or an assembly reference?) [C:\Work\Starcounter\UniformDocs\test\UniformDocs.Tests\UniformDocs.Tests.csproj]
Test\RadiolistPageTest.cs(7,6): error CS0246: The type or namespace name 'TestFixtureAttribute' could not be found (are you missing a using directive or an assembly reference?) [C:\Work\Starcounter\UniformDocs\test\UniformDocs.Tests\UniformDocs.Tests.csproj]
Test\RadiolistPageTest.cs(7,6): error CS0246: The type or namespace name 'TestFixture' could not be found (are you missing a using directive or an assembly reference?) [C:\Work\Starcounter\UniformDocs\test\UniformDocs.Tests\UniformDocs.Tests.csproj]
Test\RadiolistPageTest.cs(8,6): error CS0246: The type or namespace name 'TestFixtureAttribute' could not be found (are you missing a using directive or an assembly reference?) [C:\Work\Starcounter\UniformDocs\test\UniformDocs.Tests\UniformDocs.Tests.csproj]
Test\RadiolistPageTest.cs(8,6): error CS0246: The type or namespace name 'TestFixture' could not be found (are you missing a using directive or an assembly reference?) [C:\Work\Starcounter\UniformDocs\test\UniformDocs.Tests\UniformDocs.Tests.csproj]
Test\RadiolistPageTest.cs(9,6): error CS0246: The type or namespace name 'TestFixtureAttribute' could not be found (are you missing a using directive or an assembly reference?) [C:\Work\Starcounter\UniformDocs\test\UniformDocs.Tests\UniformDocs.Tests.csproj]
Test\RadiolistPageTest.cs(9,6): error CS0246: The type or namespace name 'TestFixture' could not be found (are you missing a using directive or an assembly reference?) [C:\Work\Starcounter\UniformDocs\test\UniformDocs.Tests\UniformDocs.Tests.csproj]
Test\RadiolistPageTest.cs(10,6): error CS0246: The type or namespace name 'TestFixtureAttribute' could not be found (are you missing a using directive or an assembly reference?) [C:\Work\Starcounter\UniformDocs\test\UniformDocs.Tests\UniformDocs.Tests.csproj]
Test\RadiolistPageTest.cs(10,6): error CS0246: The type or namespace name 'TestFixture' could not be found (are you missing a using directive or an assembly reference?) [C:\Work\Starcounter\UniformDocs\test\UniformDocs.Tests\UniformDocs.Tests.csproj]
Test\ButtonPageTest.cs(10,6): error CS0246: The type or namespace name 'TestFixtureAttribute' could not be found (are you missing a using directive or an assembly reference?) [C:\Work\Starcounter\UniformDocs\test\UniformDocs.Tests\UniformDocs.Tests.csproj]
Test\ButtonPageTest.cs(10,6): error CS0246: The type or namespace name 'TestFixture' could not be found (are you missing a using directive or an assembly reference?) [C:\Work\Starcounter\UniformDocs\test\UniformDocs.Tests\UniformDocs.Tests.csproj]
Test\ButtonPageTest.cs(11,6): error CS0246: The type or namespace name 'TestFixtureAttribute' could not be found (are you missing a using directive or an assembly reference?) [C:\Work\Starcounter\UniformDocs\test\UniformDocs.Tests\UniformDocs.Tests.csproj]
Test\ButtonPageTest.cs(11,6): error CS0246: The type or namespace name 'TestFixture' could not be found (are you missing a using directive or an assembly reference?) [C:\Work\Starcounter\UniformDocs\test\UniformDocs.Tests\UniformDocs.Tests.csproj]
Test\ButtonPageTest.cs(12,6): error CS0246: The type or namespace name 'TestFixtureAttribute' could not be found (are you missing a using directive or an assembly reference?) [C:\Work\Starcounter\UniformDocs\test\UniformDocs.Tests\UniformDocs.Tests.csproj]
Test\ButtonPageTest.cs(12,6): error CS0246: The type or namespace name 'TestFixture' could not be found (are you missing a using directive or an assembly reference?) [C:\Work\Starcounter\UniformDocs\test\UniformDocs.Tests\UniformDocs.Tests.csproj]
Test\ButtonPageTest.cs(13,6): error CS0246: The type or namespace name 'TestFixtureAttribute' could not be found (are you missing a using directive or an assembly reference?) [C:\Work\Starcounter\UniformDocs\test\UniformDocs.Tests\UniformDocs.Tests.csproj]
Test\ButtonPageTest.cs(13,6): error CS0246: The type or namespace name 'TestFixture' could not be found (are you missing a using directive or an assembly reference?) [C:\Work\Starcounter\UniformDocs\test\UniformDocs.Tests\UniformDocs.Tests.csproj]
Ui\RadioPage.cs(15,10): error CS0246: The type or namespace name 'FindsByAttribute' could not be found (are you missing a using directive or an assembly reference?) [C:\Work\Starcounter\UniformDocs\test\UniformDocs.Tests\UniformDocs.Tests.csproj]
Ui\RadioPage.cs(15,10): error CS0246: The type or namespace name 'FindsBy' could not be found (are you missing a using directive or an assembly reference?) [C:\Work\Starcounter\UniformDocs\test\UniformDocs.Tests\UniformDocs.Tests.csproj]
Ui\RadioPage.cs(15,18): error CS0246: The type or namespace name 'How' could not be found (are you missing a using directive or an assembly reference?) [C:\Work\Starcounter\UniformDocs\test\UniformDocs.Tests\UniformDocs.Tests.csproj]
Ui\RadioPage.cs(15,24): error CS0103: The name 'How' does not exist in the current context [C:\Work\Starcounter\UniformDocs\test\UniformDocs.Tests\UniformDocs.Tests.csproj]
Ui\RadioPage.cs(15,41): error CS0246: The type or namespace name 'Using' could not be found (are you missing a using directive or an assembly reference?) [C:\Work\Starcounter\UniformDocs\test\UniformDocs.Tests\UniformDocs.Tests.csproj]
Test\RadiolistPageTest.cs(20,10): error CS0246: The type or namespace name 'SetUpAttribute' could not be found (are you missing a using directive or an assembly reference?) [C:\Work\Starcounter\UniformDocs\test\UniformDocs.Tests\UniformDocs.Tests.csproj]
Test\RadiolistPageTest.cs(20,10): error CS0246: The type or namespace name 'SetUp' could not be found (are you missing a using directive or an assembly reference?) [C:\Work\Starcounter\UniformDocs\test\UniformDocs.Tests\UniformDocs.Tests.csproj]
Test\RadiolistPageTest.cs(27,10): error CS0616: 'UniformDocs.Tests.Test' is not an attribute class [C:\Work\Starcounter\UniformDocs\test\UniformDocs.Tests\UniformDocs.Tests.csproj]
Test\ButtonPageTest.cs(24,10): error CS0246: The type or namespace name 'SetUpAttribute' could not be found (are you missing a using directive or an assembly reference?) [C:\Work\Starcounter\UniformDocs\test\UniformDocs.Tests\UniformDocs.Tests.csproj]
Test\ButtonPageTest.cs(24,10): error CS0246: The type or namespace name 'SetUp' could not be found (are you missing a using directive or an assembly reference?) [C:\Work\Starcounter\UniformDocs\test\UniformDocs.Tests\UniformDocs.Tests.csproj]
Test\RadiolistPageTest.cs(39,10): error CS0616: 'UniformDocs.Tests.Test' is not an attribute class [C:\Work\Starcounter\UniformDocs\test\UniformDocs.Tests\UniformDocs.Tests.csproj]
Ui\RadioPage.cs(18,10): error CS0246: The type or namespace name 'FindsByAttribute' could not be found (are you missing a using directive or an assembly reference?) [C:\Work\Starcounter\UniformDocs\test\UniformDocs.Tests\UniformDocs.Tests.csproj]
Ui\RadioPage.cs(18,10): error CS0246: The type or namespace name 'FindsBy' could not be found (are you missing a using directive or an assembly reference?) [C:\Work\Starcounter\UniformDocs\test\UniformDocs.Tests\UniformDocs.Tests.csproj]
Ui\RadioPage.cs(18,18): error CS0246: The type or namespace name 'How' could not be found (are you missing a using directive or an assembly reference?) [C:\Work\Starcounter\UniformDocs\test\UniformDocs.Tests\UniformDocs.Tests.csproj]
Ui\RadioPage.cs(18,24): error CS0103: The name 'How' does not exist in the current context [C:\Work\Starcounter\UniformDocs\test\UniformDocs.Tests\UniformDocs.Tests.csproj]
Ui\RadioPage.cs(18,41): error CS0246: The type or namespace name 'Using' could not be found (are you missing a using directive or an assembly reference?) [C:\Work\Starcounter\UniformDocs\test\UniformDocs.Tests\UniformDocs.Tests.csproj]
Test\ButtonPageTest.cs(31,10): error CS0616: 'UniformDocs.Tests.Test' is not an attribute class [C:\Work\Starcounter\UniformDocs\test\UniformDocs.Tests\UniformDocs.Tests.csproj]
Test\ButtonPageTest.cs(50,10): error CS0616: 'UniformDocs.Tests.Test' is not an attribute class [C:\Work\Starcounter\UniformDocs\test\UniformDocs.Tests\UniformDocs.Tests.csproj]
Ui\BasePage.cs(19,16): error CS0246: The type or namespace name 'IWebElement' could not be found (are you missing a using directive or an assembly reference?) [C:\Work\Starcounter\UniformDocs\test\UniformDocs.Tests\UniformDocs.Tests.csproj]
Test\ButtonPageTest.cs(58,10): error CS0616: 'UniformDocs.Tests.Test' is not an attribute class [C:\Work\Starcounter\UniformDocs\test\UniformDocs.Tests\UniformDocs.Tests.csproj]
Test\UrlPageTest.cs(23,10): error CS0246: The type or namespace name 'SetUpAttribute' could not be found (are you missing a using directive or an assembly reference?) [C:\Work\Starcounter\UniformDocs\test\UniformDocs.Tests\UniformDocs.Tests.csproj]
Test\UrlPageTest.cs(23,10): error CS0246: The type or namespace name 'SetUp' could not be found (are you missing a using directive or an assembly reference?) [C:\Work\Starcounter\UniformDocs\test\UniformDocs.Tests\UniformDocs.Tests.csproj]
Ui\BasePage.cs(22,16): error CS0246: The type or namespace name 'IWebElement' could not be found (are you missing a using directive or an assembly reference?) [C:\Work\Starcounter\UniformDocs\test\UniformDocs.Tests\UniformDocs.Tests.csproj]
Test\ButtonPageTest.cs(69,10): error CS0616: 'UniformDocs.Tests.Test' is not an attribute class [C:\Work\Starcounter\UniformDocs\test\UniformDocs.Tests\UniformDocs.Tests.csproj]
Test\UrlPageTest.cs(36,10): error CS0246: The type or namespace name 'TearDownAttribute' could not be found (are you missing a using directive or an assembly reference?) [C:\Work\Starcounter\UniformDocs\test\UniformDocs.Tests\UniformDocs.Tests.csproj]
Test\UrlPageTest.cs(36,10): error CS0246: The type or namespace name 'TearDown' could not be found (are you missing a using directive or an assembly reference?) [C:\Work\Starcounter\UniformDocs\test\UniformDocs.Tests\UniformDocs.Tests.csproj]
Ui\BasePage.cs(25,16): error CS0246: The type or namespace name 'IWebElement' could not be found (are you missing a using directive or an assembly reference?) [C:\Work\Starcounter\UniformDocs\test\UniformDocs.Tests\UniformDocs.Tests.csproj]
Test\ButtonPageTest.cs(79,10): error CS0616: 'UniformDocs.Tests.Test' is not an attribute class [C:\Work\Starcounter\UniformDocs\test\UniformDocs.Tests\UniformDocs.Tests.csproj]
Test\UrlPageTest.cs(42,10): error CS0616: 'UniformDocs.Tests.Test' is not an attribute class [C:\Work\Starcounter\UniformDocs\test\UniformDocs.Tests\UniformDocs.Tests.csproj]
Ui\BasePage.cs(28,16): error CS0246: The type or namespace name 'IWebElement' could not be found (are you missing a using directive or an assembly reference?) [C:\Work\Starcounter\UniformDocs\test\UniformDocs.Tests\UniformDocs.Tests.csproj]
Test\ButtonPageTest.cs(88,10): error CS0616: 'UniformDocs.Tests.Test' is not an attribute class [C:\Work\Starcounter\UniformDocs\test\UniformDocs.Tests\UniformDocs.Tests.csproj]
Ui\BasePage.cs(31,16): error CS0246: The type or namespace name 'IWebElement' could not be found (are you missing a using directive or an assembly reference?) [C:\Work\Starcounter\UniformDocs\test\UniformDocs.Tests\UniformDocs.Tests.csproj]
Test\UrlPageTest.cs(66,10): error CS0616: 'UniformDocs.Tests.Test' is not an attribute class [C:\Work\Starcounter\UniformDocs\test\UniformDocs.Tests\UniformDocs.Tests.csproj]
Ui\BasePage.cs(34,16): error CS0246: The type or namespace name 'IWebElement' could not be found (are you missing a using directive or an assembly reference?) [C:\Work\Starcounter\UniformDocs\test\UniformDocs.Tests\UniformDocs.Tests.csproj]
Test\UrlPageTest.cs(89,10): error CS0616: 'UniformDocs.Tests.Test' is not an attribute class [C:\Work\Starcounter\UniformDocs\test\UniformDocs.Tests\UniformDocs.Tests.csproj]
Ui\BasePage.cs(37,16): error CS0246: The type or namespace name 'IWebElement' could not be found (are you missing a using directive or an assembly reference?) [C:\Work\Starcounter\UniformDocs\test\UniformDocs.Tests\UniformDocs.Tests.csproj]
Test\UrlPageTest.cs(99,10): error CS0616: 'UniformDocs.Tests.Test' is not an attribute class [C:\Work\Starcounter\UniformDocs\test\UniformDocs.Tests\UniformDocs.Tests.csproj]
Ui\BasePage.cs(40,16): error CS0246: The type or namespace name 'IWebElement' could not be found (are you missing a using directive or an assembly reference?) [C:\Work\Starcounter\UniformDocs\test\UniformDocs.Tests\UniformDocs.Tests.csproj]
Test\UrlPageTest.cs(113,10): error CS0616: 'UniformDocs.Tests.Test' is not an attribute class [C:\Work\Starcounter\UniformDocs\test\UniformDocs.Tests\UniformDocs.Tests.csproj]
Ui\BasePage.cs(43,16): error CS0246: The type or namespace name 'IWebElement' could not be found (are you missing a using directive or an assembly reference?) [C:\Work\Starcounter\UniformDocs\test\UniformDocs.Tests\UniformDocs.Tests.csproj]
Ui\BasePage.cs(46,16): error CS0246: The type or namespace name 'IWebElement' could not be found (are you missing a using directive or an assembly reference?) [C:\Work\Starcounter\UniformDocs\test\UniformDocs.Tests\UniformDocs.Tests.csproj]
Test\DropdownPageTest.cs(8,6): error CS0246: The type or namespace name 'TestFixtureAttribute' could not be found (are you missing a using directive or an assembly reference?) [C:\Work\Starcounter\UniformDocs\test\UniformDocs.Tests\UniformDocs.Tests.csproj]
Test\DropdownPageTest.cs(8,6): error CS0246: The type or namespace name 'TestFixture' could not be found (are you missing a using directive or an assembly reference?) [C:\Work\Starcounter\UniformDocs\test\UniformDocs.Tests\UniformDocs.Tests.csproj]
Test\DropdownPageTest.cs(9,6): error CS0246: The type or namespace name 'TestFixtureAttribute' could not be found (are you missing a using directive or an assembly reference?) [C:\Work\Starcounter\UniformDocs\test\UniformDocs.Tests\UniformDocs.Tests.csproj]
Test\DropdownPageTest.cs(9,6): error CS0246: The type or namespace name 'TestFixture' could not be found (are you missing a using directive or an assembly reference?) [C:\Work\Starcounter\UniformDocs\test\UniformDocs.Tests\UniformDocs.Tests.csproj]
Test\DropdownPageTest.cs(10,6): error CS0246: The type or namespace name 'TestFixtureAttribute' could not be found (are you missing a using directive or an assembly reference?) [C:\Work\Starcounter\UniformDocs\test\UniformDocs.Tests\UniformDocs.Tests.csproj]
Test\DropdownPageTest.cs(10,6): error CS0246: The type or namespace name 'TestFixture' could not be found (are you missing a using directive or an assembly reference?) [C:\Work\Starcounter\UniformDocs\test\UniformDocs.Tests\UniformDocs.Tests.csproj]
Test\DropdownPageTest.cs(11,6): error CS0246: The type or namespace name 'TestFixtureAttribute' could not be found (are you missing a using directive or an assembly reference?) [C:\Work\Starcounter\UniformDocs\test\UniformDocs.Tests\UniformDocs.Tests.csproj]
Test\DropdownPageTest.cs(11,6): error CS0246: The type or namespace name 'TestFixture' could not be found (are you missing a using directive or an assembly reference?) [C:\Work\Starcounter\UniformDocs\test\UniformDocs.Tests\UniformDocs.Tests.csproj]
Ui\BasePage.cs(50,16): error CS0246: The type or namespace name 'IWebElement' could not be found (are you missing a using directive or an assembly reference?) [C:\Work\Starcounter\UniformDocs\test\UniformDocs.Tests\UniformDocs.Tests.csproj]
Ui\BasePage.cs(53,16): error CS0246: The type or namespace name 'IWebElement' could not be found (are you missing a using directive or an assembly reference?) [C:\Work\Starcounter\UniformDocs\test\UniformDocs.Tests\UniformDocs.Tests.csproj]
Ui\BasePage.cs(56,16): error CS0246: The type or namespace name 'IWebElement' could not be found (are you missing a using directive or an assembly reference?) [C:\Work\Starcounter\UniformDocs\test\UniformDocs.Tests\UniformDocs.Tests.csproj]
Ui\BasePage.cs(59,16): error CS0246: The type or namespace name 'IWebElement' could not be found (are you missing a using directive or an assembly reference?) [C:\Work\Starcounter\UniformDocs\test\UniformDocs.Tests\UniformDocs.Tests.csproj]
Ui\BasePage.cs(62,16): error CS0246: The type or namespace name 'IWebElement' could not be found (are you missing a using directive or an assembly reference?) [C:\Work\Starcounter\UniformDocs\test\UniformDocs.Tests\UniformDocs.Tests.csproj]
Ui\BasePage.cs(65,16): error CS0246: The type or namespace name 'IWebElement' could not be found (are you missing a using directive or an assembly reference?) [C:\Work\Starcounter\UniformDocs\test\UniformDocs.Tests\UniformDocs.Tests.csproj]
Test\DatepickerPageTest.cs(10,6): error CS0246: The type or namespace name 'TestFixtureAttribute' could not be found (are you missing a using directive or an assembly reference?) [C:\Work\Starcounter\UniformDocs\test\UniformDocs.Tests\UniformDocs.Tests.csproj]
Test\DatepickerPageTest.cs(10,6): error CS0246: The type or namespace name 'TestFixture' could not be found (are you missing a using directive or an assembly reference?) [C:\Work\Starcounter\UniformDocs\test\UniformDocs.Tests\UniformDocs.Tests.csproj]
Test\DatepickerPageTest.cs(11,6): error CS0246: The type or namespace name 'TestFixtureAttribute' could not be found (are you missing a using directive or an assembly reference?) [C:\Work\Starcounter\UniformDocs\test\UniformDocs.Tests\UniformDocs.Tests.csproj]
Test\DatepickerPageTest.cs(11,6): error CS0246: The type or namespace name 'TestFixture' could not be found (are you missing a using directive or an assembly reference?) [C:\Work\Starcounter\UniformDocs\test\UniformDocs.Tests\UniformDocs.Tests.csproj]
Test\DatepickerPageTest.cs(12,6): error CS0246: The type or namespace name 'TestFixtureAttribute' could not be found (are you missing a using directive or an assembly reference?) [C:\Work\Starcounter\UniformDocs\test\UniformDocs.Tests\UniformDocs.Tests.csproj]
Test\DatepickerPageTest.cs(12,6): error CS0246: The type or namespace name 'TestFixture' could not be found (are you missing a using directive or an assembly reference?) [C:\Work\Starcounter\UniformDocs\test\UniformDocs.Tests\UniformDocs.Tests.csproj]
Test\DatepickerPageTest.cs(13,6): error CS0246: The type or namespace name 'TestFixtureAttribute' could not be found (are you missing a using directive or an assembly reference?) [C:\Work\Starcounter\UniformDocs\test\UniformDocs.Tests\UniformDocs.Tests.csproj]
Test\DatepickerPageTest.cs(13,6): error CS0246: The type or namespace name 'TestFixture' could not be found (are you missing a using directive or an assembly reference?) [C:\Work\Starcounter\UniformDocs\test\UniformDocs.Tests\UniformDocs.Tests.csproj]
Ui\BasePage.cs(68,16): error CS0246: The type or namespace name 'IWebElement' could not be found (are you missing a using directive or an assembly reference?) [C:\Work\Starcounter\UniformDocs\test\UniformDocs.Tests\UniformDocs.Tests.csproj]
Ui\BasePage.cs(71,16): error CS0246: The type or namespace name 'IWebElement' could not be found (are you missing a using directive or an assembly reference?) [C:\Work\Starcounter\UniformDocs\test\UniformDocs.Tests\UniformDocs.Tests.csproj]
Ui\BasePage.cs(74,16): error CS0246: The type or namespace name 'IWebElement' could not be found (are you missing a using directive or an assembly reference?) [C:\Work\Starcounter\UniformDocs\test\UniformDocs.Tests\UniformDocs.Tests.csproj]
Ui\BasePage.cs(77,16): error CS0246: The type or namespace name 'IWebElement' could not be found (are you missing a using directive or an assembly reference?) [C:\Work\Starcounter\UniformDocs\test\UniformDocs.Tests\UniformDocs.Tests.csproj]
Test\DropdownPageTest.cs(24,10): error CS0246: The type or namespace name 'SetUpAttribute' could not be found (are you missing a using directive or an assembly reference?) [C:\Work\Starcounter\UniformDocs\test\UniformDocs.Tests\UniformDocs.Tests.csproj]
Test\DropdownPageTest.cs(24,10): error CS0246: The type or namespace name 'SetUp' could not be found (are you missing a using directive or an assembly reference?) [C:\Work\Starcounter\UniformDocs\test\UniformDocs.Tests\UniformDocs.Tests.csproj]
Test\ToggleButtonPageTest.cs(7,6): error CS0246: The type or namespace name 'TestFixtureAttribute' could not be found (are you missing a using directive or an assembly reference?) [C:\Work\Starcounter\UniformDocs\test\UniformDocs.Tests\UniformDocs.Tests.csproj]
Test\ToggleButtonPageTest.cs(7,6): error CS0246: The type or namespace name 'TestFixture' could not be found (are you missing a using directive or an assembly reference?) [C:\Work\Starcounter\UniformDocs\test\UniformDocs.Tests\UniformDocs.Tests.csproj]
Test\ToggleButtonPageTest.cs(8,6): error CS0246: The type or namespace name 'TestFixtureAttribute' could not be found (are you missing a using directive or an assembly reference?) [C:\Work\Starcounter\UniformDocs\test\UniformDocs.Tests\UniformDocs.Tests.csproj]
Test\ToggleButtonPageTest.cs(8,6): error CS0246: The type or namespace name 'TestFixture' could not be found (are you missing a using directive or an assembly reference?) [C:\Work\Starcounter\UniformDocs\test\UniformDocs.Tests\UniformDocs.Tests.csproj]
Test\ToggleButtonPageTest.cs(9,6): error CS0246: The type or namespace name 'TestFixtureAttribute' could not be found (are you missing a using directive or an assembly reference?) [C:\Work\Starcounter\UniformDocs\test\UniformDocs.Tests\UniformDocs.Tests.csproj]
Test\ToggleButtonPageTest.cs(9,6): error CS0246: The type or namespace name 'TestFixture' could not be found (are you missing a using directive or an assembly reference?) [C:\Work\Starcounter\UniformDocs\test\UniformDocs.Tests\UniformDocs.Tests.csproj]
Test\ToggleButtonPageTest.cs(10,6): error CS0246: The type or namespace name 'TestFixtureAttribute' could not be found (are you missing a using directive or an assembly reference?) [C:\Work\Starcounter\UniformDocs\test\UniformDocs.Tests\UniformDocs.Tests.csproj]
Test\ToggleButtonPageTest.cs(10,6): error CS0246: The type or namespace name 'TestFixture' could not be found (are you missing a using directive or an assembly reference?) [C:\Work\Starcounter\UniformDocs\test\UniformDocs.Tests\UniformDocs.Tests.csproj]
Ui\BasePage.cs(80,16): error CS0246: The type or namespace name 'IWebElement' could not be found (are you missing a using directive or an assembly reference?) [C:\Work\Starcounter\UniformDocs\test\UniformDocs.Tests\UniformDocs.Tests.csproj]
Test\DropdownPageTest.cs(31,10): error CS0616: 'UniformDocs.Tests.Test' is not an attribute class [C:\Work\Starcounter\UniformDocs\test\UniformDocs.Tests\UniformDocs.Tests.csproj]
Ui\BasePage.cs(83,16): error CS0246: The type or namespace name 'IWebElement' could not be found (are you missing a using directive or an assembly reference?) [C:\Work\Starcounter\UniformDocs\test\UniformDocs.Tests\UniformDocs.Tests.csproj]
Test\DropdownPageTest.cs(43,10): error CS0616: 'UniformDocs.Tests.Test' is not an attribute class [C:\Work\Starcounter\UniformDocs\test\UniformDocs.Tests\UniformDocs.Tests.csproj]
Ui\BasePage.cs(86,16): error CS0246: The type or namespace name 'IWebElement' could not be found (are you missing a using directive or an assembly reference?) [C:\Work\Starcounter\UniformDocs\test\UniformDocs.Tests\UniformDocs.Tests.csproj]
Test\DropdownPageTest.cs(58,10): error CS0616: 'UniformDocs.Tests.Test' is not an attribute class [C:\Work\Starcounter\UniformDocs\test\UniformDocs.Tests\UniformDocs.Tests.csproj]
Test\DatepickerPageTest.cs(23,10): error CS0246: The type or namespace name 'SetUpAttribute' could not be found (are you missing a using directive or an assembly reference?) [C:\Work\Starcounter\UniformDocs\test\UniformDocs.Tests\UniformDocs.Tests.csproj]
Test\DatepickerPageTest.cs(23,10): error CS0246: The type or namespace name 'SetUp' could not be found (are you missing a using directive or an assembly reference?) [C:\Work\Starcounter\UniformDocs\test\UniformDocs.Tests\UniformDocs.Tests.csproj]
Ui\BasePage.cs(89,16): error CS0246: The type or namespace name 'IWebElement' could not be found (are you missing a using directive or an assembly reference?) [C:\Work\Starcounter\UniformDocs\test\UniformDocs.Tests\UniformDocs.Tests.csproj]
Test\DatepickerPageTest.cs(30,10): error CS0616: 'UniformDocs.Tests.Test' is not an attribute class [C:\Work\Starcounter\UniformDocs\test\UniformDocs.Tests\UniformDocs.Tests.csproj]
Test\DropdownPageTest.cs(70,10): error CS0616: 'UniformDocs.Tests.Test' is not an attribute class [C:\Work\Starcounter\UniformDocs\test\UniformDocs.Tests\UniformDocs.Tests.csproj]
Ui\BasePage.cs(92,16): error CS0246: The type or namespace name 'IWebElement' could not be found (are you missing a using directive or an assembly reference?) [C:\Work\Starcounter\UniformDocs\test\UniformDocs.Tests\UniformDocs.Tests.csproj]
Test\DatepickerPageTest.cs(41,10): error CS0616: 'UniformDocs.Tests.Test' is not an attribute class [C:\Work\Starcounter\UniformDocs\test\UniformDocs.Tests\UniformDocs.Tests.csproj]
Ui\BasePage.cs(94,56): error CS0246: The type or namespace name 'IWebElement' could not be found (are you missing a using directive or an assembly reference?) [C:\Work\Starcounter\UniformDocs\test\UniformDocs.Tests\UniformDocs.Tests.csproj]
Ui\BasePage.cs(94,16): error CS0246: The type or namespace name 'IWebElement' could not be found (are you missing a using directive or an assembly reference?) [C:\Work\Starcounter\UniformDocs\test\UniformDocs.Tests\UniformDocs.Tests.csproj]
Test\ToggleButtonPageTest.cs(20,10): error CS0246: The type or namespace name 'SetUpAttribute' could not be found (are you missing a using directive or an assembly reference?) [C:\Work\Starcounter\UniformDocs\test\UniformDocs.Tests\UniformDocs.Tests.csproj]
Test\ToggleButtonPageTest.cs(20,10): error CS0246: The type or namespace name 'SetUp' could not be found (are you missing a using directive or an assembly reference?) [C:\Work\Starcounter\UniformDocs\test\UniformDocs.Tests\UniformDocs.Tests.csproj]
Ui\BasePage.cs(100,29): error CS0246: The type or namespace name 'IWebElement' could not be found (are you missing a using directive or an assembly reference?) [C:\Work\Starcounter\UniformDocs\test\UniformDocs.Tests\UniformDocs.Tests.csproj]
Ui\BasePage.cs(106,32): error CS0246: The type or namespace name 'IWebElement' could not be found (are you missing a using directive or an assembly reference?) [C:\Work\Starcounter\UniformDocs\test\UniformDocs.Tests\UniformDocs.Tests.csproj]
Test\ToggleButtonPageTest.cs(27,10): error CS0616: 'UniformDocs.Tests.Test' is not an attribute class [C:\Work\Starcounter\UniformDocs\test\UniformDocs.Tests\UniformDocs.Tests.csproj]
Ui\BasePage.cs(113,46): error CS0246: The type or namespace name 'IWebElement' could not be found (are you missing a using directive or an assembly reference?) [C:\Work\Starcounter\UniformDocs\test\UniformDocs.Tests\UniformDocs.Tests.csproj]
Test\ToggleButtonPageTest.cs(38,10): error CS0616: 'UniformDocs.Tests.Test' is not an attribute class [C:\Work\Starcounter\UniformDocs\test\UniformDocs.Tests\UniformDocs.Tests.csproj]
Ui\BasePage.cs(121,60): error CS0246: The type or namespace name 'By' could not be found (are you missing a using directive or an assembly reference?) [C:\Work\Starcounter\UniformDocs\test\UniformDocs.Tests\UniformDocs.Tests.csproj]
Ui\BasePage.cs(121,16): error CS0246: The type or namespace name 'IWebElement' could not be found (are you missing a using directive or an assembly reference?) [C:\Work\Starcounter\UniformDocs\test\UniformDocs.Tests\UniformDocs.Tests.csproj]
Ui\BasePage.cs(127,60): error CS0246: The type or namespace name 'IWebElement' could not be found (are you missing a using directive or an assembly reference?) [C:\Work\Starcounter\UniformDocs\test\UniformDocs.Tests\UniformDocs.Tests.csproj]
Ui\BasePage.cs(127,16): error CS0246: The type or namespace name 'IWebElement' could not be found (are you missing a using directive or an assembly reference?) [C:\Work\Starcounter\UniformDocs\test\UniformDocs.Tests\UniformDocs.Tests.csproj]
Ui\BasePage.cs(140,43): error CS0246: The type or namespace name 'IWebElement' could not be found (are you missing a using directive or an assembly reference?) [C:\Work\Starcounter\UniformDocs\test\UniformDocs.Tests\UniformDocs.Tests.csproj]
Test\NestedPartialsPageTest.cs(9,6): error CS0246: The type or namespace name 'TestFixtureAttribute' could not be found (are you missing a using directive or an assembly reference?) [C:\Work\Starcounter\UniformDocs\test\UniformDocs.Tests\UniformDocs.Tests.csproj]
Test\NestedPartialsPageTest.cs(9,6): error CS0246: The type or namespace name 'TestFixture' could not be found (are you missing a using directive or an assembly reference?) [C:\Work\Starcounter\UniformDocs\test\UniformDocs.Tests\UniformDocs.Tests.csproj]
Test\NestedPartialsPageTest.cs(10,6): error CS0246: The type or namespace name 'TestFixtureAttribute' could not be found (are you missing a using directive or an assembly reference?) [C:\Work\Starcounter\UniformDocs\test\UniformDocs.Tests\UniformDocs.Tests.csproj]
Test\NestedPartialsPageTest.cs(10,6): error CS0246: The type or namespace name 'TestFixture' could not be found (are you missing a using directive or an assembly reference?) [C:\Work\Starcounter\UniformDocs\test\UniformDocs.Tests\UniformDocs.Tests.csproj]
Test\NestedPartialsPageTest.cs(11,6): error CS0246: The type or namespace name 'TestFixtureAttribute' could not be found (are you missing a using directive or an assembly reference?) [C:\Work\Starcounter\UniformDocs\test\UniformDocs.Tests\UniformDocs.Tests.csproj]
Test\NestedPartialsPageTest.cs(11,6): error CS0246: The type or namespace name 'TestFixture' could not be found (are you missing a using directive or an assembly reference?) [C:\Work\Starcounter\UniformDocs\test\UniformDocs.Tests\UniformDocs.Tests.csproj]
Test\NestedPartialsPageTest.cs(12,6): error CS0246: The type or namespace name 'TestFixtureAttribute' could not be found (are you missing a using directive or an assembly reference?) [C:\Work\Starcounter\UniformDocs\test\UniformDocs.Tests\UniformDocs.Tests.csproj]
Test\NestedPartialsPageTest.cs(12,6): error CS0246: The type or namespace name 'TestFixture' could not be found (are you missing a using directive or an assembly reference?) [C:\Work\Starcounter\UniformDocs\test\UniformDocs.Tests\UniformDocs.Tests.csproj]
Ui\BasePage.cs(12,25): error CS0246: The type or namespace name 'IWebDriver' could not be found (are you missing a using directive or an assembly reference?) [C:\Work\Starcounter\UniformDocs\test\UniformDocs.Tests\UniformDocs.Tests.csproj]
Ui\BasePage.cs(10,16): error CS0246: The type or namespace name 'IWebDriver' could not be found (are you missing a using directive or an assembly reference?) [C:\Work\Starcounter\UniformDocs\test\UniformDocs.Tests\UniformDocs.Tests.csproj]
Test\RedirectPageTest.cs(7,6): error CS0246: The type or namespace name 'TestFixtureAttribute' could not be found (are you missing a using directive or an assembly reference?) [C:\Work\Starcounter\UniformDocs\test\UniformDocs.Tests\UniformDocs.Tests.csproj]
Test\RedirectPageTest.cs(7,6): error CS0246: The type or namespace name 'TestFixture' could not be found (are you missing a using directive or an assembly reference?) [C:\Work\Starcounter\UniformDocs\test\UniformDocs.Tests\UniformDocs.Tests.csproj]
Test\RedirectPageTest.cs(8,6): error CS0246: The type or namespace name 'TestFixtureAttribute' could not be found (are you missing a using directive or an assembly reference?) [C:\Work\Starcounter\UniformDocs\test\UniformDocs.Tests\UniformDocs.Tests.csproj]
Test\RedirectPageTest.cs(8,6): error CS0246: The type or namespace name 'TestFixture' could not be found (are you missing a using directive or an assembly reference?) [C:\Work\Starcounter\UniformDocs\test\UniformDocs.Tests\UniformDocs.Tests.csproj]
Test\RedirectPageTest.cs(9,6): error CS0246: The type or namespace name 'TestFixtureAttribute' could not be found (are you missing a using directive or an assembly reference?) [C:\Work\Starcounter\UniformDocs\test\UniformDocs.Tests\UniformDocs.Tests.csproj]
Test\RedirectPageTest.cs(9,6): error CS0246: The type or namespace name 'TestFixture' could not be found (are you missing a using directive or an assembly reference?) [C:\Work\Starcounter\UniformDocs\test\UniformDocs.Tests\UniformDocs.Tests.csproj]
Test\RedirectPageTest.cs(10,6): error CS0246: The type or namespace name 'TestFixtureAttribute' could not be found (are you missing a using directive or an assembly reference?) [C:\Work\Starcounter\UniformDocs\test\UniformDocs.Tests\UniformDocs.Tests.csproj]
Test\RedirectPageTest.cs(10,6): error CS0246: The type or namespace name 'TestFixture' could not be found (are you missing a using directive or an assembly reference?) [C:\Work\Starcounter\UniformDocs\test\UniformDocs.Tests\UniformDocs.Tests.csproj]
Test\NestedPartialsPageTest.cs(22,10): error CS0246: The type or namespace name 'SetUpAttribute' could not be found (are you missing a using directive or an assembly reference?) [C:\Work\Starcounter\UniformDocs\test\UniformDocs.Tests\UniformDocs.Tests.csproj]
Test\NestedPartialsPageTest.cs(22,10): error CS0246: The type or namespace name 'SetUp' could not be found (are you missing a using directive or an assembly reference?) [C:\Work\Starcounter\UniformDocs\test\UniformDocs.Tests\UniformDocs.Tests.csproj]
Ui\BasePage.cs(18,10): error CS0246: The type or namespace name 'FindsByAttribute' could not be found (are you missing a using directive or an assembly reference?) [C:\Work\Starcounter\UniformDocs\test\UniformDocs.Tests\UniformDocs.Tests.csproj]
Ui\BasePage.cs(18,10): error CS0246: The type or namespace name 'FindsBy' could not be found (are you missing a using directive or an assembly reference?) [C:\Work\Starcounter\UniformDocs\test\UniformDocs.Tests\UniformDocs.Tests.csproj]
Ui\BasePage.cs(18,18): error CS0246: The type or namespace name 'How' could not be found (are you missing a using directive or an assembly reference?) [C:\Work\Starcounter\UniformDocs\test\UniformDocs.Tests\UniformDocs.Tests.csproj]
Ui\BasePage.cs(18,24): error CS0103: The name 'How' does not exist in the current context [C:\Work\Starcounter\UniformDocs\test\UniformDocs.Tests\UniformDocs.Tests.csproj]
Ui\BasePage.cs(18,37): error CS0246: The type or namespace name 'Using' could not be found (are you missing a using directive or an assembly reference?) [C:\Work\Starcounter\UniformDocs\test\UniformDocs.Tests\UniformDocs.Tests.csproj]
Ui\AutoCompletePage.cs(16,16): error CS0246: The type or namespace name 'IWebElement' could not be found (are you missing a using directive or an assembly reference?) [C:\Work\Starcounter\UniformDocs\test\UniformDocs.Tests\UniformDocs.Tests.csproj]
Test\NestedPartialsPageTest.cs(29,10): error CS0616: 'UniformDocs.Tests.Test' is not an attribute class [C:\Work\Starcounter\UniformDocs\test\UniformDocs.Tests\UniformDocs.Tests.csproj]
Test\NestedPartialsPageTest.cs(42,10): error CS0616: 'UniformDocs.Tests.Test' is not an attribute class [C:\Work\Starcounter\UniformDocs\test\UniformDocs.Tests\UniformDocs.Tests.csproj]
Ui\AutoCompletePage.cs(19,16): error CS0246: The type or namespace name 'IWebElement' could not be found (are you missing a using directive or an assembly reference?) [C:\Work\Starcounter\UniformDocs\test\UniformDocs.Tests\UniformDocs.Tests.csproj]
Test\NestedPartialsPageTest.cs(59,10): error CS0616: 'UniformDocs.Tests.Test' is not an attribute class [C:\Work\Starcounter\UniformDocs\test\UniformDocs.Tests\UniformDocs.Tests.csproj]
Ui\AutoCompletePage.cs(21,22): error CS0246: The type or namespace name 'IWebElement' could not be found (are you missing a using directive or an assembly reference?) [C:\Work\Starcounter\UniformDocs\test\UniformDocs.Tests\UniformDocs.Tests.csproj]
Test\RedirectPageTest.cs(20,10): error CS0246: The type or namespace name 'SetUpAttribute' could not be found (are you missing a using directive or an assembly reference?) [C:\Work\Starcounter\UniformDocs\test\UniformDocs.Tests\UniformDocs.Tests.csproj]
Test\RedirectPageTest.cs(20,10): error CS0246: The type or namespace name 'SetUp' could not be found (are you missing a using directive or an assembly reference?) [C:\Work\Starcounter\UniformDocs\test\UniformDocs.Tests\UniformDocs.Tests.csproj]
Ui\BasePage.cs(21,10): error CS0246: The type or namespace name 'FindsByAttribute' could not be found (are you missing a using directive or an assembly reference?) [C:\Work\Starcounter\UniformDocs\test\UniformDocs.Tests\UniformDocs.Tests.csproj]
Ui\BasePage.cs(21,10): error CS0246: The type or namespace name 'FindsBy' could not be found (are you missing a using directive or an assembly reference?) [C:\Work\Starcounter\UniformDocs\test\UniformDocs.Tests\UniformDocs.Tests.csproj]
Ui\BasePage.cs(21,18): error CS0246: The type or namespace name 'How' could not be found (are you missing a using directive or an assembly reference?) [C:\Work\Starcounter\UniformDocs\test\UniformDocs.Tests\UniformDocs.Tests.csproj]
Ui\BasePage.cs(21,24): error CS0103: The name 'How' does not exist in the current context [C:\Work\Starcounter\UniformDocs\test\UniformDocs.Tests\UniformDocs.Tests.csproj]
Ui\BasePage.cs(21,35): error CS0246: The type or namespace name 'Using' could not be found (are you missing a using directive or an assembly reference?) [C:\Work\Starcounter\UniformDocs\test\UniformDocs.Tests\UniformDocs.Tests.csproj]
Test\RedirectPageTest.cs(27,10): error CS0616: 'UniformDocs.Tests.Test' is not an attribute class [C:\Work\Starcounter\UniformDocs\test\UniformDocs.Tests\UniformDocs.Tests.csproj]
Test\RedirectPageTest.cs(43,10): error CS0616: 'UniformDocs.Tests.Test' is not an attribute class [C:\Work\Starcounter\UniformDocs\test\UniformDocs.Tests\UniformDocs.Tests.csproj]
Ui\AutoCompletePage.cs(24,22): error CS0246: The type or namespace name 'IWebElement' could not be found (are you missing a using directive or an assembly reference?) [C:\Work\Starcounter\UniformDocs\test\UniformDocs.Tests\UniformDocs.Tests.csproj]
Ui\AutoCompletePage.cs(27,16): error CS0246: The type or namespace name 'IWebElement' could not be found (are you missing a using directive or an assembly reference?) [C:\Work\Starcounter\UniformDocs\test\UniformDocs.Tests\UniformDocs.Tests.csproj]
Test\RedirectPageTest.cs(51,10): error CS0616: 'UniformDocs.Tests.Test' is not an attribute class [C:\Work\Starcounter\UniformDocs\test\UniformDocs.Tests\UniformDocs.Tests.csproj]
Ui\AutoCompletePage.cs(30,16): error CS0246: The type or namespace name 'IWebElement' could not be found (are you missing a using directive or an assembly reference?) [C:\Work\Starcounter\UniformDocs\test\UniformDocs.Tests\UniformDocs.Tests.csproj]
Ui\BasePage.cs(24,10): error CS0246: The type or namespace name 'FindsByAttribute' could not be found (are you missing a using directive or an assembly reference?) [C:\Work\Starcounter\UniformDocs\test\UniformDocs.Tests\UniformDocs.Tests.csproj]
Ui\BasePage.cs(24,10): error CS0246: The type or namespace name 'FindsBy' could not be found (are you missing a using directive or an assembly reference?) [C:\Work\Starcounter\UniformDocs\test\UniformDocs.Tests\UniformDocs.Tests.csproj]
Ui\BasePage.cs(24,18): error CS0246: The type or namespace name 'How' could not be found (are you missing a using directive or an assembly reference?) [C:\Work\Starcounter\UniformDocs\test\UniformDocs.Tests\UniformDocs.Tests.csproj]
Ui\BasePage.cs(24,24): error CS0103: The name 'How' does not exist in the current context [C:\Work\Starcounter\UniformDocs\test\UniformDocs.Tests\UniformDocs.Tests.csproj]
Ui\BasePage.cs(24,35): error CS0246: The type or namespace name 'Using' could not be found (are you missing a using directive or an assembly reference?) [C:\Work\Starcounter\UniformDocs\test\UniformDocs.Tests\UniformDocs.Tests.csproj]
Test\RedirectPageTest.cs(58,10): error CS0616: 'UniformDocs.Tests.Test' is not an attribute class [C:\Work\Starcounter\UniformDocs\test\UniformDocs.Tests\UniformDocs.Tests.csproj]
Ui\AutoCompletePage.cs(10,33): error CS0246: The type or namespace name 'IWebDriver' could not be found (are you missing a using directive or an assembly reference?) [C:\Work\Starcounter\UniformDocs\test\UniformDocs.Tests\UniformDocs.Tests.csproj]
Ui\BasePage.cs(27,10): error CS0246: The type or namespace name 'FindsByAttribute' could not be found (are you missing a using directive or an assembly reference?) [C:\Work\Starcounter\UniformDocs\test\UniformDocs.Tests\UniformDocs.Tests.csproj]
Ui\BasePage.cs(27,10): error CS0246: The type or namespace name 'FindsBy' could not be found (are you missing a using directive or an assembly reference?) [C:\Work\Starcounter\UniformDocs\test\UniformDocs.Tests\UniformDocs.Tests.csproj]
Ui\BasePage.cs(27,18): error CS0246: The type or namespace name 'How' could not be found (are you missing a using directive or an assembly reference?) [C:\Work\Starcounter\UniformDocs\test\UniformDocs.Tests\UniformDocs.Tests.csproj]
Ui\BasePage.cs(27,24): error CS0103: The name 'How' does not exist in the current context [C:\Work\Starcounter\UniformDocs\test\UniformDocs.Tests\UniformDocs.Tests.csproj]
Ui\BasePage.cs(27,35): error CS0246: The type or namespace name 'Using' could not be found (are you missing a using directive or an assembly reference?) [C:\Work\Starcounter\UniformDocs\test\UniformDocs.Tests\UniformDocs.Tests.csproj]
Test\TablePageTest.cs(7,6): error CS0246: The type or namespace name 'TestFixtureAttribute' could not be found (are you missing a using directive or an assembly reference?) [C:\Work\Starcounter\UniformDocs\test\UniformDocs.Tests\UniformDocs.Tests.csproj]
Test\TablePageTest.cs(7,6): error CS0246: The type or namespace name 'TestFixture' could not be found (are you missing a using directive or an assembly reference?) [C:\Work\Starcounter\UniformDocs\test\UniformDocs.Tests\UniformDocs.Tests.csproj]
Test\TablePageTest.cs(8,6): error CS0246: The type or namespace name 'TestFixtureAttribute' could not be found (are you missing a using directive or an assembly reference?) [C:\Work\Starcounter\UniformDocs\test\UniformDocs.Tests\UniformDocs.Tests.csproj]
Test\TablePageTest.cs(8,6): error CS0246: The type or namespace name 'TestFixture' could not be found (are you missing a using directive or an assembly reference?) [C:\Work\Starcounter\UniformDocs\test\UniformDocs.Tests\UniformDocs.Tests.csproj]
Test\TablePageTest.cs(9,6): error CS0246: The type or namespace name 'TestFixtureAttribute' could not be found (are you missing a using directive or an assembly reference?) [C:\Work\Starcounter\UniformDocs\test\UniformDocs.Tests\UniformDocs.Tests.csproj]
Test\TablePageTest.cs(9,6): error CS0246: The type or namespace name 'TestFixture' could not be found (are you missing a using directive or an assembly reference?) [C:\Work\Starcounter\UniformDocs\test\UniformDocs.Tests\UniformDocs.Tests.csproj]
Test\TablePageTest.cs(10,6): error CS0246: The type or namespace name 'TestFixtureAttribute' could not be found (are you missing a using directive or an assembly reference?) [C:\Work\Starcounter\UniformDocs\test\UniformDocs.Tests\UniformDocs.Tests.csproj]
Test\TablePageTest.cs(10,6): error CS0246: The type or namespace name 'TestFixture' could not be found (are you missing a using directive or an assembly reference?) [C:\Work\Starcounter\UniformDocs\test\UniformDocs.Tests\UniformDocs.Tests.csproj]
Ui\AutoCompletePage.cs(15,10): error CS0246: The type or namespace name 'FindsByAttribute' could not be found (are you missing a using directive or an assembly reference?) [C:\Work\Starcounter\UniformDocs\test\UniformDocs.Tests\UniformDocs.Tests.csproj]
Ui\AutoCompletePage.cs(15,10): error CS0246: The type or namespace name 'FindsBy' could not be found (are you missing a using directive or an assembly reference?) [C:\Work\Starcounter\UniformDocs\test\UniformDocs.Tests\UniformDocs.Tests.csproj]
Ui\AutoCompletePage.cs(15,18): error CS0246: The type or namespace name 'How' could not be found (are you missing a using directive or an assembly reference?) [C:\Work\Starcounter\UniformDocs\test\UniformDocs.Tests\UniformDocs.Tests.csproj]
Ui\AutoCompletePage.cs(15,24): error CS0103: The name 'How' does not exist in the current context [C:\Work\Starcounter\UniformDocs\test\UniformDocs.Tests\UniformDocs.Tests.csproj]
Ui\AutoCompletePage.cs(15,41): error CS0246: The type or namespace name 'Using' could not be found (are you missing a using directive or an assembly reference?) [C:\Work\Starcounter\UniformDocs\test\UniformDocs.Tests\UniformDocs.Tests.csproj]
Ui\BasePage.cs(30,10): error CS0246: The type or namespace name 'FindsByAttribute' could not be found (are you missing a using directive or an assembly reference?) [C:\Work\Starcounter\UniformDocs\test\UniformDocs.Tests\UniformDocs.Tests.csproj]
Ui\BasePage.cs(30,10): error CS0246: The type or namespace name 'FindsBy' could not be found (are you missing a using directive or an assembly reference?) [C:\Work\Starcounter\UniformDocs\test\UniformDocs.Tests\UniformDocs.Tests.csproj]
Ui\BasePage.cs(30,18): error CS0246: The type or namespace name 'How' could not be found (are you missing a using directive or an assembly reference?) [C:\Work\Starcounter\UniformDocs\test\UniformDocs.Tests\UniformDocs.Tests.csproj]
Ui\BasePage.cs(30,24): error CS0103: The name 'How' does not exist in the current context [C:\Work\Starcounter\UniformDocs\test\UniformDocs.Tests\UniformDocs.Tests.csproj]
Ui\BasePage.cs(30,35): error CS0246: The type or namespace name 'Using' could not be found (are you missing a using directive or an assembly reference?) [C:\Work\Starcounter\UniformDocs\test\UniformDocs.Tests\UniformDocs.Tests.csproj]
Ui\AutoCompletePage.cs(18,10): error CS0246: The type or namespace name 'FindsByAttribute' could not be found (are you missing a using directive or an assembly reference?) [C:\Work\Starcounter\UniformDocs\test\UniformDocs.Tests\UniformDocs.Tests.csproj]
Test\TextareaPageTest.cs(7,6): error CS0246: The type or namespace name 'TestFixtureAttribute' could not be found (are you missing a using directive or an assembly reference?) [C:\Work\Starcounter\UniformDocs\test\UniformDocs.Tests\UniformDocs.Tests.csproj]
Ui\AutoCompletePage.cs(18,10): error CS0246: The type or namespace name 'FindsBy' could not be found (are you missing a using directive or an assembly reference?) [C:\Work\Starcounter\UniformDocs\test\UniformDocs.Tests\UniformDocs.Tests.csproj]
Test\TextareaPageTest.cs(7,6): error CS0246: The type or namespace name 'TestFixture' could not be found (are you missing a using directive or an assembly reference?) [C:\Work\Starcounter\UniformDocs\test\UniformDocs.Tests\UniformDocs.Tests.csproj]
Ui\AutoCompletePage.cs(18,18): error CS0246: The type or namespace name 'How' could not be found (are you missing a using directive or an assembly reference?) [C:\Work\Starcounter\UniformDocs\test\UniformDocs.Tests\UniformDocs.Tests.csproj]
Test\TextareaPageTest.cs(8,6): error CS0246: The type or namespace name 'TestFixtureAttribute' could not be found (are you missing a using directive or an assembly reference?) [C:\Work\Starcounter\UniformDocs\test\UniformDocs.Tests\UniformDocs.Tests.csproj]
Ui\AutoCompletePage.cs(18,24): error CS0103: The name 'How' does not exist in the current context [C:\Work\Starcounter\UniformDocs\test\UniformDocs.Tests\UniformDocs.Tests.csproj]
Test\TextareaPageTest.cs(8,6): error CS0246: The type or namespace name 'TestFixture' could not be found (are you missing a using directive or an assembly reference?) [C:\Work\Starcounter\UniformDocs\test\UniformDocs.Tests\UniformDocs.Tests.csproj]
Ui\AutoCompletePage.cs(18,41): error CS0246: The type or namespace name 'Using' could not be found (are you missing a using directive or an assembly reference?) [C:\Work\Starcounter\UniformDocs\test\UniformDocs.Tests\UniformDocs.Tests.csproj]
Test\TextareaPageTest.cs(9,6): error CS0246: The type or namespace name 'TestFixtureAttribute' could not be found (are you missing a using directive or an assembly reference?) [C:\Work\Starcounter\UniformDocs\test\UniformDocs.Tests\UniformDocs.Tests.csproj]
Test\TextareaPageTest.cs(9,6): error CS0246: The type or namespace name 'TestFixture' could not be found (are you missing a using directive or an assembly reference?) [C:\Work\Starcounter\UniformDocs\test\UniformDocs.Tests\UniformDocs.Tests.csproj]
Test\TextareaPageTest.cs(10,6): error CS0246: The type or namespace name 'TestFixtureAttribute' could not be found (are you missing a using directive or an assembly reference?) [C:\Work\Starcounter\UniformDocs\test\UniformDocs.Tests\UniformDocs.Tests.csproj]
Test\TextareaPageTest.cs(10,6): error CS0246: The type or namespace name 'TestFixture' could not be found (are you missing a using directive or an assembly reference?) [C:\Work\Starcounter\UniformDocs\test\UniformDocs.Tests\UniformDocs.Tests.csproj]
Ui\BasePage.cs(33,10): error CS0246: The type or namespace name 'FindsByAttribute' could not be found (are you missing a using directive or an assembly reference?) [C:\Work\Starcounter\UniformDocs\test\UniformDocs.Tests\UniformDocs.Tests.csproj]
Ui\BasePage.cs(33,10): error CS0246: The type or namespace name 'FindsBy' could not be found (are you missing a using directive or an assembly reference?) [C:\Work\Starcounter\UniformDocs\test\UniformDocs.Tests\UniformDocs.Tests.csproj]
Ui\BasePage.cs(33,18): error CS0246: The type or namespace name 'How' could not be found (are you missing a using directive or an assembly reference?) [C:\Work\Starcounter\UniformDocs\test\UniformDocs.Tests\UniformDocs.Tests.csproj]
Ui\BasePage.cs(33,24): error CS0103: The name 'How' does not exist in the current context [C:\Work\Starcounter\UniformDocs\test\UniformDocs.Tests\UniformDocs.Tests.csproj]
Ui\BasePage.cs(33,35): error CS0246: The type or namespace name 'Using' could not be found (are you missing a using directive or an assembly reference?) [C:\Work\Starcounter\UniformDocs\test\UniformDocs.Tests\UniformDocs.Tests.csproj]
Test\TablePageTest.cs(20,10): error CS0246: The type or namespace name 'SetUpAttribute' could not be found (are you missing a using directive or an assembly reference?) [C:\Work\Starcounter\UniformDocs\test\UniformDocs.Tests\UniformDocs.Tests.csproj]
Test\TablePageTest.cs(20,10): error CS0246: The type or namespace name 'SetUp' could not be found (are you missing a using directive or an assembly reference?) [C:\Work\Starcounter\UniformDocs\test\UniformDocs.Tests\UniformDocs.Tests.csproj]
Test\TablePageTest.cs(27,10): error CS0616: 'UniformDocs.Tests.Test' is not an attribute class [C:\Work\Starcounter\UniformDocs\test\UniformDocs.Tests\UniformDocs.Tests.csproj]
Ui\BasePage.cs(36,10): error CS0246: The type or namespace name 'FindsByAttribute' could not be found (are you missing a using directive or an assembly reference?) [C:\Work\Starcounter\UniformDocs\test\UniformDocs.Tests\UniformDocs.Tests.csproj]
Ui\BasePage.cs(36,10): error CS0246: The type or namespace name 'FindsBy' could not be found (are you missing a using directive or an assembly reference?) [C:\Work\Starcounter\UniformDocs\test\UniformDocs.Tests\UniformDocs.Tests.csproj]
Ui\BasePage.cs(36,18): error CS0246: The type or namespace name 'How' could not be found (are you missing a using directive or an assembly reference?) [C:\Work\Starcounter\UniformDocs\test\UniformDocs.Tests\UniformDocs.Tests.csproj]
Ui\BasePage.cs(36,24): error CS0103: The name 'How' does not exist in the current context [C:\Work\Starcounter\UniformDocs\test\UniformDocs.Tests\UniformDocs.Tests.csproj]
Ui\BasePage.cs(36,35): error CS0246: The type or namespace name 'Using' could not be found (are you missing a using directive or an assembly reference?) [C:\Work\Starcounter\UniformDocs\test\UniformDocs.Tests\UniformDocs.Tests.csproj]
Test\TablePageTest.cs(34,10): error CS0616: 'UniformDocs.Tests.Test' is not an attribute class [C:\Work\Starcounter\UniformDocs\test\UniformDocs.Tests\UniformDocs.Tests.csproj]
Ui\AutoCompletePage.cs(20,10): error CS0246: The type or namespace name 'FindsByAttribute' could not be found (are you missing a using directive or an assembly reference?) [C:\Work\Starcounter\UniformDocs\test\UniformDocs.Tests\UniformDocs.Tests.csproj]
Ui\AutoCompletePage.cs(20,10): error CS0246: The type or namespace name 'FindsBy' could not be found (are you missing a using directive or an assembly reference?) [C:\Work\Starcounter\UniformDocs\test\UniformDocs.Tests\UniformDocs.Tests.csproj]
Ui\AutoCompletePage.cs(20,18): error CS0246: The type or namespace name 'How' could not be found (are you missing a using directive or an assembly reference?) [C:\Work\Starcounter\UniformDocs\test\UniformDocs.Tests\UniformDocs.Tests.csproj]
Ui\AutoCompletePage.cs(20,24): error CS0103: The name 'How' does not exist in the current context [C:\Work\Starcounter\UniformDocs\test\UniformDocs.Tests\UniformDocs.Tests.csproj]
Ui\AutoCompletePage.cs(20,41): error CS0246: The type or namespace name 'Using' could not be found (are you missing a using directive or an assembly reference?) [C:\Work\Starcounter\UniformDocs\test\UniformDocs.Tests\UniformDocs.Tests.csproj]
Test\TextareaPageTest.cs(20,10): error CS0246: The type or namespace name 'SetUpAttribute' could not be found (are you missing a using directive or an assembly reference?) [C:\Work\Starcounter\UniformDocs\test\UniformDocs.Tests\UniformDocs.Tests.csproj]
Test\TextareaPageTest.cs(20,10): error CS0246: The type or namespace name 'SetUp' could not be found (are you missing a using directive or an assembly reference?) [C:\Work\Starcounter\UniformDocs\test\UniformDocs.Tests\UniformDocs.Tests.csproj]
Ui\BasePage.cs(39,10): error CS0246: The type or namespace name 'FindsByAttribute' could not be found (are you missing a using directive or an assembly reference?) [C:\Work\Starcounter\UniformDocs\test\UniformDocs.Tests\UniformDocs.Tests.csproj]
Ui\BasePage.cs(39,10): error CS0246: The type or namespace name 'FindsBy' could not be found (are you missing a using directive or an assembly reference?) [C:\Work\Starcounter\UniformDocs\test\UniformDocs.Tests\UniformDocs.Tests.csproj]
Ui\BasePage.cs(39,18): error CS0246: The type or namespace name 'How' could not be found (are you missing a using directive or an assembly reference?) [C:\Work\Starcounter\UniformDocs\test\UniformDocs.Tests\UniformDocs.Tests.csproj]
Ui\BasePage.cs(39,24): error CS0103: The name 'How' does not exist in the current context [C:\Work\Starcounter\UniformDocs\test\UniformDocs.Tests\UniformDocs.Tests.csproj]
Ui\BasePage.cs(39,35): error CS0246: The type or namespace name 'Using' could not be found (are you missing a using directive or an assembly reference?) [C:\Work\Starcounter\UniformDocs\test\UniformDocs.Tests\UniformDocs.Tests.csproj]
Ui\AutoCompletePage.cs(23,10): error CS0246: The type or namespace name 'FindsByAttribute' could not be found (are you missing a using directive or an assembly reference?) [C:\Work\Starcounter\UniformDocs\test\UniformDocs.Tests\UniformDocs.Tests.csproj]
Ui\AutoCompletePage.cs(23,10): error CS0246: The type or namespace name 'FindsBy' could not be found (are you missing a using directive or an assembly reference?) [C:\Work\Starcounter\UniformDocs\test\UniformDocs.Tests\UniformDocs.Tests.csproj]
Ui\AutoCompletePage.cs(23,18): error CS0246: The type or namespace name 'How' could not be found (are you missing a using directive or an assembly reference?) [C:\Work\Starcounter\UniformDocs\test\UniformDocs.Tests\UniformDocs.Tests.csproj]
Ui\AutoCompletePage.cs(23,24): error CS0103: The name 'How' does not exist in the current context [C:\Work\Starcounter\UniformDocs\test\UniformDocs.Tests\UniformDocs.Tests.csproj]
Ui\AutoCompletePage.cs(23,41): error CS0246: The type or namespace name 'Using' could not be found (are you missing a using directive or an assembly reference?) [C:\Work\Starcounter\UniformDocs\test\UniformDocs.Tests\UniformDocs.Tests.csproj]
Test\TextareaPageTest.cs(27,10): error CS0616: 'UniformDocs.Tests.Test' is not an attribute class [C:\Work\Starcounter\UniformDocs\test\UniformDocs.Tests\UniformDocs.Tests.csproj]
Test\TextareaPageTest.cs(39,10): error CS0616: 'UniformDocs.Tests.Test' is not an attribute class [C:\Work\Starcounter\UniformDocs\test\UniformDocs.Tests\UniformDocs.Tests.csproj]
Test\TextareaPageTest.cs(51,10): error CS0616: 'UniformDocs.Tests.Test' is not an attribute class [C:\Work\Starcounter\UniformDocs\test\UniformDocs.Tests\UniformDocs.Tests.csproj]
Ui\BasePage.cs(42,10): error CS0246: The type or namespace name 'FindsByAttribute' could not be found (are you missing a using directive or an assembly reference?) [C:\Work\Starcounter\UniformDocs\test\UniformDocs.Tests\UniformDocs.Tests.csproj]
Ui\BasePage.cs(42,10): error CS0246: The type or namespace name 'FindsBy' could not be found (are you missing a using directive or an assembly reference?) [C:\Work\Starcounter\UniformDocs\test\UniformDocs.Tests\UniformDocs.Tests.csproj]
Ui\BasePage.cs(42,18): error CS0246: The type or namespace name 'How' could not be found (are you missing a using directive or an assembly reference?) [C:\Work\Starcounter\UniformDocs\test\UniformDocs.Tests\UniformDocs.Tests.csproj]
Ui\BasePage.cs(42,24): error CS0103: The name 'How' does not exist in the current context [C:\Work\Starcounter\UniformDocs\test\UniformDocs.Tests\UniformDocs.Tests.csproj]
Ui\BasePage.cs(42,35): error CS0246: The type or namespace name 'Using' could not be found (are you missing a using directive or an assembly reference?) [C:\Work\Starcounter\UniformDocs\test\UniformDocs.Tests\UniformDocs.Tests.csproj]
Ui\AutoCompletePage.cs(26,10): error CS0246: The type or namespace name 'FindsByAttribute' could not be found (are you missing a using directive or an assembly reference?) [C:\Work\Starcounter\UniformDocs\test\UniformDocs.Tests\UniformDocs.Tests.csproj]
Ui\AutoCompletePage.cs(26,10): error CS0246: The type or namespace name 'FindsBy' could not be found (are you missing a using directive or an assembly reference?) [C:\Work\Starcounter\UniformDocs\test\UniformDocs.Tests\UniformDocs.Tests.csproj]
Ui\AutoCompletePage.cs(26,18): error CS0246: The type or namespace name 'How' could not be found (are you missing a using directive or an assembly reference?) [C:\Work\Starcounter\UniformDocs\test\UniformDocs.Tests\UniformDocs.Tests.csproj]
Ui\AutoCompletePage.cs(26,24): error CS0103: The name 'How' does not exist in the current context [C:\Work\Starcounter\UniformDocs\test\UniformDocs.Tests\UniformDocs.Tests.csproj]
Ui\AutoCompletePage.cs(26,41): error CS0246: The type or namespace name 'Using' could not be found (are you missing a using directive or an assembly reference?) [C:\Work\Starcounter\UniformDocs\test\UniformDocs.Tests\UniformDocs.Tests.csproj]
Test\MarkdownPageTest.cs(7,6): error CS0246: The type or namespace name 'TestFixtureAttribute' could not be found (are you missing a using directive or an assembly reference?) [C:\Work\Starcounter\UniformDocs\test\UniformDocs.Tests\UniformDocs.Tests.csproj]
Test\MarkdownPageTest.cs(7,6): error CS0246: The type or namespace name 'TestFixture' could not be found (are you missing a using directive or an assembly reference?) [C:\Work\Starcounter\UniformDocs\test\UniformDocs.Tests\UniformDocs.Tests.csproj]
Test\MarkdownPageTest.cs(8,6): error CS0246: The type or namespace name 'TestFixtureAttribute' could not be found (are you missing a using directive or an assembly reference?) [C:\Work\Starcounter\UniformDocs\test\UniformDocs.Tests\UniformDocs.Tests.csproj]
Test\MarkdownPageTest.cs(8,6): error CS0246: The type or namespace name 'TestFixture' could not be found (are you missing a using directive or an assembly reference?) [C:\Work\Starcounter\UniformDocs\test\UniformDocs.Tests\UniformDocs.Tests.csproj]
Ui\BasePage.cs(45,10): error CS0246: The type or namespace name 'FindsByAttribute' could not be found (are you missing a using directive or an assembly reference?) [C:\Work\Starcounter\UniformDocs\test\UniformDocs.Tests\UniformDocs.Tests.csproj]
Ui\BasePage.cs(45,10): error CS0246: The type or namespace name 'FindsBy' could not be found (are you missing a using directive or an assembly reference?) [C:\Work\Starcounter\UniformDocs\test\UniformDocs.Tests\UniformDocs.Tests.csproj]
Ui\BasePage.cs(45,18): error CS0246: The type or namespace name 'How' could not be found (are you missing a using directive or an assembly reference?) [C:\Work\Starcounter\UniformDocs\test\UniformDocs.Tests\UniformDocs.Tests.csproj]
Ui\BasePage.cs(45,24): error CS0103: The name 'How' does not exist in the current context [C:\Work\Starcounter\UniformDocs\test\UniformDocs.Tests\UniformDocs.Tests.csproj]
Ui\BasePage.cs(45,35): error CS0246: The type or namespace name 'Using' could not be found (are you missing a using directive or an assembly reference?) [C:\Work\Starcounter\UniformDocs\test\UniformDocs.Tests\UniformDocs.Tests.csproj]
Ui\AutoCompletePage.cs(29,10): error CS0246: The type or namespace name 'FindsByAttribute' could not be found (are you missing a using directive or an assembly reference?) [C:\Work\Starcounter\UniformDocs\test\UniformDocs.Tests\UniformDocs.Tests.csproj]
Ui\AutoCompletePage.cs(29,10): error CS0246: The type or namespace name 'FindsBy' could not be found (are you missing a using directive or an assembly reference?) [C:\Work\Starcounter\UniformDocs\test\UniformDocs.Tests\UniformDocs.Tests.csproj]
Ui\AutoCompletePage.cs(29,18): error CS0246: The type or namespace name 'How' could not be found (are you missing a using directive or an assembly reference?) [C:\Work\Starcounter\UniformDocs\test\UniformDocs.Tests\UniformDocs.Tests.csproj]
Ui\AutoCompletePage.cs(29,24): error CS0103: The name 'How' does not exist in the current context [C:\Work\Starcounter\UniformDocs\test\UniformDocs.Tests\UniformDocs.Tests.csproj]
Ui\AutoCompletePage.cs(29,41): error CS0246: The type or namespace name 'Using' could not be found (are you missing a using directive or an assembly reference?) [C:\Work\Starcounter\UniformDocs\test\UniformDocs.Tests\UniformDocs.Tests.csproj]
Test\MarkdownPageTest.cs(18,10): error CS0246: The type or namespace name 'SetUpAttribute' could not be found (are you missing a using directive or an assembly reference?) [C:\Work\Starcounter\UniformDocs\test\UniformDocs.Tests\UniformDocs.Tests.csproj]
Test\MarkdownPageTest.cs(18,10): error CS0246: The type or namespace name 'SetUp' could not be found (are you missing a using directive or an assembly reference?) [C:\Work\Starcounter\UniformDocs\test\UniformDocs.Tests\UniformDocs.Tests.csproj]
Ui\BasePage.cs(49,10): error CS0246: The type or namespace name 'FindsByAttribute' could not be found (are you missing a using directive or an assembly reference?) [C:\Work\Starcounter\UniformDocs\test\UniformDocs.Tests\UniformDocs.Tests.csproj]
Ui\BasePage.cs(49,10): error CS0246: The type or namespace name 'FindsBy' could not be found (are you missing a using directive or an assembly reference?) [C:\Work\Starcounter\UniformDocs\test\UniformDocs.Tests\UniformDocs.Tests.csproj]
Ui\BasePage.cs(49,18): error CS0246: The type or namespace name 'How' could not be found (are you missing a using directive or an assembly reference?) [C:\Work\Starcounter\UniformDocs\test\UniformDocs.Tests\UniformDocs.Tests.csproj]
Ui\BasePage.cs(49,24): error CS0103: The name 'How' does not exist in the current context [C:\Work\Starcounter\UniformDocs\test\UniformDocs.Tests\UniformDocs.Tests.csproj]
Ui\BasePage.cs(49,35): error CS0246: The type or namespace name 'Using' could not be found (are you missing a using directive or an assembly reference?) [C:\Work\Starcounter\UniformDocs\test\UniformDocs.Tests\UniformDocs.Tests.csproj]
Test\MarkdownPageTest.cs(25,10): error CS0616: 'UniformDocs.Tests.Test' is not an attribute class [C:\Work\Starcounter\UniformDocs\test\UniformDocs.Tests\UniformDocs.Tests.csproj]
Test\MarkdownPageTest.cs(32,10): error CS0616: 'UniformDocs.Tests.Test' is not an attribute class [C:\Work\Starcounter\UniformDocs\test\UniformDocs.Tests\UniformDocs.Tests.csproj]
Ui\BasePage.cs(52,10): error CS0246: The type or namespace name 'FindsByAttribute' could not be found (are you missing a using directive or an assembly reference?) [C:\Work\Starcounter\UniformDocs\test\UniformDocs.Tests\UniformDocs.Tests.csproj]
Ui\BasePage.cs(52,10): error CS0246: The type or namespace name 'FindsBy' could not be found (are you missing a using directive or an assembly reference?) [C:\Work\Starcounter\UniformDocs\test\UniformDocs.Tests\UniformDocs.Tests.csproj]
Ui\BasePage.cs(52,18): error CS0246: The type or namespace name 'How' could not be found (are you missing a using directive or an assembly reference?) [C:\Work\Starcounter\UniformDocs\test\UniformDocs.Tests\UniformDocs.Tests.csproj]
Ui\BasePage.cs(52,24): error CS0103: The name 'How' does not exist in the current context [C:\Work\Starcounter\UniformDocs\test\UniformDocs.Tests\UniformDocs.Tests.csproj]
Ui\BasePage.cs(52,35): error CS0246: The type or namespace name 'Using' could not be found (are you missing a using directive or an assembly reference?) [C:\Work\Starcounter\UniformDocs\test\UniformDocs.Tests\UniformDocs.Tests.csproj]
Test\TextPageTest.cs(8,6): error CS0246: The type or namespace name 'TestFixtureAttribute' could not be found (are you missing a using directive or an assembly reference?) [C:\Work\Starcounter\UniformDocs\test\UniformDocs.Tests\UniformDocs.Tests.csproj]
Test\TextPageTest.cs(8,6): error CS0246: The type or namespace name 'TestFixture' could not be found (are you missing a using directive or an assembly reference?) [C:\Work\Starcounter\UniformDocs\test\UniformDocs.Tests\UniformDocs.Tests.csproj]
Test\TextPageTest.cs(9,6): error CS0246: The type or namespace name 'TestFixtureAttribute' could not be found (are you missing a using directive or an assembly reference?) [C:\Work\Starcounter\UniformDocs\test\UniformDocs.Tests\UniformDocs.Tests.csproj]
Test\TextPageTest.cs(9,6): error CS0246: The type or namespace name 'TestFixture' could not be found (are you missing a using directive or an assembly reference?) [C:\Work\Starcounter\UniformDocs\test\UniformDocs.Tests\UniformDocs.Tests.csproj]
Test\TextPageTest.cs(10,6): error CS0246: The type or namespace name 'TestFixtureAttribute' could not be found (are you missing a using directive or an assembly reference?) [C:\Work\Starcounter\UniformDocs\test\UniformDocs.Tests\UniformDocs.Tests.csproj]
Test\TextPageTest.cs(10,6): error CS0246: The type or namespace name 'TestFixture' could not be found (are you missing a using directive or an assembly reference?) [C:\Work\Starcounter\UniformDocs\test\UniformDocs.Tests\UniformDocs.Tests.csproj]
Test\TextPageTest.cs(11,6): error CS0246: The type or namespace name 'TestFixtureAttribute' could not be found (are you missing a using directive or an assembly reference?) [C:\Work\Starcounter\UniformDocs\test\UniformDocs.Tests\UniformDocs.Tests.csproj]
Test\TextPageTest.cs(11,6): error CS0246: The type or namespace name 'TestFixture' could not be found (are you missing a using directive or an assembly reference?) [C:\Work\Starcounter\UniformDocs\test\UniformDocs.Tests\UniformDocs.Tests.csproj]
Ui\FileUploadPage.cs(15,16): error CS0246: The type or namespace name 'IWebElement' could not be found (are you missing a using directive or an assembly reference?) [C:\Work\Starcounter\UniformDocs\test\UniformDocs.Tests\UniformDocs.Tests.csproj]
Ui\FileUploadPage.cs(18,22): error CS0246: The type or namespace name 'IWebElement' could not be found (are you missing a using directive or an assembly reference?) [C:\Work\Starcounter\UniformDocs\test\UniformDocs.Tests\UniformDocs.Tests.csproj]
Ui\BasePage.cs(55,10): error CS0246: The type or namespace name 'FindsByAttribute' could not be found (are you missing a using directive or an assembly reference?) [C:\Work\Starcounter\UniformDocs\test\UniformDocs.Tests\UniformDocs.Tests.csproj]
Ui\BasePage.cs(55,10): error CS0246: The type or namespace name 'FindsBy' could not be found (are you missing a using directive or an assembly reference?) [C:\Work\Starcounter\UniformDocs\test\UniformDocs.Tests\UniformDocs.Tests.csproj]
Ui\BasePage.cs(55,18): error CS0246: The type or namespace name 'How' could not be found (are you missing a using directive or an assembly reference?) [C:\Work\Starcounter\UniformDocs\test\UniformDocs.Tests\UniformDocs.Tests.csproj]
Ui\BasePage.cs(55,24): error CS0103: The name 'How' does not exist in the current context [C:\Work\Starcounter\UniformDocs\test\UniformDocs.Tests\UniformDocs.Tests.csproj]
Ui\BasePage.cs(55,35): error CS0246: The type or namespace name 'Using' could not be found (are you missing a using directive or an assembly reference?) [C:\Work\Starcounter\UniformDocs\test\UniformDocs.Tests\UniformDocs.Tests.csproj]
Ui\FileUploadPage.cs(21,22): error CS0246: The type or namespace name 'IWebElement' could not be found (are you missing a using directive or an assembly reference?) [C:\Work\Starcounter\UniformDocs\test\UniformDocs.Tests\UniformDocs.Tests.csproj]
Ui\BasePage.cs(58,10): error CS0246: The type or namespace name 'FindsByAttribute' could not be found (are you missing a using directive or an assembly reference?) [C:\Work\Starcounter\UniformDocs\test\UniformDocs.Tests\UniformDocs.Tests.csproj]
Ui\BasePage.cs(58,10): error CS0246: The type or namespace name 'FindsBy' could not be found (are you missing a using directive or an assembly reference?) [C:\Work\Starcounter\UniformDocs\test\UniformDocs.Tests\UniformDocs.Tests.csproj]
Ui\BasePage.cs(58,18): error CS0246: The type or namespace name 'How' could not be found (are you missing a using directive or an assembly reference?) [C:\Work\Starcounter\UniformDocs\test\UniformDocs.Tests\UniformDocs.Tests.csproj]
Ui\BasePage.cs(58,24): error CS0103: The name 'How' does not exist in the current context [C:\Work\Starcounter\UniformDocs\test\UniformDocs.Tests\UniformDocs.Tests.csproj]
Ui\BasePage.cs(58,35): error CS0246: The type or namespace name 'Using' could not be found (are you missing a using directive or an assembly reference?) [C:\Work\Starcounter\UniformDocs\test\UniformDocs.Tests\UniformDocs.Tests.csproj]
Ui\FileUploadPage.cs(49,17): error CS0246: The type or namespace name 'IWebElement' could not be found (are you missing a using directive or an assembly reference?) [C:\Work\Starcounter\UniformDocs\test\UniformDocs.Tests\UniformDocs.Tests.csproj]
Test\PasswordPageTest.cs(7,6): error CS0246: The type or namespace name 'TestFixtureAttribute' could not be found (are you missing a using directive or an assembly reference?) [C:\Work\Starcounter\UniformDocs\test\UniformDocs.Tests\UniformDocs.Tests.csproj]
Test\PasswordPageTest.cs(7,6): error CS0246: The type or namespace name 'TestFixture' could not be found (are you missing a using directive or an assembly reference?) [C:\Work\Starcounter\UniformDocs\test\UniformDocs.Tests\UniformDocs.Tests.csproj]
Test\PasswordPageTest.cs(8,6): error CS0246: The type or namespace name 'TestFixtureAttribute' could not be found (are you missing a using directive or an assembly reference?) [C:\Work\Starcounter\UniformDocs\test\UniformDocs.Tests\UniformDocs.Tests.csproj]
Test\PasswordPageTest.cs(8,6): error CS0246: The type or namespace name 'TestFixture' could not be found (are you missing a using directive or an assembly reference?) [C:\Work\Starcounter\UniformDocs\test\UniformDocs.Tests\UniformDocs.Tests.csproj]
Test\PasswordPageTest.cs(9,6): error CS0246: The type or namespace name 'TestFixtureAttribute' could not be found (are you missing a using directive or an assembly reference?) [C:\Work\Starcounter\UniformDocs\test\UniformDocs.Tests\UniformDocs.Tests.csproj]
Test\PasswordPageTest.cs(9,6): error CS0246: The type or namespace name 'TestFixture' could not be found (are you missing a using directive or an assembly reference?) [C:\Work\Starcounter\UniformDocs\test\UniformDocs.Tests\UniformDocs.Tests.csproj]
Test\PasswordPageTest.cs(10,6): error CS0246: The type or namespace name 'TestFixtureAttribute' could not be found (are you missing a using directive or an assembly reference?) [C:\Work\Starcounter\UniformDocs\test\UniformDocs.Tests\UniformDocs.Tests.csproj]
Test\PasswordPageTest.cs(10,6): error CS0246: The type or namespace name 'TestFixture' could not be found (are you missing a using directive or an assembly reference?) [C:\Work\Starcounter\UniformDocs\test\UniformDocs.Tests\UniformDocs.Tests.csproj]
Ui\FileUploadPage.cs(9,31): error CS0246: The type or namespace name 'IWebDriver' could not be found (are you missing a using directive or an assembly reference?) [C:\Work\Starcounter\UniformDocs\test\UniformDocs.Tests\UniformDocs.Tests.csproj]
Ui\BasePage.cs(61,10): error CS0246: The type or namespace name 'FindsByAttribute' could not be found (are you missing a using directive or an assembly reference?) [C:\Work\Starcounter\UniformDocs\test\UniformDocs.Tests\UniformDocs.Tests.csproj]
Ui\BasePage.cs(61,10): error CS0246: The type or namespace name 'FindsBy' could not be found (are you missing a using directive or an assembly reference?) [C:\Work\Starcounter\UniformDocs\test\UniformDocs.Tests\UniformDocs.Tests.csproj]
Ui\BasePage.cs(61,18): error CS0246: The type or namespace name 'How' could not be found (are you missing a using directive or an assembly reference?) [C:\Work\Starcounter\UniformDocs\test\UniformDocs.Tests\UniformDocs.Tests.csproj]
Ui\BasePage.cs(61,24): error CS0103: The name 'How' does not exist in the current context [C:\Work\Starcounter\UniformDocs\test\UniformDocs.Tests\UniformDocs.Tests.csproj]
Ui\BasePage.cs(61,35): error CS0246: The type or namespace name 'Using' could not be found (are you missing a using directive or an assembly reference?) [C:\Work\Starcounter\UniformDocs\test\UniformDocs.Tests\UniformDocs.Tests.csproj]
Ui\BasePage.cs(64,10): error CS0246: The type or namespace name 'FindsByAttribute' could not be found (are you missing a using directive or an assembly reference?) [C:\Work\Starcounter\UniformDocs\test\UniformDocs.Tests\UniformDocs.Tests.csproj]
Ui\BasePage.cs(64,10): error CS0246: The type or namespace name 'FindsBy' could not be found (are you missing a using directive or an assembly reference?) [C:\Work\Starcounter\UniformDocs\test\UniformDocs.Tests\UniformDocs.Tests.csproj]
Ui\BasePage.cs(64,18): error CS0246: The type or namespace name 'How' could not be found (are you missing a using directive or an assembly reference?) [C:\Work\Starcounter\UniformDocs\test\UniformDocs.Tests\UniformDocs.Tests.csproj]
Ui\BasePage.cs(64,24): error CS0103: The name 'How' does not exist in the current context [C:\Work\Starcounter\UniformDocs\test\UniformDocs.Tests\UniformDocs.Tests.csproj]
Ui\BasePage.cs(64,35): error CS0246: The type or namespace name 'Using' could not be found (are you missing a using directive or an assembly reference?) [C:\Work\Starcounter\UniformDocs\test\UniformDocs.Tests\UniformDocs.Tests.csproj]
Ui\FileUploadPage.cs(14,10): error CS0246: The type or namespace name 'FindsByAttribute' could not be found (are you missing a using directive or an assembly reference?) [C:\Work\Starcounter\UniformDocs\test\UniformDocs.Tests\UniformDocs.Tests.csproj]
Ui\FileUploadPage.cs(14,10): error CS0246: The type or namespace name 'FindsBy' could not be found (are you missing a using directive or an assembly reference?) [C:\Work\Starcounter\UniformDocs\test\UniformDocs.Tests\UniformDocs.Tests.csproj]
Ui\FileUploadPage.cs(14,18): error CS0246: The type or namespace name 'How' could not be found (are you missing a using directive or an assembly reference?) [C:\Work\Starcounter\UniformDocs\test\UniformDocs.Tests\UniformDocs.Tests.csproj]
Ui\FileUploadPage.cs(14,24): error CS0103: The name 'How' does not exist in the current context [C:\Work\Starcounter\UniformDocs\test\UniformDocs.Tests\UniformDocs.Tests.csproj]
Ui\FileUploadPage.cs(14,41): error CS0246: The type or namespace name 'Using' could not be found (are you missing a using directive or an assembly reference?) [C:\Work\Starcounter\UniformDocs\test\UniformDocs.Tests\UniformDocs.Tests.csproj]
Test\PasswordPageTest.cs(20,10): error CS0246: The type or namespace name 'SetUpAttribute' could not be found (are you missing a using directive or an assembly reference?) [C:\Work\Starcounter\UniformDocs\test\UniformDocs.Tests\UniformDocs.Tests.csproj]
Test\PasswordPageTest.cs(20,10): error CS0246: The type or namespace name 'SetUp' could not be found (are you missing a using directive or an assembly reference?) [C:\Work\Starcounter\UniformDocs\test\UniformDocs.Tests\UniformDocs.Tests.csproj]
Test\PasswordPageTest.cs(27,10): error CS0616: 'UniformDocs.Tests.Test' is not an attribute class [C:\Work\Starcounter\UniformDocs\test\UniformDocs.Tests\UniformDocs.Tests.csproj]
Ui\BasePage.cs(67,10): error CS0246: The type or namespace name 'FindsByAttribute' could not be found (are you missing a using directive or an assembly reference?) [C:\Work\Starcounter\UniformDocs\test\UniformDocs.Tests\UniformDocs.Tests.csproj]
Ui\BasePage.cs(67,10): error CS0246: The type or namespace name 'FindsBy' could not be found (are you missing a using directive or an assembly reference?) [C:\Work\Starcounter\UniformDocs\test\UniformDocs.Tests\UniformDocs.Tests.csproj]
Ui\BasePage.cs(67,18): error CS0246: The type or namespace name 'How' could not be found (are you missing a using directive or an assembly reference?) [C:\Work\Starcounter\UniformDocs\test\UniformDocs.Tests\UniformDocs.Tests.csproj]
Ui\BasePage.cs(67,24): error CS0103: The name 'How' does not exist in the current context [C:\Work\Starcounter\UniformDocs\test\UniformDocs.Tests\UniformDocs.Tests.csproj]
Ui\BasePage.cs(67,35): error CS0246: The type or namespace name 'Using' could not be found (are you missing a using directive or an assembly reference?) [C:\Work\Starcounter\UniformDocs\test\UniformDocs.Tests\UniformDocs.Tests.csproj]
Test\PasswordPageTest.cs(39,10): error CS0616: 'UniformDocs.Tests.Test' is not an attribute class [C:\Work\Starcounter\UniformDocs\test\UniformDocs.Tests\UniformDocs.Tests.csproj]
Ui\FileUploadPage.cs(17,10): error CS0246: The type or namespace name 'FindsByAttribute' could not be found (are you missing a using directive or an assembly reference?) [C:\Work\Starcounter\UniformDocs\test\UniformDocs.Tests\UniformDocs.Tests.csproj]
Ui\FileUploadPage.cs(17,10): error CS0246: The type or namespace name 'FindsBy' could not be found (are you missing a using directive or an assembly reference?) [C:\Work\Starcounter\UniformDocs\test\UniformDocs.Tests\UniformDocs.Tests.csproj]
Ui\FileUploadPage.cs(17,18): error CS0246: The type or namespace name 'How' could not be found (are you missing a using directive or an assembly reference?) [C:\Work\Starcounter\UniformDocs\test\UniformDocs.Tests\UniformDocs.Tests.csproj]
Ui\FileUploadPage.cs(17,24): error CS0103: The name 'How' does not exist in the current context [C:\Work\Starcounter\UniformDocs\test\UniformDocs.Tests\UniformDocs.Tests.csproj]
Ui\FileUploadPage.cs(17,41): error CS0246: The type or namespace name 'Using' could not be found (are you missing a using directive or an assembly reference?) [C:\Work\Starcounter\UniformDocs\test\UniformDocs.Tests\UniformDocs.Tests.csproj]
Test\PasswordPageTest.cs(50,10): error CS0616: 'UniformDocs.Tests.Test' is not an attribute class [C:\Work\Starcounter\UniformDocs\test\UniformDocs.Tests\UniformDocs.Tests.csproj]
Test\PasswordPageTest.cs(63,10): error CS0616: 'UniformDocs.Tests.Test' is not an attribute class [C:\Work\Starcounter\UniformDocs\test\UniformDocs.Tests\UniformDocs.Tests.csproj]
Ui\BasePage.cs(70,10): error CS0246: The type or namespace name 'FindsByAttribute' could not be found (are you missing a using directive or an assembly reference?) [C:\Work\Starcounter\UniformDocs\test\UniformDocs.Tests\UniformDocs.Tests.csproj]
Ui\BasePage.cs(70,10): error CS0246: The type or namespace name 'FindsBy' could not be found (are you missing a using directive or an assembly reference?) [C:\Work\Starcounter\UniformDocs\test\UniformDocs.Tests\UniformDocs.Tests.csproj]
Ui\BasePage.cs(70,18): error CS0246: The type or namespace name 'How' could not be found (are you missing a using directive or an assembly reference?) [C:\Work\Starcounter\UniformDocs\test\UniformDocs.Tests\UniformDocs.Tests.csproj]
Ui\BasePage.cs(70,24): error CS0103: The name 'How' does not exist in the current context [C:\Work\Starcounter\UniformDocs\test\UniformDocs.Tests\UniformDocs.Tests.csproj]
Ui\BasePage.cs(70,35): error CS0246: The type or namespace name 'Using' could not be found (are you missing a using directive or an assembly reference?) [C:\Work\Starcounter\UniformDocs\test\UniformDocs.Tests\UniformDocs.Tests.csproj]
Ui\FileUploadPage.cs(20,10): error CS0246: The type or namespace name 'FindsByAttribute' could not be found (are you missing a using directive or an assembly reference?) [C:\Work\Starcounter\UniformDocs\test\UniformDocs.Tests\UniformDocs.Tests.csproj]
Ui\FileUploadPage.cs(20,10): error CS0246: The type or namespace name 'FindsBy' could not be found (are you missing a using directive or an assembly reference?) [C:\Work\Starcounter\UniformDocs\test\UniformDocs.Tests\UniformDocs.Tests.csproj]
Ui\FileUploadPage.cs(20,18): error CS0246: The type or namespace name 'How' could not be found (are you missing a using directive or an assembly reference?) [C:\Work\Starcounter\UniformDocs\test\UniformDocs.Tests\UniformDocs.Tests.csproj]
Ui\FileUploadPage.cs(20,24): error CS0103: The name 'How' does not exist in the current context [C:\Work\Starcounter\UniformDocs\test\UniformDocs.Tests\UniformDocs.Tests.csproj]
Ui\FileUploadPage.cs(20,41): error CS0246: The type or namespace name 'Using' could not be found (are you missing a using directive or an assembly reference?) [C:\Work\Starcounter\UniformDocs\test\UniformDocs.Tests\UniformDocs.Tests.csproj]
Test\TextPageTest.cs(21,10): error CS0246: The type or namespace name 'SetUpAttribute' could not be found (are you missing a using directive or an assembly reference?) [C:\Work\Starcounter\UniformDocs\test\UniformDocs.Tests\UniformDocs.Tests.csproj]
Test\TextPageTest.cs(21,10): error CS0246: The type or namespace name 'SetUp' could not be found (are you missing a using directive or an assembly reference?) [C:\Work\Starcounter\UniformDocs\test\UniformDocs.Tests\UniformDocs.Tests.csproj]
Ui\BasePage.cs(73,10): error CS0246: The type or namespace name 'FindsByAttribute' could not be found (are you missing a using directive or an assembly reference?) [C:\Work\Starcounter\UniformDocs\test\UniformDocs.Tests\UniformDocs.Tests.csproj]
Ui\BasePage.cs(73,10): error CS0246: The type or namespace name 'FindsBy' could not be found (are you missing a using directive or an assembly reference?) [C:\Work\Starcounter\UniformDocs\test\UniformDocs.Tests\UniformDocs.Tests.csproj]
Ui\BasePage.cs(73,18): error CS0246: The type or namespace name 'How' could not be found (are you missing a using directive or an assembly reference?) [C:\Work\Starcounter\UniformDocs\test\UniformDocs.Tests\UniformDocs.Tests.csproj]
Ui\BasePage.cs(73,24): error CS0103: The name 'How' does not exist in the current context [C:\Work\Starcounter\UniformDocs\test\UniformDocs.Tests\UniformDocs.Tests.csproj]
Ui\BasePage.cs(73,35): error CS0246: The type or namespace name 'Using' could not be found (are you missing a using directive or an assembly reference?) [C:\Work\Starcounter\UniformDocs\test\UniformDocs.Tests\UniformDocs.Tests.csproj]
Test\TextPageTest.cs(28,10): error CS0616: 'UniformDocs.Tests.Test' is not an attribute class [C:\Work\Starcounter\UniformDocs\test\UniformDocs.Tests\UniformDocs.Tests.csproj]
Test\TextPageTest.cs(40,10): error CS0616: 'UniformDocs.Tests.Test' is not an attribute class [C:\Work\Starcounter\UniformDocs\test\UniformDocs.Tests\UniformDocs.Tests.csproj]
Test\TextPageTest.cs(53,10): error CS0616: 'UniformDocs.Tests.Test' is not an attribute class [C:\Work\Starcounter\UniformDocs\test\UniformDocs.Tests\UniformDocs.Tests.csproj]
Test\TextPageTest.cs(69,10): error CS0616: 'UniformDocs.Tests.Test' is not an attribute class [C:\Work\Starcounter\UniformDocs\test\UniformDocs.Tests\UniformDocs.Tests.csproj]
Ui\BasePage.cs(76,10): error CS0246: The type or namespace name 'FindsByAttribute' could not be found (are you missing a using directive or an assembly reference?) [C:\Work\Starcounter\UniformDocs\test\UniformDocs.Tests\UniformDocs.Tests.csproj]
Ui\BasePage.cs(76,10): error CS0246: The type or namespace name 'FindsBy' could not be found (are you missing a using directive or an assembly reference?) [C:\Work\Starcounter\UniformDocs\test\UniformDocs.Tests\UniformDocs.Tests.csproj]
Ui\BasePage.cs(76,18): error CS0246: The type or namespace name 'How' could not be found (are you missing a using directive or an assembly reference?) [C:\Work\Starcounter\UniformDocs\test\UniformDocs.Tests\UniformDocs.Tests.csproj]
Ui\BasePage.cs(76,24): error CS0103: The name 'How' does not exist in the current context [C:\Work\Starcounter\UniformDocs\test\UniformDocs.Tests\UniformDocs.Tests.csproj]
Ui\BasePage.cs(76,35): error CS0246: The type or namespace name 'Using' could not be found (are you missing a using directive or an assembly reference?) [C:\Work\Starcounter\UniformDocs\test\UniformDocs.Tests\UniformDocs.Tests.csproj]
Test\TextPageTest.cs(83,10): error CS0616: 'UniformDocs.Tests.Test' is not an attribute class [C:\Work\Starcounter\UniformDocs\test\UniformDocs.Tests\UniformDocs.Tests.csproj]
Ui\BasePage.cs(79,10): error CS0246: The type or namespace name 'FindsByAttribute' could not be found (are you missing a using directive or an assembly reference?) [C:\Work\Starcounter\UniformDocs\test\UniformDocs.Tests\UniformDocs.Tests.csproj]
Ui\BasePage.cs(79,10): error CS0246: The type or namespace name 'FindsBy' could not be found (are you missing a using directive or an assembly reference?) [C:\Work\Starcounter\UniformDocs\test\UniformDocs.Tests\UniformDocs.Tests.csproj]
Ui\BasePage.cs(79,18): error CS0246: The type or namespace name 'How' could not be found (are you missing a using directive or an assembly reference?) [C:\Work\Starcounter\UniformDocs\test\UniformDocs.Tests\UniformDocs.Tests.csproj]
Ui\BasePage.cs(79,24): error CS0103: The name 'How' does not exist in the current context [C:\Work\Starcounter\UniformDocs\test\UniformDocs.Tests\UniformDocs.Tests.csproj]
Ui\BasePage.cs(79,35): error CS0246: The type or namespace name 'Using' could not be found (are you missing a using directive or an assembly reference?) [C:\Work\Starcounter\UniformDocs\test\UniformDocs.Tests\UniformDocs.Tests.csproj]
Ui\PaginationPage.cs(16,16): error CS0246: The type or namespace name 'IWebElement' could not be found (are you missing a using directive or an assembly reference?) [C:\Work\Starcounter\UniformDocs\test\UniformDocs.Tests\UniformDocs.Tests.csproj]
Ui\PaginationPage.cs(19,22): error CS0246: The type or namespace name 'IWebElement' could not be found (are you missing a using directive or an assembly reference?) [C:\Work\Starcounter\UniformDocs\test\UniformDocs.Tests\UniformDocs.Tests.csproj]
Ui\PaginationPage.cs(22,16): error CS0246: The type or namespace name 'IWebElement' could not be found (are you missing a using directive or an assembly reference?) [C:\Work\Starcounter\UniformDocs\test\UniformDocs.Tests\UniformDocs.Tests.csproj]
Ui\BasePage.cs(82,10): error CS0246: The type or namespace name 'FindsByAttribute' could not be found (are you missing a using directive or an assembly reference?) [C:\Work\Starcounter\UniformDocs\test\UniformDocs.Tests\UniformDocs.Tests.csproj]
Ui\BasePage.cs(82,10): error CS0246: The type or namespace name 'FindsBy' could not be found (are you missing a using directive or an assembly reference?) [C:\Work\Starcounter\UniformDocs\test\UniformDocs.Tests\UniformDocs.Tests.csproj]
Ui\BasePage.cs(82,18): error CS0246: The type or namespace name 'How' could not be found (are you missing a using directive or an assembly reference?) [C:\Work\Starcounter\UniformDocs\test\UniformDocs.Tests\UniformDocs.Tests.csproj]
Ui\BasePage.cs(82,24): error CS0103: The name 'How' does not exist in the current context [C:\Work\Starcounter\UniformDocs\test\UniformDocs.Tests\UniformDocs.Tests.csproj]
Ui\BasePage.cs(82,35): error CS0246: The type or namespace name 'Using' could not be found (are you missing a using directive or an assembly reference?) [C:\Work\Starcounter\UniformDocs\test\UniformDocs.Tests\UniformDocs.Tests.csproj]
Ui\DatepickerPage.cs(13,16): error CS0246: The type or namespace name 'IWebElement' could not be found (are you missing a using directive or an assembly reference?) [C:\Work\Starcounter\UniformDocs\test\UniformDocs.Tests\UniformDocs.Tests.csproj]
Ui\PaginationPage.cs(25,16): error CS0246: The type or namespace name 'IWebElement' could not be found (are you missing a using directive or an assembly reference?) [C:\Work\Starcounter\UniformDocs\test\UniformDocs.Tests\UniformDocs.Tests.csproj]
Ui\DatepickerPage.cs(16,16): error CS0246: The type or namespace name 'IWebElement' could not be found (are you missing a using directive or an assembly reference?) [C:\Work\Starcounter\UniformDocs\test\UniformDocs.Tests\UniformDocs.Tests.csproj]
Ui\DatepickerPage.cs(19,16): error CS0246: The type or namespace name 'IWebElement' could not be found (are you missing a using directive or an assembly reference?) [C:\Work\Starcounter\UniformDocs\test\UniformDocs.Tests\UniformDocs.Tests.csproj]
Ui\DatepickerPage.cs(22,16): error CS0246: The type or namespace name 'IWebElement' could not be found (are you missing a using directive or an assembly reference?) [C:\Work\Starcounter\UniformDocs\test\UniformDocs.Tests\UniformDocs.Tests.csproj]
Ui\PaginationPage.cs(10,31): error CS0246: The type or namespace name 'IWebDriver' could not be found (are you missing a using directive or an assembly reference?) [C:\Work\Starcounter\UniformDocs\test\UniformDocs.Tests\UniformDocs.Tests.csproj]
Ui\MainPage.cs(14,16): error CS0246: The type or namespace name 'IWebElement' could not be found (are you missing a using directive or an assembly reference?) [C:\Work\Starcounter\UniformDocs\test\UniformDocs.Tests\UniformDocs.Tests.csproj]
Ui\BasePage.cs(85,10): error CS0246: The type or namespace name 'FindsByAttribute' could not be found (are you missing a using directive or an assembly reference?) [C:\Work\Starcounter\UniformDocs\test\UniformDocs.Tests\UniformDocs.Tests.csproj]
Ui\BasePage.cs(85,10): error CS0246: The type or namespace name 'FindsBy' could not be found (are you missing a using directive or an assembly reference?) [C:\Work\Starcounter\UniformDocs\test\UniformDocs.Tests\UniformDocs.Tests.csproj]
Ui\BasePage.cs(85,18): error CS0246: The type or namespace name 'How' could not be found (are you missing a using directive or an assembly reference?) [C:\Work\Starcounter\UniformDocs\test\UniformDocs.Tests\UniformDocs.Tests.csproj]
Ui\BasePage.cs(85,24): error CS0103: The name 'How' does not exist in the current context [C:\Work\Starcounter\UniformDocs\test\UniformDocs.Tests\UniformDocs.Tests.csproj]
Ui\BasePage.cs(85,35): error CS0246: The type or namespace name 'Using' could not be found (are you missing a using directive or an assembly reference?) [C:\Work\Starcounter\UniformDocs\test\UniformDocs.Tests\UniformDocs.Tests.csproj]
Ui\MainPage.cs(17,16): error CS0246: The type or namespace name 'IWebElement' could not be found (are you missing a using directive or an assembly reference?) [C:\Work\Starcounter\UniformDocs\test\UniformDocs.Tests\UniformDocs.Tests.csproj]
Ui\DatepickerPage.cs(9,31): error CS0246: The type or namespace name 'IWebDriver' could not be found (are you missing a using directive or an assembly reference?) [C:\Work\Starcounter\UniformDocs\test\UniformDocs.Tests\UniformDocs.Tests.csproj]
Ui\BasePage.cs(88,10): error CS0246: The type or namespace name 'FindsByAttribute' could not be found (are you missing a using directive or an assembly reference?) [C:\Work\Starcounter\UniformDocs\test\UniformDocs.Tests\UniformDocs.Tests.csproj]
Ui\BasePage.cs(88,10): error CS0246: The type or namespace name 'FindsBy' could not be found (are you missing a using directive or an assembly reference?) [C:\Work\Starcounter\UniformDocs\test\UniformDocs.Tests\UniformDocs.Tests.csproj]
Ui\BasePage.cs(88,18): error CS0246: The type or namespace name 'How' could not be found (are you missing a using directive or an assembly reference?) [C:\Work\Starcounter\UniformDocs\test\UniformDocs.Tests\UniformDocs.Tests.csproj]
Ui\BasePage.cs(88,24): error CS0103: The name 'How' does not exist in the current context [C:\Work\Starcounter\UniformDocs\test\UniformDocs.Tests\UniformDocs.Tests.csproj]
Ui\BasePage.cs(88,35): error CS0246: The type or namespace name 'Using' could not be found (are you missing a using directive or an assembly reference?) [C:\Work\Starcounter\UniformDocs\test\UniformDocs.Tests\UniformDocs.Tests.csproj]
Ui\PaginationPage.cs(15,10): error CS0246: The type or namespace name 'FindsByAttribute' could not be found (are you missing a using directive or an assembly reference?) [C:\Work\Starcounter\UniformDocs\test\UniformDocs.Tests\UniformDocs.Tests.csproj]
Ui\PaginationPage.cs(15,10): error CS0246: The type or namespace name 'FindsBy' could not be found (are you missing a using directive or an assembly reference?) [C:\Work\Starcounter\UniformDocs\test\UniformDocs.Tests\UniformDocs.Tests.csproj]
Ui\PaginationPage.cs(15,18): error CS0246: The type or namespace name 'How' could not be found (are you missing a using directive or an assembly reference?) [C:\Work\Starcounter\UniformDocs\test\UniformDocs.Tests\UniformDocs.Tests.csproj]
Ui\PaginationPage.cs(15,24): error CS0103: The name 'How' does not exist in the current context [C:\Work\Starcounter\UniformDocs\test\UniformDocs.Tests\UniformDocs.Tests.csproj]
Ui\PaginationPage.cs(15,41): error CS0246: The type or namespace name 'Using' could not be found (are you missing a using directive or an assembly reference?) [C:\Work\Starcounter\UniformDocs\test\UniformDocs.Tests\UniformDocs.Tests.csproj]
Ui\DatepickerPage.cs(15,10): error CS0246: The type or namespace name 'FindsByAttribute' could not be found (are you missing a using directive or an assembly reference?) [C:\Work\Starcounter\UniformDocs\test\UniformDocs.Tests\UniformDocs.Tests.csproj]
Ui\DatepickerPage.cs(15,10): error CS0246: The type or namespace name 'FindsBy' could not be found (are you missing a using directive or an assembly reference?) [C:\Work\Starcounter\UniformDocs\test\UniformDocs.Tests\UniformDocs.Tests.csproj]
Ui\DatepickerPage.cs(15,18): error CS0246: The type or namespace name 'How' could not be found (are you missing a using directive or an assembly reference?) [C:\Work\Starcounter\UniformDocs\test\UniformDocs.Tests\UniformDocs.Tests.csproj]
Ui\DatepickerPage.cs(15,24): error CS0103: The name 'How' does not exist in the current context [C:\Work\Starcounter\UniformDocs\test\UniformDocs.Tests\UniformDocs.Tests.csproj]
Ui\DatepickerPage.cs(15,41): error CS0246: The type or namespace name 'Using' could not be found (are you missing a using directive or an assembly reference?) [C:\Work\Starcounter\UniformDocs\test\UniformDocs.Tests\UniformDocs.Tests.csproj]
Ui\BasePage.cs(91,10): error CS0246: The type or namespace name 'FindsByAttribute' could not be found (are you missing a using directive or an assembly reference?) [C:\Work\Starcounter\UniformDocs\test\UniformDocs.Tests\UniformDocs.Tests.csproj]
Ui\BasePage.cs(91,10): error CS0246: The type or namespace name 'FindsBy' could not be found (are you missing a using directive or an assembly reference?) [C:\Work\Starcounter\UniformDocs\test\UniformDocs.Tests\UniformDocs.Tests.csproj]
Ui\BasePage.cs(91,18): error CS0246: The type or namespace name 'How' could not be found (are you missing a using directive or an assembly reference?) [C:\Work\Starcounter\UniformDocs\test\UniformDocs.Tests\UniformDocs.Tests.csproj]
Ui\BasePage.cs(91,24): error CS0103: The name 'How' does not exist in the current context [C:\Work\Starcounter\UniformDocs\test\UniformDocs.Tests\UniformDocs.Tests.csproj]
Ui\BasePage.cs(91,35): error CS0246: The type or namespace name 'Using' could not be found (are you missing a using directive or an assembly reference?) [C:\Work\Starcounter\UniformDocs\test\UniformDocs.Tests\UniformDocs.Tests.csproj]
Ui\PaginationPage.cs(18,10): error CS0246: The type or namespace name 'FindsByAttribute' could not be found (are you missing a using directive or an assembly reference?) [C:\Work\Starcounter\UniformDocs\test\UniformDocs.Tests\UniformDocs.Tests.csproj]
Ui\PaginationPage.cs(18,10): error CS0246: The type or namespace name 'FindsBy' could not be found (are you missing a using directive or an assembly reference?) [C:\Work\Starcounter\UniformDocs\test\UniformDocs.Tests\UniformDocs.Tests.csproj]
Ui\PaginationPage.cs(18,18): error CS0246: The type or namespace name 'How' could not be found (are you missing a using directive or an assembly reference?) [C:\Work\Starcounter\UniformDocs\test\UniformDocs.Tests\UniformDocs.Tests.csproj]
Ui\PaginationPage.cs(18,24): error CS0103: The name 'How' does not exist in the current context [C:\Work\Starcounter\UniformDocs\test\UniformDocs.Tests\UniformDocs.Tests.csproj]
Ui\PaginationPage.cs(18,41): error CS0246: The type or namespace name 'Using' could not be found (are you missing a using directive or an assembly reference?) [C:\Work\Starcounter\UniformDocs\test\UniformDocs.Tests\UniformDocs.Tests.csproj]
Ui\DatepickerPage.cs(18,10): error CS0246: The type or namespace name 'FindsByAttribute' could not be found (are you missing a using directive or an assembly reference?) [C:\Work\Starcounter\UniformDocs\test\UniformDocs.Tests\UniformDocs.Tests.csproj]
Ui\DatepickerPage.cs(18,10): error CS0246: The type or namespace name 'FindsBy' could not be found (are you missing a using directive or an assembly reference?) [C:\Work\Starcounter\UniformDocs\test\UniformDocs.Tests\UniformDocs.Tests.csproj]
Ui\DatepickerPage.cs(18,18): error CS0246: The type or namespace name 'How' could not be found (are you missing a using directive or an assembly reference?) [C:\Work\Starcounter\UniformDocs\test\UniformDocs.Tests\UniformDocs.Tests.csproj]
Ui\DatepickerPage.cs(18,24): error CS0103: The name 'How' does not exist in the current context [C:\Work\Starcounter\UniformDocs\test\UniformDocs.Tests\UniformDocs.Tests.csproj]
Ui\DatepickerPage.cs(18,41): error CS0246: The type or namespace name 'Using' could not be found (are you missing a using directive or an assembly reference?) [C:\Work\Starcounter\UniformDocs\test\UniformDocs.Tests\UniformDocs.Tests.csproj]
Ui\PaginationPage.cs(21,10): error CS0246: The type or namespace name 'FindsByAttribute' could not be found (are you missing a using directive or an assembly reference?) [C:\Work\Starcounter\UniformDocs\test\UniformDocs.Tests\UniformDocs.Tests.csproj]
Ui\PaginationPage.cs(21,10): error CS0246: The type or namespace name 'FindsBy' could not be found (are you missing a using directive or an assembly reference?) [C:\Work\Starcounter\UniformDocs\test\UniformDocs.Tests\UniformDocs.Tests.csproj]
Ui\PaginationPage.cs(21,18): error CS0246: The type or namespace name 'How' could not be found (are you missing a using directive or an assembly reference?) [C:\Work\Starcounter\UniformDocs\test\UniformDocs.Tests\UniformDocs.Tests.csproj]
Ui\PaginationPage.cs(21,24): error CS0103: The name 'How' does not exist in the current context [C:\Work\Starcounter\UniformDocs\test\UniformDocs.Tests\UniformDocs.Tests.csproj]
Ui\PaginationPage.cs(21,41): error CS0246: The type or namespace name 'Using' could not be found (are you missing a using directive or an assembly reference?) [C:\Work\Starcounter\UniformDocs\test\UniformDocs.Tests\UniformDocs.Tests.csproj]
Ui\MainPage.cs(9,25): error CS0246: The type or namespace name 'IWebDriver' could not be found (are you missing a using directive or an assembly reference?) [C:\Work\Starcounter\UniformDocs\test\UniformDocs.Tests\UniformDocs.Tests.csproj]
Ui\DatepickerPage.cs(21,10): error CS0246: The type or namespace name 'FindsByAttribute' could not be found (are you missing a using directive or an assembly reference?) [C:\Work\Starcounter\UniformDocs\test\UniformDocs.Tests\UniformDocs.Tests.csproj]
Ui\DatepickerPage.cs(21,10): error CS0246: The type or namespace name 'FindsBy' could not be found (are you missing a using directive or an assembly reference?) [C:\Work\Starcounter\UniformDocs\test\UniformDocs.Tests\UniformDocs.Tests.csproj]
Ui\DatepickerPage.cs(21,18): error CS0246: The type or namespace name 'How' could not be found (are you missing a using directive or an assembly reference?) [C:\Work\Starcounter\UniformDocs\test\UniformDocs.Tests\UniformDocs.Tests.csproj]
Ui\DatepickerPage.cs(21,24): error CS0103: The name 'How' does not exist in the current context [C:\Work\Starcounter\UniformDocs\test\UniformDocs.Tests\UniformDocs.Tests.csproj]
Ui\DatepickerPage.cs(21,41): error CS0246: The type or namespace name 'Using' could not be found (are you missing a using directive or an assembly reference?) [C:\Work\Starcounter\UniformDocs\test\UniformDocs.Tests\UniformDocs.Tests.csproj]
Ui\PaginationPage.cs(24,10): error CS0246: The type or namespace name 'FindsByAttribute' could not be found (are you missing a using directive or an assembly reference?) [C:\Work\Starcounter\UniformDocs\test\UniformDocs.Tests\UniformDocs.Tests.csproj]
Ui\PaginationPage.cs(24,10): error CS0246: The type or namespace name 'FindsBy' could not be found (are you missing a using directive or an assembly reference?) [C:\Work\Starcounter\UniformDocs\test\UniformDocs.Tests\UniformDocs.Tests.csproj]
Ui\PaginationPage.cs(24,18): error CS0246: The type or namespace name 'How' could not be found (are you missing a using directive or an assembly reference?) [C:\Work\Starcounter\UniformDocs\test\UniformDocs.Tests\UniformDocs.Tests.csproj]
Ui\PaginationPage.cs(24,24): error CS0103: The name 'How' does not exist in the current context [C:\Work\Starcounter\UniformDocs\test\UniformDocs.Tests\UniformDocs.Tests.csproj]
Ui\PaginationPage.cs(24,41): error CS0246: The type or namespace name 'Using' could not be found (are you missing a using directive or an assembly reference?) [C:\Work\Starcounter\UniformDocs\test\UniformDocs.Tests\UniformDocs.Tests.csproj]
Ui\MainPage.cs(13,10): error CS0246: The type or namespace name 'FindsByAttribute' could not be found (are you missing a using directive or an assembly reference?) [C:\Work\Starcounter\UniformDocs\test\UniformDocs.Tests\UniformDocs.Tests.csproj]
Ui\MainPage.cs(13,10): error CS0246: The type or namespace name 'FindsBy' could not be found (are you missing a using directive or an assembly reference?) [C:\Work\Starcounter\UniformDocs\test\UniformDocs.Tests\UniformDocs.Tests.csproj]
Ui\MainPage.cs(13,18): error CS0246: The type or namespace name 'How' could not be found (are you missing a using directive or an assembly reference?) [C:\Work\Starcounter\UniformDocs\test\UniformDocs.Tests\UniformDocs.Tests.csproj]
Ui\MainPage.cs(13,24): error CS0103: The name 'How' does not exist in the current context [C:\Work\Starcounter\UniformDocs\test\UniformDocs.Tests\UniformDocs.Tests.csproj]
Ui\MainPage.cs(13,41): error CS0246: The type or namespace name 'Using' could not be found (are you missing a using directive or an assembly reference?) [C:\Work\Starcounter\UniformDocs\test\UniformDocs.Tests\UniformDocs.Tests.csproj]
Ui\NestedPartialsPage.cs(15,16): error CS0246: The type or namespace name 'IWebElement' could not be found (are you missing a using directive or an assembly reference?) [C:\Work\Starcounter\UniformDocs\test\UniformDocs.Tests\UniformDocs.Tests.csproj]
Ui\MainPage.cs(16,10): error CS0246: The type or namespace name 'FindsByAttribute' could not be found (are you missing a using directive or an assembly reference?) [C:\Work\Starcounter\UniformDocs\test\UniformDocs.Tests\UniformDocs.Tests.csproj]
Ui\MainPage.cs(16,10): error CS0246: The type or namespace name 'FindsBy' could not be found (are you missing a using directive or an assembly reference?) [C:\Work\Starcounter\UniformDocs\test\UniformDocs.Tests\UniformDocs.Tests.csproj]
Ui\MainPage.cs(16,18): error CS0246: The type or namespace name 'How' could not be found (are you missing a using directive or an assembly reference?) [C:\Work\Starcounter\UniformDocs\test\UniformDocs.Tests\UniformDocs.Tests.csproj]
Ui\MainPage.cs(16,24): error CS0103: The name 'How' does not exist in the current context [C:\Work\Starcounter\UniformDocs\test\UniformDocs.Tests\UniformDocs.Tests.csproj]
Ui\MainPage.cs(16,41): error CS0246: The type or namespace name 'Using' could not be found (are you missing a using directive or an assembly reference?) [C:\Work\Starcounter\UniformDocs\test\UniformDocs.Tests\UniformDocs.Tests.csproj]
Ui\DropdownPage.cs(15,16): error CS0246: The type or namespace name 'IWebElement' could not be found (are you missing a using directive or an assembly reference?) [C:\Work\Starcounter\UniformDocs\test\UniformDocs.Tests\UniformDocs.Tests.csproj]
Ui\NestedPartialsPage.cs(18,22): error CS0246: The type or namespace name 'IWebElement' could not be found (are you missing a using directive or an assembly reference?) [C:\Work\Starcounter\UniformDocs\test\UniformDocs.Tests\UniformDocs.Tests.csproj]
Ui\DropdownPage.cs(18,16): error CS0246: The type or namespace name 'IWebElement' could not be found (are you missing a using directive or an assembly reference?) [C:\Work\Starcounter\UniformDocs\test\UniformDocs.Tests\UniformDocs.Tests.csproj]
Ui\DropdownPage.cs(21,16): error CS0246: The type or namespace name 'IWebElement' could not be found (are you missing a using directive or an assembly reference?) [C:\Work\Starcounter\UniformDocs\test\UniformDocs.Tests\UniformDocs.Tests.csproj]
Ui\ButtonPage.cs(14,16): error CS0246: The type or namespace name 'IWebElement' could not be found (are you missing a using directive or an assembly reference?) [C:\Work\Starcounter\UniformDocs\test\UniformDocs.Tests\UniformDocs.Tests.csproj]
Ui\NestedPartialsPage.cs(9,35): error CS0246: The type or namespace name 'IWebDriver' could not be found (are you missing a using directive or an assembly reference?) [C:\Work\Starcounter\UniformDocs\test\UniformDocs.Tests\UniformDocs.Tests.csproj]
Ui\DropdownPage.cs(24,16): error CS0246: The type or namespace name 'IWebElement' could not be found (are you missing a using directive or an assembly reference?) [C:\Work\Starcounter\UniformDocs\test\UniformDocs.Tests\UniformDocs.Tests.csproj]
Ui\ButtonPage.cs(17,16): error CS0246: The type or namespace name 'IWebElement' could not be found (are you missing a using directive or an assembly reference?) [C:\Work\Starcounter\UniformDocs\test\UniformDocs.Tests\UniformDocs.Tests.csproj]
Ui\DropdownPage.cs(27,16): error CS0246: The type or namespace name 'IWebElement' could not be found (are you missing a using directive or an assembly reference?) [C:\Work\Starcounter\UniformDocs\test\UniformDocs.Tests\UniformDocs.Tests.csproj]
Ui\ButtonPage.cs(20,16): error CS0246: The type or namespace name 'IWebElement' could not be found (are you missing a using directive or an assembly reference?) [C:\Work\Starcounter\UniformDocs\test\UniformDocs.Tests\UniformDocs.Tests.csproj]
Ui\ButtonPage.cs(23,16): error CS0246: The type or namespace name 'IWebElement' could not be found (are you missing a using directive or an assembly reference?) [C:\Work\Starcounter\UniformDocs\test\UniformDocs.Tests\UniformDocs.Tests.csproj]
Ui\ButtonPage.cs(26,16): error CS0246: The type or namespace name 'IWebElement' could not be found (are you missing a using directive or an assembly reference?) [C:\Work\Starcounter\UniformDocs\test\UniformDocs.Tests\UniformDocs.Tests.csproj]
Ui\NestedPartialsPage.cs(14,10): error CS0246: The type or namespace name 'FindsByAttribute' could not be found (are you missing a using directive or an assembly reference?) [C:\Work\Starcounter\UniformDocs\test\UniformDocs.Tests\UniformDocs.Tests.csproj]
Ui\NestedPartialsPage.cs(14,10): error CS0246: The type or namespace name 'FindsBy' could not be found (are you missing a using directive or an assembly reference?) [C:\Work\Starcounter\UniformDocs\test\UniformDocs.Tests\UniformDocs.Tests.csproj]
Ui\NestedPartialsPage.cs(14,18): error CS0246: The type or namespace name 'How' could not be found (are you missing a using directive or an assembly reference?) [C:\Work\Starcounter\UniformDocs\test\UniformDocs.Tests\UniformDocs.Tests.csproj]
Ui\NestedPartialsPage.cs(14,24): error CS0103: The name 'How' does not exist in the current context [C:\Work\Starcounter\UniformDocs\test\UniformDocs.Tests\UniformDocs.Tests.csproj]
Ui\NestedPartialsPage.cs(14,35): error CS0246: The type or namespace name 'Using' could not be found (are you missing a using directive or an assembly reference?) [C:\Work\Starcounter\UniformDocs\test\UniformDocs.Tests\UniformDocs.Tests.csproj]
Ui\DropdownPage.cs(9,29): error CS0246: The type or namespace name 'IWebDriver' could not be found (are you missing a using directive or an assembly reference?) [C:\Work\Starcounter\UniformDocs\test\UniformDocs.Tests\UniformDocs.Tests.csproj]
Ui\ButtonPage.cs(29,16): error CS0246: The type or namespace name 'IWebElement' could not be found (are you missing a using directive or an assembly reference?) [C:\Work\Starcounter\UniformDocs\test\UniformDocs.Tests\UniformDocs.Tests.csproj]
Ui\RedirectPage.cs(15,16): error CS0246: The type or namespace name 'IWebElement' could not be found (are you missing a using directive or an assembly reference?) [C:\Work\Starcounter\UniformDocs\test\UniformDocs.Tests\UniformDocs.Tests.csproj]
Ui\ButtonPage.cs(32,16): error CS0246: The type or namespace name 'IWebElement' could not be found (are you missing a using directive or an assembly reference?) [C:\Work\Starcounter\UniformDocs\test\UniformDocs.Tests\UniformDocs.Tests.csproj]
Ui\RedirectPage.cs(18,16): error CS0246: The type or namespace name 'IWebElement' could not be found (are you missing a using directive or an assembly reference?) [C:\Work\Starcounter\UniformDocs\test\UniformDocs.Tests\UniformDocs.Tests.csproj]
Ui\ButtonPage.cs(35,16): error CS0246: The type or namespace name 'IWebElement' could not be found (are you missing a using directive or an assembly reference?) [C:\Work\Starcounter\UniformDocs\test\UniformDocs.Tests\UniformDocs.Tests.csproj]
Ui\RedirectPage.cs(21,16): error CS0246: The type or namespace name 'IWebElement' could not be found (are you missing a using directive or an assembly reference?) [C:\Work\Starcounter\UniformDocs\test\UniformDocs.Tests\UniformDocs.Tests.csproj]
Ui\ButtonPage.cs(38,16): error CS0246: The type or namespace name 'IWebElement' could not be found (are you missing a using directive or an assembly reference?) [C:\Work\Starcounter\UniformDocs\test\UniformDocs.Tests\UniformDocs.Tests.csproj]
Ui\DropdownPage.cs(14,10): error CS0246: The type or namespace name 'FindsByAttribute' could not be found (are you missing a using directive or an assembly reference?) [C:\Work\Starcounter\UniformDocs\test\UniformDocs.Tests\UniformDocs.Tests.csproj]
Ui\NestedPartialsPage.cs(17,10): error CS0246: The type or namespace name 'FindsByAttribute' could not be found (are you missing a using directive or an assembly reference?) [C:\Work\Starcounter\UniformDocs\test\UniformDocs.Tests\UniformDocs.Tests.csproj]
Ui\DropdownPage.cs(14,10): error CS0246: The type or namespace name 'FindsBy' could not be found (are you missing a using directive or an assembly reference?) [C:\Work\Starcounter\UniformDocs\test\UniformDocs.Tests\UniformDocs.Tests.csproj]
Ui\NestedPartialsPage.cs(17,10): error CS0246: The type or namespace name 'FindsBy' could not be found (are you missing a using directive or an assembly reference?) [C:\Work\Starcounter\UniformDocs\test\UniformDocs.Tests\UniformDocs.Tests.csproj]
Ui\DropdownPage.cs(14,18): error CS0246: The type or namespace name 'How' could not be found (are you missing a using directive or an assembly reference?) [C:\Work\Starcounter\UniformDocs\test\UniformDocs.Tests\UniformDocs.Tests.csproj]
Ui\NestedPartialsPage.cs(17,18): error CS0246: The type or namespace name 'How' could not be found (are you missing a using directive or an assembly reference?) [C:\Work\Starcounter\UniformDocs\test\UniformDocs.Tests\UniformDocs.Tests.csproj]
Ui\DropdownPage.cs(14,24): error CS0103: The name 'How' does not exist in the current context [C:\Work\Starcounter\UniformDocs\test\UniformDocs.Tests\UniformDocs.Tests.csproj]
Ui\NestedPartialsPage.cs(17,24): error CS0103: The name 'How' does not exist in the current context [C:\Work\Starcounter\UniformDocs\test\UniformDocs.Tests\UniformDocs.Tests.csproj]
Ui\DropdownPage.cs(14,41): error CS0246: The type or namespace name 'Using' could not be found (are you missing a using directive or an assembly reference?) [C:\Work\Starcounter\UniformDocs\test\UniformDocs.Tests\UniformDocs.Tests.csproj]
Ui\NestedPartialsPage.cs(17,35): error CS0246: The type or namespace name 'Using' could not be found (are you missing a using directive or an assembly reference?) [C:\Work\Starcounter\UniformDocs\test\UniformDocs.Tests\UniformDocs.Tests.csproj]
Ui\RedirectPage.cs(24,16): error CS0246: The type or namespace name 'IWebElement' could not be found (are you missing a using directive or an assembly reference?) [C:\Work\Starcounter\UniformDocs\test\UniformDocs.Tests\UniformDocs.Tests.csproj]
Ui\ButtonPage.cs(41,16): error CS0246: The type or namespace name 'IWebElement' could not be found (are you missing a using directive or an assembly reference?) [C:\Work\Starcounter\UniformDocs\test\UniformDocs.Tests\UniformDocs.Tests.csproj]
Ui\RedirectPage.cs(27,16): error CS0246: The type or namespace name 'IWebElement' could not be found (are you missing a using directive or an assembly reference?) [C:\Work\Starcounter\UniformDocs\test\UniformDocs.Tests\UniformDocs.Tests.csproj]
Ui\ButtonPage.cs(44,16): error CS0246: The type or namespace name 'IWebElement' could not be found (are you missing a using directive or an assembly reference?) [C:\Work\Starcounter\UniformDocs\test\UniformDocs.Tests\UniformDocs.Tests.csproj]
Ui\RedirectPage.cs(30,16): error CS0246: The type or namespace name 'IWebElement' could not be found (are you missing a using directive or an assembly reference?) [C:\Work\Starcounter\UniformDocs\test\UniformDocs.Tests\UniformDocs.Tests.csproj]
Ui\ButtonPage.cs(47,16): error CS0246: The type or namespace name 'IWebElement' could not be found (are you missing a using directive or an assembly reference?) [C:\Work\Starcounter\UniformDocs\test\UniformDocs.Tests\UniformDocs.Tests.csproj]
Ui\ButtonPage.cs(50,16): error CS0246: The type or namespace name 'IWebElement' could not be found (are you missing a using directive or an assembly reference?) [C:\Work\Starcounter\UniformDocs\test\UniformDocs.Tests\UniformDocs.Tests.csproj]
Ui\DropdownPage.cs(17,10): error CS0246: The type or namespace name 'FindsByAttribute' could not be found (are you missing a using directive or an assembly reference?) [C:\Work\Starcounter\UniformDocs\test\UniformDocs.Tests\UniformDocs.Tests.csproj]
Ui\DropdownPage.cs(17,10): error CS0246: The type or namespace name 'FindsBy' could not be found (are you missing a using directive or an assembly reference?) [C:\Work\Starcounter\UniformDocs\test\UniformDocs.Tests\UniformDocs.Tests.csproj]
Ui\DropdownPage.cs(17,18): error CS0246: The type or namespace name 'How' could not be found (are you missing a using directive or an assembly reference?) [C:\Work\Starcounter\UniformDocs\test\UniformDocs.Tests\UniformDocs.Tests.csproj]
Ui\DropdownPage.cs(17,24): error CS0103: The name 'How' does not exist in the current context [C:\Work\Starcounter\UniformDocs\test\UniformDocs.Tests\UniformDocs.Tests.csproj]
Ui\DropdownPage.cs(17,41): error CS0246: The type or namespace name 'Using' could not be found (are you missing a using directive or an assembly reference?) [C:\Work\Starcounter\UniformDocs\test\UniformDocs.Tests\UniformDocs.Tests.csproj]
Ui\RedirectPage.cs(9,29): error CS0246: The type or namespace name 'IWebDriver' could not be found (are you missing a using directive or an assembly reference?) [C:\Work\Starcounter\UniformDocs\test\UniformDocs.Tests\UniformDocs.Tests.csproj]
Ui\ButtonPage.cs(8,27): error CS0246: The type or namespace name 'IWebDriver' could not be found (are you missing a using directive or an assembly reference?) [C:\Work\Starcounter\UniformDocs\test\UniformDocs.Tests\UniformDocs.Tests.csproj]
Ui\TablePage.cs(15,16): error CS0246: The type or namespace name 'IWebElement' could not be found (are you missing a using directive or an assembly reference?) [C:\Work\Starcounter\UniformDocs\test\UniformDocs.Tests\UniformDocs.Tests.csproj]
Ui\TablePage.cs(18,16): error CS0246: The type or namespace name 'IWebElement' could not be found (are you missing a using directive or an assembly reference?) [C:\Work\Starcounter\UniformDocs\test\UniformDocs.Tests\UniformDocs.Tests.csproj]
Ui\DropdownPage.cs(20,10): error CS0246: The type or namespace name 'FindsByAttribute' could not be found (are you missing a using directive or an assembly reference?) [C:\Work\Starcounter\UniformDocs\test\UniformDocs.Tests\UniformDocs.Tests.csproj]
Ui\DropdownPage.cs(20,10): error CS0246: The type or namespace name 'FindsBy' could not be found (are you missing a using directive or an assembly reference?) [C:\Work\Starcounter\UniformDocs\test\UniformDocs.Tests\UniformDocs.Tests.csproj]
Ui\DropdownPage.cs(20,18): error CS0246: The type or namespace name 'How' could not be found (are you missing a using directive or an assembly reference?) [C:\Work\Starcounter\UniformDocs\test\UniformDocs.Tests\UniformDocs.Tests.csproj]
Ui\DropdownPage.cs(20,24): error CS0103: The name 'How' does not exist in the current context [C:\Work\Starcounter\UniformDocs\test\UniformDocs.Tests\UniformDocs.Tests.csproj]
Ui\DropdownPage.cs(20,41): error CS0246: The type or namespace name 'Using' could not be found (are you missing a using directive or an assembly reference?) [C:\Work\Starcounter\UniformDocs\test\UniformDocs.Tests\UniformDocs.Tests.csproj]
Ui\RedirectPage.cs(14,10): error CS0246: The type or namespace name 'FindsByAttribute' could not be found (are you missing a using directive or an assembly reference?) [C:\Work\Starcounter\UniformDocs\test\UniformDocs.Tests\UniformDocs.Tests.csproj]
Ui\RedirectPage.cs(14,10): error CS0246: The type or namespace name 'FindsBy' could not be found (are you missing a using directive or an assembly reference?) [C:\Work\Starcounter\UniformDocs\test\UniformDocs.Tests\UniformDocs.Tests.csproj]
Ui\RedirectPage.cs(14,18): error CS0246: The type or namespace name 'How' could not be found (are you missing a using directive or an assembly reference?) [C:\Work\Starcounter\UniformDocs\test\UniformDocs.Tests\UniformDocs.Tests.csproj]
Ui\RedirectPage.cs(14,24): error CS0103: The name 'How' does not exist in the current context [C:\Work\Starcounter\UniformDocs\test\UniformDocs.Tests\UniformDocs.Tests.csproj]
Ui\RedirectPage.cs(14,41): error CS0246: The type or namespace name 'Using' could not be found (are you missing a using directive or an assembly reference?) [C:\Work\Starcounter\UniformDocs\test\UniformDocs.Tests\UniformDocs.Tests.csproj]
Ui\TablePage.cs(21,22): error CS0246: The type or namespace name 'IWebElement' could not be found (are you missing a using directive or an assembly reference?) [C:\Work\Starcounter\UniformDocs\test\UniformDocs.Tests\UniformDocs.Tests.csproj]
Ui\ButtonPage.cs(13,10): error CS0246: The type or namespace name 'FindsByAttribute' could not be found (are you missing a using directive or an assembly reference?) [C:\Work\Starcounter\UniformDocs\test\UniformDocs.Tests\UniformDocs.Tests.csproj]
Ui\ButtonPage.cs(13,10): error CS0246: The type or namespace name 'FindsBy' could not be found (are you missing a using directive or an assembly reference?) [C:\Work\Starcounter\UniformDocs\test\UniformDocs.Tests\UniformDocs.Tests.csproj]
Ui\ButtonPage.cs(13,18): error CS0246: The type or namespace name 'How' could not be found (are you missing a using directive or an assembly reference?) [C:\Work\Starcounter\UniformDocs\test\UniformDocs.Tests\UniformDocs.Tests.csproj]
Ui\ButtonPage.cs(13,24): error CS0103: The name 'How' does not exist in the current context [C:\Work\Starcounter\UniformDocs\test\UniformDocs.Tests\UniformDocs.Tests.csproj]
Ui\ButtonPage.cs(13,41): error CS0246: The type or namespace name 'Using' could not be found (are you missing a using directive or an assembly reference?) [C:\Work\Starcounter\UniformDocs\test\UniformDocs.Tests\UniformDocs.Tests.csproj]
Ui\DropdownPage.cs(23,10): error CS0246: The type or namespace name 'FindsByAttribute' could not be found (are you missing a using directive or an assembly reference?) [C:\Work\Starcounter\UniformDocs\test\UniformDocs.Tests\UniformDocs.Tests.csproj]
Ui\DropdownPage.cs(23,10): error CS0246: The type or namespace name 'FindsBy' could not be found (are you missing a using directive or an assembly reference?) [C:\Work\Starcounter\UniformDocs\test\UniformDocs.Tests\UniformDocs.Tests.csproj]
Ui\DropdownPage.cs(23,18): error CS0246: The type or namespace name 'How' could not be found (are you missing a using directive or an assembly reference?) [C:\Work\Starcounter\UniformDocs\test\UniformDocs.Tests\UniformDocs.Tests.csproj]
Ui\DropdownPage.cs(23,24): error CS0103: The name 'How' does not exist in the current context [C:\Work\Starcounter\UniformDocs\test\UniformDocs.Tests\UniformDocs.Tests.csproj]
Ui\DropdownPage.cs(23,41): error CS0246: The type or namespace name 'Using' could not be found (are you missing a using directive or an assembly reference?) [C:\Work\Starcounter\UniformDocs\test\UniformDocs.Tests\UniformDocs.Tests.csproj]
Ui\TablePage.cs(9,26): error CS0246: The type or namespace name 'IWebDriver' could not be found (are you missing a using directive or an assembly reference?) [C:\Work\Starcounter\UniformDocs\test\UniformDocs.Tests\UniformDocs.Tests.csproj]
Ui\RedirectPage.cs(17,10): error CS0246: The type or namespace name 'FindsByAttribute' could not be found (are you missing a using directive or an assembly reference?) [C:\Work\Starcounter\UniformDocs\test\UniformDocs.Tests\UniformDocs.Tests.csproj]
Ui\RedirectPage.cs(17,10): error CS0246: The type or namespace name 'FindsBy' could not be found (are you missing a using directive or an assembly reference?) [C:\Work\Starcounter\UniformDocs\test\UniformDocs.Tests\UniformDocs.Tests.csproj]
Ui\RedirectPage.cs(17,18): error CS0246: The type or namespace name 'How' could not be found (are you missing a using directive or an assembly reference?) [C:\Work\Starcounter\UniformDocs\test\UniformDocs.Tests\UniformDocs.Tests.csproj]
Ui\RedirectPage.cs(17,24): error CS0103: The name 'How' does not exist in the current context [C:\Work\Starcounter\UniformDocs\test\UniformDocs.Tests\UniformDocs.Tests.csproj]
Ui\RedirectPage.cs(17,41): error CS0246: The type or namespace name 'Using' could not be found (are you missing a using directive or an assembly reference?) [C:\Work\Starcounter\UniformDocs\test\UniformDocs.Tests\UniformDocs.Tests.csproj]
Ui\ButtonPage.cs(16,10): error CS0246: The type or namespace name 'FindsByAttribute' could not be found (are you missing a using directive or an assembly reference?) [C:\Work\Starcounter\UniformDocs\test\UniformDocs.Tests\UniformDocs.Tests.csproj]
Ui\ButtonPage.cs(16,10): error CS0246: The type or namespace name 'FindsBy' could not be found (are you missing a using directive or an assembly reference?) [C:\Work\Starcounter\UniformDocs\test\UniformDocs.Tests\UniformDocs.Tests.csproj]
Ui\ButtonPage.cs(16,18): error CS0246: The type or namespace name 'How' could not be found (are you missing a using directive or an assembly reference?) [C:\Work\Starcounter\UniformDocs\test\UniformDocs.Tests\UniformDocs.Tests.csproj]
Ui\ButtonPage.cs(16,24): error CS0103: The name 'How' does not exist in the current context [C:\Work\Starcounter\UniformDocs\test\UniformDocs.Tests\UniformDocs.Tests.csproj]
Ui\ButtonPage.cs(16,35): error CS0246: The type or namespace name 'Using' could not be found (are you missing a using directive or an assembly reference?) [C:\Work\Starcounter\UniformDocs\test\UniformDocs.Tests\UniformDocs.Tests.csproj]
Ui\DropdownPage.cs(26,10): error CS0246: The type or namespace name 'FindsByAttribute' could not be found (are you missing a using directive or an assembly reference?) [C:\Work\Starcounter\UniformDocs\test\UniformDocs.Tests\UniformDocs.Tests.csproj]
Ui\TablePage.cs(14,10): error CS0246: The type or namespace name 'FindsByAttribute' could not be found (are you missing a using directive or an assembly reference?) [C:\Work\Starcounter\UniformDocs\test\UniformDocs.Tests\UniformDocs.Tests.csproj]
Ui\DropdownPage.cs(26,10): error CS0246: The type or namespace name 'FindsBy' could not be found (are you missing a using directive or an assembly reference?) [C:\Work\Starcounter\UniformDocs\test\UniformDocs.Tests\UniformDocs.Tests.csproj]
Ui\TablePage.cs(14,10): error CS0246: The type or namespace name 'FindsBy' could not be found (are you missing a using directive or an assembly reference?) [C:\Work\Starcounter\UniformDocs\test\UniformDocs.Tests\UniformDocs.Tests.csproj]
Ui\DropdownPage.cs(26,18): error CS0246: The type or namespace name 'How' could not be found (are you missing a using directive or an assembly reference?) [C:\Work\Starcounter\UniformDocs\test\UniformDocs.Tests\UniformDocs.Tests.csproj]
Ui\TablePage.cs(14,18): error CS0246: The type or namespace name 'How' could not be found (are you missing a using directive or an assembly reference?) [C:\Work\Starcounter\UniformDocs\test\UniformDocs.Tests\UniformDocs.Tests.csproj]
Ui\DropdownPage.cs(26,24): error CS0103: The name 'How' does not exist in the current context [C:\Work\Starcounter\UniformDocs\test\UniformDocs.Tests\UniformDocs.Tests.csproj]
Ui\TablePage.cs(14,24): error CS0103: The name 'How' does not exist in the current context [C:\Work\Starcounter\UniformDocs\test\UniformDocs.Tests\UniformDocs.Tests.csproj]
Ui\DropdownPage.cs(26,41): error CS0246: The type or namespace name 'Using' could not be found (are you missing a using directive or an assembly reference?) [C:\Work\Starcounter\UniformDocs\test\UniformDocs.Tests\UniformDocs.Tests.csproj]
Ui\TablePage.cs(14,35): error CS0246: The type or namespace name 'Using' could not be found (are you missing a using directive or an assembly reference?) [C:\Work\Starcounter\UniformDocs\test\UniformDocs.Tests\UniformDocs.Tests.csproj]
Ui\RedirectPage.cs(20,10): error CS0246: The type or namespace name 'FindsByAttribute' could not be found (are you missing a using directive or an assembly reference?) [C:\Work\Starcounter\UniformDocs\test\UniformDocs.Tests\UniformDocs.Tests.csproj]
Ui\RedirectPage.cs(20,10): error CS0246: The type or namespace name 'FindsBy' could not be found (are you missing a using directive or an assembly reference?) [C:\Work\Starcounter\UniformDocs\test\UniformDocs.Tests\UniformDocs.Tests.csproj]
Ui\RedirectPage.cs(20,18): error CS0246: The type or namespace name 'How' could not be found (are you missing a using directive or an assembly reference?) [C:\Work\Starcounter\UniformDocs\test\UniformDocs.Tests\UniformDocs.Tests.csproj]
Ui\RedirectPage.cs(20,24): error CS0103: The name 'How' does not exist in the current context [C:\Work\Starcounter\UniformDocs\test\UniformDocs.Tests\UniformDocs.Tests.csproj]
Ui\RedirectPage.cs(20,41): error CS0246: The type or namespace name 'Using' could not be found (are you missing a using directive or an assembly reference?) [C:\Work\Starcounter\UniformDocs\test\UniformDocs.Tests\UniformDocs.Tests.csproj]
Ui\ButtonPage.cs(19,10): error CS0246: The type or namespace name 'FindsByAttribute' could not be found (are you missing a using directive or an assembly reference?) [C:\Work\Starcounter\UniformDocs\test\UniformDocs.Tests\UniformDocs.Tests.csproj]
Ui\ButtonPage.cs(19,10): error CS0246: The type or namespace name 'FindsBy' could not be found (are you missing a using directive or an assembly reference?) [C:\Work\Starcounter\UniformDocs\test\UniformDocs.Tests\UniformDocs.Tests.csproj]
Ui\ButtonPage.cs(19,18): error CS0246: The type or namespace name 'How' could not be found (are you missing a using directive or an assembly reference?) [C:\Work\Starcounter\UniformDocs\test\UniformDocs.Tests\UniformDocs.Tests.csproj]
Ui\ButtonPage.cs(19,24): error CS0103: The name 'How' does not exist in the current context [C:\Work\Starcounter\UniformDocs\test\UniformDocs.Tests\UniformDocs.Tests.csproj]
Ui\ButtonPage.cs(19,35): error CS0246: The type or namespace name 'Using' could not be found (are you missing a using directive or an assembly reference?) [C:\Work\Starcounter\UniformDocs\test\UniformDocs.Tests\UniformDocs.Tests.csproj]
Ui\TablePage.cs(17,10): error CS0246: The type or namespace name 'FindsByAttribute' could not be found (are you missing a using directive or an assembly reference?) [C:\Work\Starcounter\UniformDocs\test\UniformDocs.Tests\UniformDocs.Tests.csproj]
Ui\TablePage.cs(17,10): error CS0246: The type or namespace name 'FindsBy' could not be found (are you missing a using directive or an assembly reference?) [C:\Work\Starcounter\UniformDocs\test\UniformDocs.Tests\UniformDocs.Tests.csproj]
Ui\TablePage.cs(17,18): error CS0246: The type or namespace name 'How' could not be found (are you missing a using directive or an assembly reference?) [C:\Work\Starcounter\UniformDocs\test\UniformDocs.Tests\UniformDocs.Tests.csproj]
Ui\TablePage.cs(17,24): error CS0103: The name 'How' does not exist in the current context [C:\Work\Starcounter\UniformDocs\test\UniformDocs.Tests\UniformDocs.Tests.csproj]
Ui\TablePage.cs(17,41): error CS0246: The type or namespace name 'Using' could not be found (are you missing a using directive or an assembly reference?) [C:\Work\Starcounter\UniformDocs\test\UniformDocs.Tests\UniformDocs.Tests.csproj]
Ui\RedirectPage.cs(23,10): error CS0246: The type or namespace name 'FindsByAttribute' could not be found (are you missing a using directive or an assembly reference?) [C:\Work\Starcounter\UniformDocs\test\UniformDocs.Tests\UniformDocs.Tests.csproj]
Ui\RedirectPage.cs(23,10): error CS0246: The type or namespace name 'FindsBy' could not be found (are you missing a using directive or an assembly reference?) [C:\Work\Starcounter\UniformDocs\test\UniformDocs.Tests\UniformDocs.Tests.csproj]
Ui\RedirectPage.cs(23,18): error CS0246: The type or namespace name 'How' could not be found (are you missing a using directive or an assembly reference?) [C:\Work\Starcounter\UniformDocs\test\UniformDocs.Tests\UniformDocs.Tests.csproj]
Ui\RedirectPage.cs(23,24): error CS0103: The name 'How' does not exist in the current context [C:\Work\Starcounter\UniformDocs\test\UniformDocs.Tests\UniformDocs.Tests.csproj]
Ui\RedirectPage.cs(23,41): error CS0246: The type or namespace name 'Using' could not be found (are you missing a using directive or an assembly reference?) [C:\Work\Starcounter\UniformDocs\test\UniformDocs.Tests\UniformDocs.Tests.csproj]
Ui\ButtonPage.cs(22,10): error CS0246: The type or namespace name 'FindsByAttribute' could not be found (are you missing a using directive or an assembly reference?) [C:\Work\Starcounter\UniformDocs\test\UniformDocs.Tests\UniformDocs.Tests.csproj]
Ui\ButtonPage.cs(22,10): error CS0246: The type or namespace name 'FindsBy' could not be found (are you missing a using directive or an assembly reference?) [C:\Work\Starcounter\UniformDocs\test\UniformDocs.Tests\UniformDocs.Tests.csproj]
Ui\ButtonPage.cs(22,18): error CS0246: The type or namespace name 'How' could not be found (are you missing a using directive or an assembly reference?) [C:\Work\Starcounter\UniformDocs\test\UniformDocs.Tests\UniformDocs.Tests.csproj]
Ui\ButtonPage.cs(22,24): error CS0103: The name 'How' does not exist in the current context [C:\Work\Starcounter\UniformDocs\test\UniformDocs.Tests\UniformDocs.Tests.csproj]
Ui\ButtonPage.cs(22,35): error CS0246: The type or namespace name 'Using' could not be found (are you missing a using directive or an assembly reference?) [C:\Work\Starcounter\UniformDocs\test\UniformDocs.Tests\UniformDocs.Tests.csproj]
Ui\RedirectPage.cs(26,10): error CS0246: The type or namespace name 'FindsByAttribute' could not be found (are you missing a using directive or an assembly reference?) [C:\Work\Starcounter\UniformDocs\test\UniformDocs.Tests\UniformDocs.Tests.csproj]
Ui\RedirectPage.cs(26,10): error CS0246: The type or namespace name 'FindsBy' could not be found (are you missing a using directive or an assembly reference?) [C:\Work\Starcounter\UniformDocs\test\UniformDocs.Tests\UniformDocs.Tests.csproj]
Ui\RedirectPage.cs(26,18): error CS0246: The type or namespace name 'How' could not be found (are you missing a using directive or an assembly reference?) [C:\Work\Starcounter\UniformDocs\test\UniformDocs.Tests\UniformDocs.Tests.csproj]
Ui\RedirectPage.cs(26,24): error CS0103: The name 'How' does not exist in the current context [C:\Work\Starcounter\UniformDocs\test\UniformDocs.Tests\UniformDocs.Tests.csproj]
Ui\RedirectPage.cs(26,41): error CS0246: The type or namespace name 'Using' could not be found (are you missing a using directive or an assembly reference?) [C:\Work\Starcounter\UniformDocs\test\UniformDocs.Tests\UniformDocs.Tests.csproj]
Ui\TablePage.cs(20,10): error CS0246: The type or namespace name 'FindsByAttribute' could not be found (are you missing a using directive or an assembly reference?) [C:\Work\Starcounter\UniformDocs\test\UniformDocs.Tests\UniformDocs.Tests.csproj]
Ui\TablePage.cs(20,10): error CS0246: The type or namespace name 'FindsBy' could not be found (are you missing a using directive or an assembly reference?) [C:\Work\Starcounter\UniformDocs\test\UniformDocs.Tests\UniformDocs.Tests.csproj]
Ui\TablePage.cs(20,18): error CS0246: The type or namespace name 'How' could not be found (are you missing a using directive or an assembly reference?) [C:\Work\Starcounter\UniformDocs\test\UniformDocs.Tests\UniformDocs.Tests.csproj]
Ui\TablePage.cs(20,24): error CS0103: The name 'How' does not exist in the current context [C:\Work\Starcounter\UniformDocs\test\UniformDocs.Tests\UniformDocs.Tests.csproj]
Ui\TablePage.cs(20,41): error CS0246: The type or namespace name 'Using' could not be found (are you missing a using directive or an assembly reference?) [C:\Work\Starcounter\UniformDocs\test\UniformDocs.Tests\UniformDocs.Tests.csproj]
Ui\ButtonPage.cs(25,10): error CS0246: The type or namespace name 'FindsByAttribute' could not be found (are you missing a using directive or an assembly reference?) [C:\Work\Starcounter\UniformDocs\test\UniformDocs.Tests\UniformDocs.Tests.csproj]
Ui\ButtonPage.cs(25,10): error CS0246: The type or namespace name 'FindsBy' could not be found (are you missing a using directive or an assembly reference?) [C:\Work\Starcounter\UniformDocs\test\UniformDocs.Tests\UniformDocs.Tests.csproj]
Ui\ButtonPage.cs(25,18): error CS0246: The type or namespace name 'How' could not be found (are you missing a using directive or an assembly reference?) [C:\Work\Starcounter\UniformDocs\test\UniformDocs.Tests\UniformDocs.Tests.csproj]
Ui\ButtonPage.cs(25,24): error CS0103: The name 'How' does not exist in the current context [C:\Work\Starcounter\UniformDocs\test\UniformDocs.Tests\UniformDocs.Tests.csproj]
Ui\ButtonPage.cs(25,35): error CS0246: The type or namespace name 'Using' could not be found (are you missing a using directive or an assembly reference?) [C:\Work\Starcounter\UniformDocs\test\UniformDocs.Tests\UniformDocs.Tests.csproj]
Ui\TextPage.cs(14,16): error CS0246: The type or namespace name 'IWebElement' could not be found (are you missing a using directive or an assembly reference?) [C:\Work\Starcounter\UniformDocs\test\UniformDocs.Tests\UniformDocs.Tests.csproj]
Ui\TextPage.cs(17,16): error CS0246: The type or namespace name 'IWebElement' could not be found (are you missing a using directive or an assembly reference?) [C:\Work\Starcounter\UniformDocs\test\UniformDocs.Tests\UniformDocs.Tests.csproj]
Ui\RedirectPage.cs(29,10): error CS0246: The type or namespace name 'FindsByAttribute' could not be found (are you missing a using directive or an assembly reference?) [C:\Work\Starcounter\UniformDocs\test\UniformDocs.Tests\UniformDocs.Tests.csproj]
Ui\RedirectPage.cs(29,10): error CS0246: The type or namespace name 'FindsBy' could not be found (are you missing a using directive or an assembly reference?) [C:\Work\Starcounter\UniformDocs\test\UniformDocs.Tests\UniformDocs.Tests.csproj]
Ui\RedirectPage.cs(29,18): error CS0246: The type or namespace name 'How' could not be found (are you missing a using directive or an assembly reference?) [C:\Work\Starcounter\UniformDocs\test\UniformDocs.Tests\UniformDocs.Tests.csproj]
Ui\RedirectPage.cs(29,24): error CS0103: The name 'How' does not exist in the current context [C:\Work\Starcounter\UniformDocs\test\UniformDocs.Tests\UniformDocs.Tests.csproj]
Ui\RedirectPage.cs(29,41): error CS0246: The type or namespace name 'Using' could not be found (are you missing a using directive or an assembly reference?) [C:\Work\Starcounter\UniformDocs\test\UniformDocs.Tests\UniformDocs.Tests.csproj]
Ui\TextPage.cs(20,16): error CS0246: The type or namespace name 'IWebElement' could not be found (are you missing a using directive or an assembly reference?) [C:\Work\Starcounter\UniformDocs\test\UniformDocs.Tests\UniformDocs.Tests.csproj]
Ui\TextPage.cs(23,16): error CS0246: The type or namespace name 'IWebElement' could not be found (are you missing a using directive or an assembly reference?) [C:\Work\Starcounter\UniformDocs\test\UniformDocs.Tests\UniformDocs.Tests.csproj]
Ui\TextPage.cs(25,16): error CS0246: The type or namespace name 'IWebElement' could not be found (are you missing a using directive or an assembly reference?) [C:\Work\Starcounter\UniformDocs\test\UniformDocs.Tests\UniformDocs.Tests.csproj]
Ui\ButtonPage.cs(28,10): error CS0246: The type or namespace name 'FindsByAttribute' could not be found (are you missing a using directive or an assembly reference?) [C:\Work\Starcounter\UniformDocs\test\UniformDocs.Tests\UniformDocs.Tests.csproj]
Ui\ButtonPage.cs(28,10): error CS0246: The type or namespace name 'FindsBy' could not be found (are you missing a using directive or an assembly reference?) [C:\Work\Starcounter\UniformDocs\test\UniformDocs.Tests\UniformDocs.Tests.csproj]
Ui\ButtonPage.cs(28,18): error CS0246: The type or namespace name 'How' could not be found (are you missing a using directive or an assembly reference?) [C:\Work\Starcounter\UniformDocs\test\UniformDocs.Tests\UniformDocs.Tests.csproj]
Ui\ButtonPage.cs(28,24): error CS0103: The name 'How' does not exist in the current context [C:\Work\Starcounter\UniformDocs\test\UniformDocs.Tests\UniformDocs.Tests.csproj]
Ui\ButtonPage.cs(28,35): error CS0246: The type or namespace name 'Using' could not be found (are you missing a using directive or an assembly reference?) [C:\Work\Starcounter\UniformDocs\test\UniformDocs.Tests\UniformDocs.Tests.csproj]
Ui\TextPage.cs(27,16): error CS0246: The type or namespace name 'IWebElement' could not be found (are you missing a using directive or an assembly reference?) [C:\Work\Starcounter\UniformDocs\test\UniformDocs.Tests\UniformDocs.Tests.csproj]
Ui\MarkdownPage.cs(19,16): error CS0246: The type or namespace name 'IWebElement' could not be found (are you missing a using directive or an assembly reference?) [C:\Work\Starcounter\UniformDocs\test\UniformDocs.Tests\UniformDocs.Tests.csproj]
Ui\TextPage.cs(29,16): error CS0246: The type or namespace name 'IWebElement' could not be found (are you missing a using directive or an assembly reference?) [C:\Work\Starcounter\UniformDocs\test\UniformDocs.Tests\UniformDocs.Tests.csproj]
Ui\TextPage.cs(31,16): error CS0246: The type or namespace name 'IWebElement' could not be found (are you missing a using directive or an assembly reference?) [C:\Work\Starcounter\UniformDocs\test\UniformDocs.Tests\UniformDocs.Tests.csproj]
Ui\MarkdownPage.cs(26,17): error CS0246: The type or namespace name 'IWebElement' could not be found (are you missing a using directive or an assembly reference?) [C:\Work\Starcounter\UniformDocs\test\UniformDocs.Tests\UniformDocs.Tests.csproj]
Ui\TextPage.cs(34,31): error CS0246: The type or namespace name 'IWebElement' could not be found (are you missing a using directive or an assembly reference?) [C:\Work\Starcounter\UniformDocs\test\UniformDocs.Tests\UniformDocs.Tests.csproj]
Ui\TextPage.cs(41,32): error CS0246: The type or namespace name 'IWebElement' could not be found (are you missing a using directive or an assembly reference?) [C:\Work\Starcounter\UniformDocs\test\UniformDocs.Tests\UniformDocs.Tests.csproj]
Ui\MarkdownPage.cs(13,29): error CS0246: The type or namespace name 'IWebDriver' could not be found (are you missing a using directive or an assembly reference?) [C:\Work\Starcounter\UniformDocs\test\UniformDocs.Tests\UniformDocs.Tests.csproj]
Ui\ButtonPage.cs(31,10): error CS0246: The type or namespace name 'FindsByAttribute' could not be found (are you missing a using directive or an assembly reference?) [C:\Work\Starcounter\UniformDocs\test\UniformDocs.Tests\UniformDocs.Tests.csproj]
Ui\ButtonPage.cs(31,10): error CS0246: The type or namespace name 'FindsBy' could not be found (are you missing a using directive or an assembly reference?) [C:\Work\Starcounter\UniformDocs\test\UniformDocs.Tests\UniformDocs.Tests.csproj]
Ui\ButtonPage.cs(31,18): error CS0246: The type or namespace name 'How' could not be found (are you missing a using directive or an assembly reference?) [C:\Work\Starcounter\UniformDocs\test\UniformDocs.Tests\UniformDocs.Tests.csproj]
Ui\ButtonPage.cs(31,24): error CS0103: The name 'How' does not exist in the current context [C:\Work\Starcounter\UniformDocs\test\UniformDocs.Tests\UniformDocs.Tests.csproj]
Ui\ButtonPage.cs(31,41): error CS0246: The type or namespace name 'Using' could not be found (are you missing a using directive or an assembly reference?) [C:\Work\Starcounter\UniformDocs\test\UniformDocs.Tests\UniformDocs.Tests.csproj]
Ui\TextPage.cs(53,37): error CS0246: The type or namespace name 'IWebElement' could not be found (are you missing a using directive or an assembly reference?) [C:\Work\Starcounter\UniformDocs\test\UniformDocs.Tests\UniformDocs.Tests.csproj]
Ui\TextareaPage.cs(14,16): error CS0246: The type or namespace name 'IWebElement' could not be found (are you missing a using directive or an assembly reference?) [C:\Work\Starcounter\UniformDocs\test\UniformDocs.Tests\UniformDocs.Tests.csproj]
Ui\TextPage.cs(60,52): error CS0246: The type or namespace name 'IWebElement' could not be found (are you missing a using directive or an assembly reference?) [C:\Work\Starcounter\UniformDocs\test\UniformDocs.Tests\UniformDocs.Tests.csproj]
Ui\TextPage.cs(60,16): error CS0246: The type or namespace name 'IWebElement' could not be found (are you missing a using directive or an assembly reference?) [C:\Work\Starcounter\UniformDocs\test\UniformDocs.Tests\UniformDocs.Tests.csproj]
Ui\TextareaPage.cs(17,16): error CS0246: The type or namespace name 'IWebElement' could not be found (are you missing a using directive or an assembly reference?) [C:\Work\Starcounter\UniformDocs\test\UniformDocs.Tests\UniformDocs.Tests.csproj]
Ui\TextPage.cs(65,42): error CS0246: The type or namespace name 'IWebElement' could not be found (are you missing a using directive or an assembly reference?) [C:\Work\Starcounter\UniformDocs\test\UniformDocs.Tests\UniformDocs.Tests.csproj]
Ui\TextPage.cs(65,16): error CS0246: The type or namespace name 'IWebElement' could not be found (are you missing a using directive or an assembly reference?) [C:\Work\Starcounter\UniformDocs\test\UniformDocs.Tests\UniformDocs.Tests.csproj]
Ui\ButtonPage.cs(34,10): error CS0246: The type or namespace name 'FindsByAttribute' could not be found (are you missing a using directive or an assembly reference?) [C:\Work\Starcounter\UniformDocs\test\UniformDocs.Tests\UniformDocs.Tests.csproj]
Ui\ButtonPage.cs(34,10): error CS0246: The type or namespace name 'FindsBy' could not be found (are you missing a using directive or an assembly reference?) [C:\Work\Starcounter\UniformDocs\test\UniformDocs.Tests\UniformDocs.Tests.csproj]
Ui\ButtonPage.cs(34,18): error CS0246: The type or namespace name 'How' could not be found (are you missing a using directive or an assembly reference?) [C:\Work\Starcounter\UniformDocs\test\UniformDocs.Tests\UniformDocs.Tests.csproj]
Ui\ButtonPage.cs(34,24): error CS0103: The name 'How' does not exist in the current context [C:\Work\Starcounter\UniformDocs\test\UniformDocs.Tests\UniformDocs.Tests.csproj]
Ui\ButtonPage.cs(34,41): error CS0246: The type or namespace name 'Using' could not be found (are you missing a using directive or an assembly reference?) [C:\Work\Starcounter\UniformDocs\test\UniformDocs.Tests\UniformDocs.Tests.csproj]
Ui\TextPage.cs(8,25): error CS0246: The type or namespace name 'IWebDriver' could not be found (are you missing a using directive or an assembly reference?) [C:\Work\Starcounter\UniformDocs\test\UniformDocs.Tests\UniformDocs.Tests.csproj]
Ui\MarkdownPage.cs(18,10): error CS0246: The type or namespace name 'FindsByAttribute' could not be found (are you missing a using directive or an assembly reference?) [C:\Work\Starcounter\UniformDocs\test\UniformDocs.Tests\UniformDocs.Tests.csproj]
Ui\MarkdownPage.cs(18,10): error CS0246: The type or namespace name 'FindsBy' could not be found (are you missing a using directive or an assembly reference?) [C:\Work\Starcounter\UniformDocs\test\UniformDocs.Tests\UniformDocs.Tests.csproj]
Ui\MarkdownPage.cs(18,18): error CS0246: The type or namespace name 'How' could not be found (are you missing a using directive or an assembly reference?) [C:\Work\Starcounter\UniformDocs\test\UniformDocs.Tests\UniformDocs.Tests.csproj]
Ui\MarkdownPage.cs(18,24): error CS0103: The name 'How' does not exist in the current context [C:\Work\Starcounter\UniformDocs\test\UniformDocs.Tests\UniformDocs.Tests.csproj]
Ui\MarkdownPage.cs(18,37): error CS0246: The type or namespace name 'Using' could not be found (are you missing a using directive or an assembly reference?) [C:\Work\Starcounter\UniformDocs\test\UniformDocs.Tests\UniformDocs.Tests.csproj]
Ui\TextareaPage.cs(8,29): error CS0246: The type or namespace name 'IWebDriver' could not be found (are you missing a using directive or an assembly reference?) [C:\Work\Starcounter\UniformDocs\test\UniformDocs.Tests\UniformDocs.Tests.csproj]
Ui\ButtonPage.cs(37,10): error CS0246: The type or namespace name 'FindsByAttribute' could not be found (are you missing a using directive or an assembly reference?) [C:\Work\Starcounter\UniformDocs\test\UniformDocs.Tests\UniformDocs.Tests.csproj]
Ui\ButtonPage.cs(37,10): error CS0246: The type or namespace name 'FindsBy' could not be found (are you missing a using directive or an assembly reference?) [C:\Work\Starcounter\UniformDocs\test\UniformDocs.Tests\UniformDocs.Tests.csproj]
Ui\ButtonPage.cs(37,18): error CS0246: The type or namespace name 'How' could not be found (are you missing a using directive or an assembly reference?) [C:\Work\Starcounter\UniformDocs\test\UniformDocs.Tests\UniformDocs.Tests.csproj]
Ui\ButtonPage.cs(37,24): error CS0103: The name 'How' does not exist in the current context [C:\Work\Starcounter\UniformDocs\test\UniformDocs.Tests\UniformDocs.Tests.csproj]
Ui\ButtonPage.cs(37,35): error CS0246: The type or namespace name 'Using' could not be found (are you missing a using directive or an assembly reference?) [C:\Work\Starcounter\UniformDocs\test\UniformDocs.Tests\UniformDocs.Tests.csproj]
Ui\TextareaPage.cs(13,10): error CS0246: The type or namespace name 'FindsByAttribute' could not be found (are you missing a using directive or an assembly reference?) [C:\Work\Starcounter\UniformDocs\test\UniformDocs.Tests\UniformDocs.Tests.csproj]
Ui\TextareaPage.cs(13,10): error CS0246: The type or namespace name 'FindsBy' could not be found (are you missing a using directive or an assembly reference?) [C:\Work\Starcounter\UniformDocs\test\UniformDocs.Tests\UniformDocs.Tests.csproj]
Ui\TextareaPage.cs(13,18): error CS0246: The type or namespace name 'How' could not be found (are you missing a using directive or an assembly reference?) [C:\Work\Starcounter\UniformDocs\test\UniformDocs.Tests\UniformDocs.Tests.csproj]
Ui\TextareaPage.cs(13,24): error CS0103: The name 'How' does not exist in the current context [C:\Work\Starcounter\UniformDocs\test\UniformDocs.Tests\UniformDocs.Tests.csproj]
Ui\TextareaPage.cs(13,41): error CS0246: The type or namespace name 'Using' could not be found (are you missing a using directive or an assembly reference?) [C:\Work\Starcounter\UniformDocs\test\UniformDocs.Tests\UniformDocs.Tests.csproj]
Ui\TextPage.cs(13,10): error CS0246: The type or namespace name 'FindsByAttribute' could not be found (are you missing a using directive or an assembly reference?) [C:\Work\Starcounter\UniformDocs\test\UniformDocs.Tests\UniformDocs.Tests.csproj]
Ui\TextPage.cs(13,10): error CS0246: The type or namespace name 'FindsBy' could not be found (are you missing a using directive or an assembly reference?) [C:\Work\Starcounter\UniformDocs\test\UniformDocs.Tests\UniformDocs.Tests.csproj]
Ui\TextPage.cs(13,18): error CS0246: The type or namespace name 'How' could not be found (are you missing a using directive or an assembly reference?) [C:\Work\Starcounter\UniformDocs\test\UniformDocs.Tests\UniformDocs.Tests.csproj]
Ui\TextPage.cs(13,24): error CS0103: The name 'How' does not exist in the current context [C:\Work\Starcounter\UniformDocs\test\UniformDocs.Tests\UniformDocs.Tests.csproj]
Ui\TextPage.cs(13,41): error CS0246: The type or namespace name 'Using' could not be found (are you missing a using directive or an assembly reference?) [C:\Work\Starcounter\UniformDocs\test\UniformDocs.Tests\UniformDocs.Tests.csproj]
Ui\ButtonPage.cs(40,10): error CS0246: The type or namespace name 'FindsByAttribute' could not be found (are you missing a using directive or an assembly reference?) [C:\Work\Starcounter\UniformDocs\test\UniformDocs.Tests\UniformDocs.Tests.csproj]
Ui\ButtonPage.cs(40,10): error CS0246: The type or namespace name 'FindsBy' could not be found (are you missing a using directive or an assembly reference?) [C:\Work\Starcounter\UniformDocs\test\UniformDocs.Tests\UniformDocs.Tests.csproj]
Ui\ButtonPage.cs(40,18): error CS0246: The type or namespace name 'How' could not be found (are you missing a using directive or an assembly reference?) [C:\Work\Starcounter\UniformDocs\test\UniformDocs.Tests\UniformDocs.Tests.csproj]
Ui\ButtonPage.cs(40,24): error CS0103: The name 'How' does not exist in the current context [C:\Work\Starcounter\UniformDocs\test\UniformDocs.Tests\UniformDocs.Tests.csproj]
Ui\ButtonPage.cs(40,41): error CS0246: The type or namespace name 'Using' could not be found (are you missing a using directive or an assembly reference?) [C:\Work\Starcounter\UniformDocs\test\UniformDocs.Tests\UniformDocs.Tests.csproj]
Ui\PasswordPage.cs(14,16): error CS0246: The type or namespace name 'IWebElement' could not be found (are you missing a using directive or an assembly reference?) [C:\Work\Starcounter\UniformDocs\test\UniformDocs.Tests\UniformDocs.Tests.csproj]
Ui\PasswordPage.cs(17,16): error CS0246: The type or namespace name 'IWebElement' could not be found (are you missing a using directive or an assembly reference?) [C:\Work\Starcounter\UniformDocs\test\UniformDocs.Tests\UniformDocs.Tests.csproj]
Ui\TextareaPage.cs(16,10): error CS0246: The type or namespace name 'FindsByAttribute' could not be found (are you missing a using directive or an assembly reference?) [C:\Work\Starcounter\UniformDocs\test\UniformDocs.Tests\UniformDocs.Tests.csproj]
Ui\TextareaPage.cs(16,10): error CS0246: The type or namespace name 'FindsBy' could not be found (are you missing a using directive or an assembly reference?) [C:\Work\Starcounter\UniformDocs\test\UniformDocs.Tests\UniformDocs.Tests.csproj]
Ui\TextareaPage.cs(16,18): error CS0246: The type or namespace name 'How' could not be found (are you missing a using directive or an assembly reference?) [C:\Work\Starcounter\UniformDocs\test\UniformDocs.Tests\UniformDocs.Tests.csproj]
Ui\TextareaPage.cs(16,24): error CS0103: The name 'How' does not exist in the current context [C:\Work\Starcounter\UniformDocs\test\UniformDocs.Tests\UniformDocs.Tests.csproj]
Ui\TextareaPage.cs(16,41): error CS0246: The type or namespace name 'Using' could not be found (are you missing a using directive or an assembly reference?) [C:\Work\Starcounter\UniformDocs\test\UniformDocs.Tests\UniformDocs.Tests.csproj]
Ui\TextPage.cs(16,10): error CS0246: The type or namespace name 'FindsByAttribute' could not be found (are you missing a using directive or an assembly reference?) [C:\Work\Starcounter\UniformDocs\test\UniformDocs.Tests\UniformDocs.Tests.csproj]
Ui\TextPage.cs(16,10): error CS0246: The type or namespace name 'FindsBy' could not be found (are you missing a using directive or an assembly reference?) [C:\Work\Starcounter\UniformDocs\test\UniformDocs.Tests\UniformDocs.Tests.csproj]
Ui\TextPage.cs(16,18): error CS0246: The type or namespace name 'How' could not be found (are you missing a using directive or an assembly reference?) [C:\Work\Starcounter\UniformDocs\test\UniformDocs.Tests\UniformDocs.Tests.csproj]
Ui\TextPage.cs(16,24): error CS0103: The name 'How' does not exist in the current context [C:\Work\Starcounter\UniformDocs\test\UniformDocs.Tests\UniformDocs.Tests.csproj]
Ui\TextPage.cs(16,41): error CS0246: The type or namespace name 'Using' could not be found (are you missing a using directive or an assembly reference?) [C:\Work\Starcounter\UniformDocs\test\UniformDocs.Tests\UniformDocs.Tests.csproj]
Ui\ButtonPage.cs(43,10): error CS0246: The type or namespace name 'FindsByAttribute' could not be found (are you missing a using directive or an assembly reference?) [C:\Work\Starcounter\UniformDocs\test\UniformDocs.Tests\UniformDocs.Tests.csproj]
Ui\ButtonPage.cs(43,10): error CS0246: The type or namespace name 'FindsBy' could not be found (are you missing a using directive or an assembly reference?) [C:\Work\Starcounter\UniformDocs\test\UniformDocs.Tests\UniformDocs.Tests.csproj]
Ui\ButtonPage.cs(43,18): error CS0246: The type or namespace name 'How' could not be found (are you missing a using directive or an assembly reference?) [C:\Work\Starcounter\UniformDocs\test\UniformDocs.Tests\UniformDocs.Tests.csproj]
Ui\ButtonPage.cs(43,24): error CS0103: The name 'How' does not exist in the current context [C:\Work\Starcounter\UniformDocs\test\UniformDocs.Tests\UniformDocs.Tests.csproj]
Ui\ButtonPage.cs(43,41): error CS0246: The type or namespace name 'Using' could not be found (are you missing a using directive or an assembly reference?) [C:\Work\Starcounter\UniformDocs\test\UniformDocs.Tests\UniformDocs.Tests.csproj]
Ui\PasswordPage.cs(8,29): error CS0246: The type or namespace name 'IWebDriver' could not be found (are you missing a using directive or an assembly reference?) [C:\Work\Starcounter\UniformDocs\test\UniformDocs.Tests\UniformDocs.Tests.csproj]
Ui\TextPage.cs(19,10): error CS0246: The type or namespace name 'FindsByAttribute' could not be found (are you missing a using directive or an assembly reference?) [C:\Work\Starcounter\UniformDocs\test\UniformDocs.Tests\UniformDocs.Tests.csproj]
Ui\TextPage.cs(19,10): error CS0246: The type or namespace name 'FindsBy' could not be found (are you missing a using directive or an assembly reference?) [C:\Work\Starcounter\UniformDocs\test\UniformDocs.Tests\UniformDocs.Tests.csproj]
Ui\TextPage.cs(19,18): error CS0246: The type or namespace name 'How' could not be found (are you missing a using directive or an assembly reference?) [C:\Work\Starcounter\UniformDocs\test\UniformDocs.Tests\UniformDocs.Tests.csproj]
Ui\TextPage.cs(19,24): error CS0103: The name 'How' does not exist in the current context [C:\Work\Starcounter\UniformDocs\test\UniformDocs.Tests\UniformDocs.Tests.csproj]
Ui\TextPage.cs(19,41): error CS0246: The type or namespace name 'Using' could not be found (are you missing a using directive or an assembly reference?) [C:\Work\Starcounter\UniformDocs\test\UniformDocs.Tests\UniformDocs.Tests.csproj]
Ui\PasswordPage.cs(13,10): error CS0246: The type or namespace name 'FindsByAttribute' could not be found (are you missing a using directive or an assembly reference?) [C:\Work\Starcounter\UniformDocs\test\UniformDocs.Tests\UniformDocs.Tests.csproj]
Ui\PasswordPage.cs(13,10): error CS0246: The type or namespace name 'FindsBy' could not be found (are you missing a using directive or an assembly reference?) [C:\Work\Starcounter\UniformDocs\test\UniformDocs.Tests\UniformDocs.Tests.csproj]
Ui\PasswordPage.cs(13,18): error CS0246: The type or namespace name 'How' could not be found (are you missing a using directive or an assembly reference?) [C:\Work\Starcounter\UniformDocs\test\UniformDocs.Tests\UniformDocs.Tests.csproj]
Ui\PasswordPage.cs(13,24): error CS0103: The name 'How' does not exist in the current context [C:\Work\Starcounter\UniformDocs\test\UniformDocs.Tests\UniformDocs.Tests.csproj]
Ui\PasswordPage.cs(13,41): error CS0246: The type or namespace name 'Using' could not be found (are you missing a using directive or an assembly reference?) [C:\Work\Starcounter\UniformDocs\test\UniformDocs.Tests\UniformDocs.Tests.csproj]
Ui\ButtonPage.cs(46,10): error CS0246: The type or namespace name 'FindsByAttribute' could not be found (are you missing a using directive or an assembly reference?) [C:\Work\Starcounter\UniformDocs\test\UniformDocs.Tests\UniformDocs.Tests.csproj]
Ui\ButtonPage.cs(46,10): error CS0246: The type or namespace name 'FindsBy' could not be found (are you missing a using directive or an assembly reference?) [C:\Work\Starcounter\UniformDocs\test\UniformDocs.Tests\UniformDocs.Tests.csproj]
Ui\ButtonPage.cs(46,18): error CS0246: The type or namespace name 'How' could not be found (are you missing a using directive or an assembly reference?) [C:\Work\Starcounter\UniformDocs\test\UniformDocs.Tests\UniformDocs.Tests.csproj]
Ui\ButtonPage.cs(46,24): error CS0103: The name 'How' does not exist in the current context [C:\Work\Starcounter\UniformDocs\test\UniformDocs.Tests\UniformDocs.Tests.csproj]
Ui\ButtonPage.cs(46,41): error CS0246: The type or namespace name 'Using' could not be found (are you missing a using directive or an assembly reference?) [C:\Work\Starcounter\UniformDocs\test\UniformDocs.Tests\UniformDocs.Tests.csproj]
Ui\TextPage.cs(22,10): error CS0246: The type or namespace name 'FindsByAttribute' could not be found (are you missing a using directive or an assembly reference?) [C:\Work\Starcounter\UniformDocs\test\UniformDocs.Tests\UniformDocs.Tests.csproj]
Ui\TextPage.cs(22,10): error CS0246: The type or namespace name 'FindsBy' could not be found (are you missing a using directive or an assembly reference?) [C:\Work\Starcounter\UniformDocs\test\UniformDocs.Tests\UniformDocs.Tests.csproj]
Ui\TextPage.cs(22,18): error CS0246: The type or namespace name 'How' could not be found (are you missing a using directive or an assembly reference?) [C:\Work\Starcounter\UniformDocs\test\UniformDocs.Tests\UniformDocs.Tests.csproj]
Ui\TextPage.cs(22,24): error CS0103: The name 'How' does not exist in the current context [C:\Work\Starcounter\UniformDocs\test\UniformDocs.Tests\UniformDocs.Tests.csproj]
Ui\TextPage.cs(22,41): error CS0246: The type or namespace name 'Using' could not be found (are you missing a using directive or an assembly reference?) [C:\Work\Starcounter\UniformDocs\test\UniformDocs.Tests\UniformDocs.Tests.csproj]
Ui\PasswordPage.cs(16,10): error CS0246: The type or namespace name 'FindsByAttribute' could not be found (are you missing a using directive or an assembly reference?) [C:\Work\Starcounter\UniformDocs\test\UniformDocs.Tests\UniformDocs.Tests.csproj]
Ui\PasswordPage.cs(16,10): error CS0246: The type or namespace name 'FindsBy' could not be found (are you missing a using directive or an assembly reference?) [C:\Work\Starcounter\UniformDocs\test\UniformDocs.Tests\UniformDocs.Tests.csproj]
Ui\PasswordPage.cs(16,18): error CS0246: The type or namespace name 'How' could not be found (are you missing a using directive or an assembly reference?) [C:\Work\Starcounter\UniformDocs\test\UniformDocs.Tests\UniformDocs.Tests.csproj]
Ui\PasswordPage.cs(16,24): error CS0103: The name 'How' does not exist in the current context [C:\Work\Starcounter\UniformDocs\test\UniformDocs.Tests\UniformDocs.Tests.csproj]
Ui\PasswordPage.cs(16,41): error CS0246: The type or namespace name 'Using' could not be found (are you missing a using directive or an assembly reference?) [C:\Work\Starcounter\UniformDocs\test\UniformDocs.Tests\UniformDocs.Tests.csproj]
Ui\ButtonPage.cs(49,10): error CS0246: The type or namespace name 'FindsByAttribute' could not be found (are you missing a using directive or an assembly reference?) [C:\Work\Starcounter\UniformDocs\test\UniformDocs.Tests\UniformDocs.Tests.csproj]
Ui\ButtonPage.cs(49,10): error CS0246: The type or namespace name 'FindsBy' could not be found (are you missing a using directive or an assembly reference?) [C:\Work\Starcounter\UniformDocs\test\UniformDocs.Tests\UniformDocs.Tests.csproj]
Ui\ButtonPage.cs(49,18): error CS0246: The type or namespace name 'How' could not be found (are you missing a using directive or an assembly reference?) [C:\Work\Starcounter\UniformDocs\test\UniformDocs.Tests\UniformDocs.Tests.csproj]
Ui\ButtonPage.cs(49,24): error CS0103: The name 'How' does not exist in the current context [C:\Work\Starcounter\UniformDocs\test\UniformDocs.Tests\UniformDocs.Tests.csproj]
Ui\ButtonPage.cs(49,41): error CS0246: The type or namespace name 'Using' could not be found (are you missing a using directive or an assembly reference?) [C:\Work\Starcounter\UniformDocs\test\UniformDocs.Tests\UniformDocs.Tests.csproj]
Ui\CheckboxPage.cs(14,16): error CS0246: The type or namespace name 'IWebElement' could not be found (are you missing a using directive or an assembly reference?) [C:\Work\Starcounter\UniformDocs\test\UniformDocs.Tests\UniformDocs.Tests.csproj]
Ui\CheckboxPage.cs(17,16): error CS0246: The type or namespace name 'IWebElement' could not be found (are you missing a using directive or an assembly reference?) [C:\Work\Starcounter\UniformDocs\test\UniformDocs.Tests\UniformDocs.Tests.csproj]
Ui\CheckboxPage.cs(8,29): error CS0246: The type or namespace name 'IWebDriver' could not be found (are you missing a using directive or an assembly reference?) [C:\Work\Starcounter\UniformDocs\test\UniformDocs.Tests\UniformDocs.Tests.csproj]
Ui\CheckboxPage.cs(13,10): error CS0246: The type or namespace name 'FindsByAttribute' could not be found (are you missing a using directive or an assembly reference?) [C:\Work\Starcounter\UniformDocs\test\UniformDocs.Tests\UniformDocs.Tests.csproj]
Ui\CheckboxPage.cs(13,10): error CS0246: The type or namespace name 'FindsBy' could not be found (are you missing a using directive or an assembly reference?) [C:\Work\Starcounter\UniformDocs\test\UniformDocs.Tests\UniformDocs.Tests.csproj]
Ui\CheckboxPage.cs(13,18): error CS0246: The type or namespace name 'How' could not be found (are you missing a using directive or an assembly reference?) [C:\Work\Starcounter\UniformDocs\test\UniformDocs.Tests\UniformDocs.Tests.csproj]
Ui\CheckboxPage.cs(13,24): error CS0103: The name 'How' does not exist in the current context [C:\Work\Starcounter\UniformDocs\test\UniformDocs.Tests\UniformDocs.Tests.csproj]
Ui\CheckboxPage.cs(13,41): error CS0246: The type or namespace name 'Using' could not be found (are you missing a using directive or an assembly reference?) [C:\Work\Starcounter\UniformDocs\test\UniformDocs.Tests\UniformDocs.Tests.csproj]
Ui\CheckboxPage.cs(16,10): error CS0246: The type or namespace name 'FindsByAttribute' could not be found (are you missing a using directive or an assembly reference?) [C:\Work\Starcounter\UniformDocs\test\UniformDocs.Tests\UniformDocs.Tests.csproj]
Ui\CheckboxPage.cs(16,10): error CS0246: The type or namespace name 'FindsBy' could not be found (are you missing a using directive or an assembly reference?) [C:\Work\Starcounter\UniformDocs\test\UniformDocs.Tests\UniformDocs.Tests.csproj]
Ui\CheckboxPage.cs(16,18): error CS0246: The type or namespace name 'How' could not be found (are you missing a using directive or an assembly reference?) [C:\Work\Starcounter\UniformDocs\test\UniformDocs.Tests\UniformDocs.Tests.csproj]
Ui\CheckboxPage.cs(16,24): error CS0103: The name 'How' does not exist in the current context [C:\Work\Starcounter\UniformDocs\test\UniformDocs.Tests\UniformDocs.Tests.csproj]
Ui\CheckboxPage.cs(16,41): error CS0246: The type or namespace name 'Using' could not be found (are you missing a using directive or an assembly reference?) [C:\Work\Starcounter\UniformDocs\test\UniformDocs.Tests\UniformDocs.Tests.csproj]
Ui\UrlPage.cs(15,16): error CS0246: The type or namespace name 'IWebElement' could not be found (are you missing a using directive or an assembly reference?) [C:\Work\Starcounter\UniformDocs\test\UniformDocs.Tests\UniformDocs.Tests.csproj]
Ui\UrlPage.cs(18,16): error CS0246: The type or namespace name 'IWebElement' could not be found (are you missing a using directive or an assembly reference?) [C:\Work\Starcounter\UniformDocs\test\UniformDocs.Tests\UniformDocs.Tests.csproj]
Ui\UrlPage.cs(21,16): error CS0246: The type or namespace name 'IWebElement' could not be found (are you missing a using directive or an assembly reference?) [C:\Work\Starcounter\UniformDocs\test\UniformDocs.Tests\UniformDocs.Tests.csproj]
Ui\UrlPage.cs(24,16): error CS0246: The type or namespace name 'IWebElement' could not be found (are you missing a using directive or an assembly reference?) [C:\Work\Starcounter\UniformDocs\test\UniformDocs.Tests\UniformDocs.Tests.csproj]
Ui\UrlPage.cs(27,16): error CS0246: The type or namespace name 'IWebElement' could not be found (are you missing a using directive or an assembly reference?) [C:\Work\Starcounter\UniformDocs\test\UniformDocs.Tests\UniformDocs.Tests.csproj]
Ui\UrlPage.cs(9,24): error CS0246: The type or namespace name 'IWebDriver' could not be found (are you missing a using directive or an assembly reference?) [C:\Work\Starcounter\UniformDocs\test\UniformDocs.Tests\UniformDocs.Tests.csproj]
Ui\UrlPage.cs(14,10): error CS0246: The type or namespace name 'FindsByAttribute' could not be found (are you missing a using directive or an assembly reference?) [C:\Work\Starcounter\UniformDocs\test\UniformDocs.Tests\UniformDocs.Tests.csproj]
Ui\UrlPage.cs(14,10): error CS0246: The type or namespace name 'FindsBy' could not be found (are you missing a using directive or an assembly reference?) [C:\Work\Starcounter\UniformDocs\test\UniformDocs.Tests\UniformDocs.Tests.csproj]
Ui\UrlPage.cs(14,18): error CS0246: The type or namespace name 'How' could not be found (are you missing a using directive or an assembly reference?) [C:\Work\Starcounter\UniformDocs\test\UniformDocs.Tests\UniformDocs.Tests.csproj]
Ui\UrlPage.cs(14,24): error CS0103: The name 'How' does not exist in the current context [C:\Work\Starcounter\UniformDocs\test\UniformDocs.Tests\UniformDocs.Tests.csproj]
Ui\UrlPage.cs(14,35): error CS0246: The type or namespace name 'Using' could not be found (are you missing a using directive or an assembly reference?) [C:\Work\Starcounter\UniformDocs\test\UniformDocs.Tests\UniformDocs.Tests.csproj]
Ui\UrlPage.cs(17,10): error CS0246: The type or namespace name 'FindsByAttribute' could not be found (are you missing a using directive or an assembly reference?) [C:\Work\Starcounter\UniformDocs\test\UniformDocs.Tests\UniformDocs.Tests.csproj]
Ui\UrlPage.cs(17,10): error CS0246: The type or namespace name 'FindsBy' could not be found (are you missing a using directive or an assembly reference?) [C:\Work\Starcounter\UniformDocs\test\UniformDocs.Tests\UniformDocs.Tests.csproj]
Ui\UrlPage.cs(17,18): error CS0246: The type or namespace name 'How' could not be found (are you missing a using directive or an assembly reference?) [C:\Work\Starcounter\UniformDocs\test\UniformDocs.Tests\UniformDocs.Tests.csproj]
Ui\UrlPage.cs(17,24): error CS0103: The name 'How' does not exist in the current context [C:\Work\Starcounter\UniformDocs\test\UniformDocs.Tests\UniformDocs.Tests.csproj]
Ui\UrlPage.cs(17,35): error CS0246: The type or namespace name 'Using' could not be found (are you missing a using directive or an assembly reference?) [C:\Work\Starcounter\UniformDocs\test\UniformDocs.Tests\UniformDocs.Tests.csproj]
Ui\UrlPage.cs(20,10): error CS0246: The type or namespace name 'FindsByAttribute' could not be found (are you missing a using directive or an assembly reference?) [C:\Work\Starcounter\UniformDocs\test\UniformDocs.Tests\UniformDocs.Tests.csproj]
Ui\UrlPage.cs(20,10): error CS0246: The type or namespace name 'FindsBy' could not be found (are you missing a using directive or an assembly reference?) [C:\Work\Starcounter\UniformDocs\test\UniformDocs.Tests\UniformDocs.Tests.csproj]
Ui\UrlPage.cs(20,18): error CS0246: The type or namespace name 'How' could not be found (are you missing a using directive or an assembly reference?) [C:\Work\Starcounter\UniformDocs\test\UniformDocs.Tests\UniformDocs.Tests.csproj]
Ui\UrlPage.cs(20,24): error CS0103: The name 'How' does not exist in the current context [C:\Work\Starcounter\UniformDocs\test\UniformDocs.Tests\UniformDocs.Tests.csproj]
Ui\UrlPage.cs(20,35): error CS0246: The type or namespace name 'Using' could not be found (are you missing a using directive or an assembly reference?) [C:\Work\Starcounter\UniformDocs\test\UniformDocs.Tests\UniformDocs.Tests.csproj]
Ui\UrlPage.cs(23,10): error CS0246: The type or namespace name 'FindsByAttribute' could not be found (are you missing a using directive or an assembly reference?) [C:\Work\Starcounter\UniformDocs\test\UniformDocs.Tests\UniformDocs.Tests.csproj]
Ui\UrlPage.cs(23,10): error CS0246: The type or namespace name 'FindsBy' could not be found (are you missing a using directive or an assembly reference?) [C:\Work\Starcounter\UniformDocs\test\UniformDocs.Tests\UniformDocs.Tests.csproj]
Ui\UrlPage.cs(23,18): error CS0246: The type or namespace name 'How' could not be found (are you missing a using directive or an assembly reference?) [C:\Work\Starcounter\UniformDocs\test\UniformDocs.Tests\UniformDocs.Tests.csproj]
Ui\UrlPage.cs(23,24): error CS0103: The name 'How' does not exist in the current context [C:\Work\Starcounter\UniformDocs\test\UniformDocs.Tests\UniformDocs.Tests.csproj]
Ui\UrlPage.cs(23,41): error CS0246: The type or namespace name 'Using' could not be found (are you missing a using directive or an assembly reference?) [C:\Work\Starcounter\UniformDocs\test\UniformDocs.Tests\UniformDocs.Tests.csproj]
Ui\UrlPage.cs(26,10): error CS0246: The type or namespace name 'FindsByAttribute' could not be found (are you missing a using directive or an assembly reference?) [C:\Work\Starcounter\UniformDocs\test\UniformDocs.Tests\UniformDocs.Tests.csproj]
Ui\UrlPage.cs(26,10): error CS0246: The type or namespace name 'FindsBy' could not be found (are you missing a using directive or an assembly reference?) [C:\Work\Starcounter\UniformDocs\test\UniformDocs.Tests\UniformDocs.Tests.csproj]
Ui\UrlPage.cs(26,18): error CS0246: The type or namespace name 'How' could not be found (are you missing a using directive or an assembly reference?) [C:\Work\Starcounter\UniformDocs\test\UniformDocs.Tests\UniformDocs.Tests.csproj]
Ui\UrlPage.cs(26,24): error CS0103: The name 'How' does not exist in the current context [C:\Work\Starcounter\UniformDocs\test\UniformDocs.Tests\UniformDocs.Tests.csproj]
Ui\UrlPage.cs(26,35): error CS0246: The type or namespace name 'Using' could not be found (are you missing a using directive or an assembly reference?) [C:\Work\Starcounter\UniformDocs\test\UniformDocs.Tests\UniformDocs.Tests.csproj]
Ui\ToggleButtonPage.cs(14,16): error CS0246: The type or namespace name 'IWebElement' could not be found (are you missing a using directive or an assembly reference?) [C:\Work\Starcounter\UniformDocs\test\UniformDocs.Tests\UniformDocs.Tests.csproj]
Ui\ToggleButtonPage.cs(17,16): error CS0246: The type or namespace name 'IWebElement' could not be found (are you missing a using directive or an assembly reference?) [C:\Work\Starcounter\UniformDocs\test\UniformDocs.Tests\UniformDocs.Tests.csproj]
Ui\ToggleButtonPage.cs(8,33): error CS0246: The type or namespace name 'IWebDriver' could not be found (are you missing a using directive or an assembly reference?) [C:\Work\Starcounter\UniformDocs\test\UniformDocs.Tests\UniformDocs.Tests.csproj]
Ui\ToggleButtonPage.cs(13,10): error CS0246: The type or namespace name 'FindsByAttribute' could not be found (are you missing a using directive or an assembly reference?) [C:\Work\Starcounter\UniformDocs\test\UniformDocs.Tests\UniformDocs.Tests.csproj]
Ui\ToggleButtonPage.cs(13,10): error CS0246: The type or namespace name 'FindsBy' could not be found (are you missing a using directive or an assembly reference?) [C:\Work\Starcounter\UniformDocs\test\UniformDocs.Tests\UniformDocs.Tests.csproj]
Ui\ToggleButtonPage.cs(13,18): error CS0246: The type or namespace name 'How' could not be found (are you missing a using directive or an assembly reference?) [C:\Work\Starcounter\UniformDocs\test\UniformDocs.Tests\UniformDocs.Tests.csproj]
Ui\ToggleButtonPage.cs(13,24): error CS0103: The name 'How' does not exist in the current context [C:\Work\Starcounter\UniformDocs\test\UniformDocs.Tests\UniformDocs.Tests.csproj]
Ui\ToggleButtonPage.cs(13,41): error CS0246: The type or namespace name 'Using' could not be found (are you missing a using directive or an assembly reference?) [C:\Work\Starcounter\UniformDocs\test\UniformDocs.Tests\UniformDocs.Tests.csproj]
Ui\ToggleButtonPage.cs(16,10): error CS0246: The type or namespace name 'FindsByAttribute' could not be found (are you missing a using directive or an assembly reference?) [C:\Work\Starcounter\UniformDocs\test\UniformDocs.Tests\UniformDocs.Tests.csproj]
Ui\ToggleButtonPage.cs(16,10): error CS0246: The type or namespace name 'FindsBy' could not be found (are you missing a using directive or an assembly reference?) [C:\Work\Starcounter\UniformDocs\test\UniformDocs.Tests\UniformDocs.Tests.csproj]
Ui\ToggleButtonPage.cs(16,18): error CS0246: The type or namespace name 'How' could not be found (are you missing a using directive or an assembly reference?) [C:\Work\Starcounter\UniformDocs\test\UniformDocs.Tests\UniformDocs.Tests.csproj]
Ui\ToggleButtonPage.cs(16,24): error CS0103: The name 'How' does not exist in the current context [C:\Work\Starcounter\UniformDocs\test\UniformDocs.Tests\UniformDocs.Tests.csproj]
Ui\ToggleButtonPage.cs(16,41): error CS0246: The type or namespace name 'Using' could not be found (are you missing a using directive or an assembly reference?) [C:\Work\Starcounter\UniformDocs\test\UniformDocs.Tests\UniformDocs.Tests.csproj]
